#
# There is insufficient memory for the Java Runtime Environment to continue.
# Native memory allocation (mmap) failed to map 232783872 bytes. Error detail: G1 virtual space
# Possible reasons:
#   The system is out of physical RAM or swap space
#   This process is running with CompressedOops enabled, and the Java Heap may be blocking the growth of the native heap
# Possible solutions:
#   Reduce memory load on the system
#   Increase physical memory or swap space
#   Check if swap backing store is full
#   Decrease Java heap size (-Xmx/-Xms)
#   Decrease number of Java threads
#   Decrease Java thread stack sizes (-Xss)
#   Set larger code cache with -XX:ReservedCodeCacheSize=
#   JVM is running with Zero Based Compressed Oops mode in which the Java heap is
#     placed in the first 32GB address space. The Java Heap base address is the
#     maximum limit for the native heap growth. Please use -XX:HeapBaseMinAddress
#     to set the Java Heap base and to place the Java Heap above 32GB virtual address.
# This output file may be truncated or incomplete.
#
#  Out of Memory Error (os_windows.cpp:3828), pid=27516, tid=23736
#
# JRE version:  (21.0.5+8) (build )
# Java VM: OpenJDK 64-Bit Server VM (21.0.5+8-b631.16, mixed mode, sharing, tiered, compressed oops, compressed class ptrs, g1 gc, windows-amd64)
# No core dump will be written. Minidumps are not enabled by default on client versions of Windows
#

---------------  S U M M A R Y ------------

Command Line: git4idea.http.GitAskPassApp Username for 'https://github.com': 

Host: AMD Ryzen 7 5800U with Radeon Graphics         , 16 cores, 13G,  Windows 11 , 64 bit Build 22621 (10.0.22621.5415)
Time: Fri Sep 12 10:19:47 2025 SE Asia Standard Time elapsed time: 0.048945 seconds (0d 0h 0m 0s)

---------------  T H R E A D  ---------------

Current thread (0x000001b521483250):  JavaThread "Unknown thread" [_thread_in_vm, id=23736, stack(0x0000003506600000,0x0000003506700000) (1024K)]

Stack: [0x0000003506600000,0x0000003506700000]
Native frames: (J=compiled Java code, j=interpreted, Vv=VM code, C=native code)
V  [jvm.dll+0x6e52b9]
V  [jvm.dll+0x8c3633]
V  [jvm.dll+0x8c5b8e]
V  [jvm.dll+0x8c6273]
V  [jvm.dll+0x288f46]
V  [jvm.dll+0x6e1a35]
V  [jvm.dll+0x6d5e3a]
V  [jvm.dll+0x3634bb]
V  [jvm.dll+0x36b086]
V  [jvm.dll+0x3bd346]
V  [jvm.dll+0x3bd618]
V  [jvm.dll+0x335c2c]
V  [jvm.dll+0x33691b]
V  [jvm.dll+0x88aa89]
V  [jvm.dll+0x3ca518]
V  [jvm.dll+0x873b98]
V  [jvm.dll+0x45eede]
V  [jvm.dll+0x460bc1]
C  [jli.dll+0x52ab]
C  [ucrtbase.dll+0x29333]
C  [KERNEL32.DLL+0x1259d]
C  [ntdll.dll+0x5af78]


---------------  P R O C E S S  ---------------

Threads class SMR info:
_java_thread_list=0x00007fff7ae2a148, length=0, elements={
}

Java Threads: ( => current thread )
Total: 0

Other Threads:
  0x000001b521462c90 WorkerThread "GC Thread#0"                     [id=27880, stack(0x0000003506700000,0x0000003506800000) (1024K)]
  0x000001b52386f320 ConcurrentGCThread "G1 Main Marker"            [id=20064, stack(0x0000003506800000,0x0000003506900000) (1024K)]
  0x000001b5214616d0 WorkerThread "G1 Conc#0"                       [id=9416, stack(0x0000003506900000,0x0000003506a00000) (1024K)]

[error occurred during error reporting (printing all threads), id 0xc0000005, EXCEPTION_ACCESS_VIOLATION (0xc0000005) at pc=0x00007fff7a518ce7]
VM state: not at safepoint (not fully initialized)

VM Mutex/Monitor currently owned by a thread:  ([mutex/lock_event])
[0x00007fff7ae9eb30] Heap_lock - owner thread: 0x000001b521483250

Heap address: 0x0000000722400000, size: 3548 MB, Compressed Oops mode: Zero based, Oop shift amount: 3

CDS archive(s) mapped at: [0x0000000000000000-0x0000000000000000-0x0000000000000000), size 0, SharedBaseAddress: 0x0000000800000000, ArchiveRelocationMode: 1.
Narrow klass base: 0x0000000000000000, Narrow klass shift: 0, Narrow klass range: 0x0

GC Precious Log:
 CardTable entry size: 512
 Card Set container configuration: InlinePtr #cards 4 size 8 Array Of Cards #cards 16 size 48 Howl #buckets 8 coarsen threshold 3686 Howl Bitmap #cards 512 size 80 coarsen threshold 460 Card regions per heap region 1 cards per card region 4096

Heap:
 garbage-first heap   total 0K, used 0K [0x0000000722400000, 0x0000000800000000)
  region size 2048K, 0 young (0K), 0 survivors (0K)
 Metaspace       used 0K, committed 0K, reserved 0K
  class space    used 0K, committed 0K, reserved 0K

Heap Regions: E=young(eden), S=young(survivor), O=old, HS=humongous(starts), HC=humongous(continues), CS=collection set, F=free, TAMS=top-at-mark-start, PB=parsable bottom

Card table byte_map: [0x000001b537720000,0x000001b537e10000] _byte_map_base: 0x000001b533e0e000

Marking Bits: (CMBitMap*) 0x000001b523860ad0
 Bits: [0x000001b537e10000, 0x000001b53b580000)

GC Heap History (0 events):
No events

Dll operation events (1 events):
Event: 0.038 Loaded shared library C:\Program Files\JetBrains\IntelliJ IDEA Community Edition 2024.3\jbr\bin\java.dll

Deoptimization events (0 events):
No events

Classes loaded (0 events):
No events

Classes unloaded (0 events):
No events

Classes redefined (0 events):
No events

Internal exceptions (0 events):
No events

ZGC Phase Switch (0 events):
No events

VM Operations (0 events):
No events

Memory protections (0 events):
No events

Nmethod flushes (0 events):
No events

Events (0 events):
No events


Dynamic libraries:
0x00007ff785450000 - 0x00007ff78545a000 	C:\Program Files\JetBrains\IntelliJ IDEA Community Edition 2024.3\jbr\bin\java.exe
0x00007fffc63b0000 - 0x00007fffc65c7000 	C:\Windows\SYSTEM32\ntdll.dll
0x00007fffc5010000 - 0x00007fffc50d4000 	C:\Windows\System32\KERNEL32.DLL
0x00007fffc39f0000 - 0x00007fffc3dc2000 	C:\Windows\System32\KERNELBASE.dll
0x00007fffc3640000 - 0x00007fffc3751000 	C:\Windows\System32\ucrtbase.dll
0x00007fffbd930000 - 0x00007fffbd94b000 	C:\Program Files\JetBrains\IntelliJ IDEA Community Edition 2024.3\jbr\bin\VCRUNTIME140.dll
0x00007fffa96d0000 - 0x00007fffa96e8000 	C:\Program Files\JetBrains\IntelliJ IDEA Community Edition 2024.3\jbr\bin\jli.dll
0x00007fffc52b0000 - 0x00007fffc5461000 	C:\Windows\System32\USER32.dll
0x00007fffc3520000 - 0x00007fffc3546000 	C:\Windows\System32\win32u.dll
0x00007fffc40b0000 - 0x00007fffc40d9000 	C:\Windows\System32\GDI32.dll
0x00007fffc3f10000 - 0x00007fffc4033000 	C:\Windows\System32\gdi32full.dll
0x00007fffc3950000 - 0x00007fffc39ea000 	C:\Windows\System32\msvcp_win.dll
0x00007fffa79c0000 - 0x00007fffa7c5b000 	C:\Windows\WinSxS\amd64_microsoft.windows.common-controls_6595b64144ccf1df_6.0.22621.5697_none_27154c497380d676\COMCTL32.dll
0x00007fffc40e0000 - 0x00007fffc4187000 	C:\Windows\System32\msvcrt.dll
0x00007fffc59d0000 - 0x00007fffc5a01000 	C:\Windows\System32\IMM32.DLL
0x00007fffc0160000 - 0x00007fffc016c000 	C:\Program Files\JetBrains\IntelliJ IDEA Community Edition 2024.3\jbr\bin\vcruntime140_1.dll
0x00007fffa2060000 - 0x00007fffa20ed000 	C:\Program Files\JetBrains\IntelliJ IDEA Community Edition 2024.3\jbr\bin\msvcp140.dll
0x00007fff7a1d0000 - 0x00007fff7af91000 	C:\Program Files\JetBrains\IntelliJ IDEA Community Edition 2024.3\jbr\bin\server\jvm.dll
0x00007fffc6060000 - 0x00007fffc6111000 	C:\Windows\System32\ADVAPI32.dll
0x00007fffc6120000 - 0x00007fffc61c8000 	C:\Windows\System32\sechost.dll
0x00007fffc3550000 - 0x00007fffc3578000 	C:\Windows\System32\bcrypt.dll
0x00007fffc5a50000 - 0x00007fffc5b67000 	C:\Windows\System32\RPCRT4.dll
0x00007fffc5c00000 - 0x00007fffc5c71000 	C:\Windows\System32\WS2_32.dll
0x00007fffc3370000 - 0x00007fffc33bd000 	C:\Windows\SYSTEM32\POWRPROF.dll
0x00007fffbd6a0000 - 0x00007fffbd6d4000 	C:\Windows\SYSTEM32\WINMM.dll
0x00007fffb90b0000 - 0x00007fffb90ba000 	C:\Windows\SYSTEM32\VERSION.dll
0x00007fffc3350000 - 0x00007fffc3363000 	C:\Windows\SYSTEM32\UMPDC.dll
0x00007fffc2440000 - 0x00007fffc2458000 	C:\Windows\SYSTEM32\kernel.appcore.dll
0x00007fffbd8f0000 - 0x00007fffbd8fa000 	C:\Program Files\JetBrains\IntelliJ IDEA Community Edition 2024.3\jbr\bin\jimage.dll
0x00007fffc0da0000 - 0x00007fffc0fd3000 	C:\Windows\SYSTEM32\DBGHELP.DLL
0x00007fffc5580000 - 0x00007fffc5912000 	C:\Windows\System32\combase.dll
0x00007fffc5de0000 - 0x00007fffc5eb8000 	C:\Windows\System32\OLEAUT32.dll
0x00007fffb4640000 - 0x00007fffb4672000 	C:\Windows\SYSTEM32\dbgcore.DLL
0x00007fffc34a0000 - 0x00007fffc351b000 	C:\Windows\System32\bcryptPrimitives.dll
0x00007fffbd8d0000 - 0x00007fffbd8f0000 	C:\Program Files\JetBrains\IntelliJ IDEA Community Edition 2024.3\jbr\bin\java.dll

dbghelp: loaded successfully - version: 4.0.5 - missing functions: none
symbol engine: initialized successfully - sym options: 0x614 - pdb path: .;C:\Program Files\JetBrains\IntelliJ IDEA Community Edition 2024.3\jbr\bin;C:\Windows\SYSTEM32;C:\Windows\WinSxS\amd64_microsoft.windows.common-controls_6595b64144ccf1df_6.0.22621.5697_none_27154c497380d676;C:\Program Files\JetBrains\IntelliJ IDEA Community Edition 2024.3\jbr\bin\server

VM Arguments:
java_command: git4idea.http.GitAskPassApp Username for 'https://github.com': 
java_class_path (initial): C:/Program Files/JetBrains/IntelliJ IDEA Community Edition 2024.3/plugins/vcs-git/lib/git4idea-rt.jar;C:/Program Files/JetBrains/IntelliJ IDEA Community Edition 2024.3/lib/externalProcess-rt.jar
Launcher Type: SUN_STANDARD

[Global flags]
     intx CICompilerCount                          = 12                                        {product} {ergonomic}
     uint ConcGCThreads                            = 3                                         {product} {ergonomic}
     uint G1ConcRefinementThreads                  = 13                                        {product} {ergonomic}
   size_t G1HeapRegionSize                         = 2097152                                   {product} {ergonomic}
    uintx GCDrainStackTargetSize                   = 64                                        {product} {ergonomic}
   size_t InitialHeapSize                          = 232783872                                 {product} {ergonomic}
   size_t MarkStackSize                            = 4194304                                   {product} {ergonomic}
   size_t MaxHeapSize                              = 3720347648                                {product} {ergonomic}
   size_t MinHeapDeltaBytes                        = 2097152                                   {product} {ergonomic}
   size_t MinHeapSize                              = 8388608                                   {product} {ergonomic}
    uintx NonNMethodCodeHeapSize                   = 7602480                                {pd product} {ergonomic}
    uintx NonProfiledCodeHeapSize                  = 122027880                              {pd product} {ergonomic}
    uintx ProfiledCodeHeapSize                     = 122027880                              {pd product} {ergonomic}
    uintx ReservedCodeCacheSize                    = 251658240                              {pd product} {ergonomic}
     bool SegmentedCodeCache                       = true                                      {product} {ergonomic}
   size_t SoftMaxHeapSize                          = 3720347648                             {manageable} {ergonomic}
     bool UseCompressedOops                        = true                           {product lp64_product} {ergonomic}
     bool UseG1GC                                  = true                                      {product} {ergonomic}
     bool UseLargePagesIndividualAllocation        = false                                  {pd product} {ergonomic}

Logging:
Log output configuration:
 #0: stdout all=warning uptime,level,tags foldmultilines=false
 #1: stderr all=off uptime,level,tags foldmultilines=false

Environment Variables:
JAVA_HOME=C:\Program Files\Java\jdk-17
PATH=C:\Program Files\Git\mingw64\libexec\git-core;C:\Program Files\Git\mingw64\libexec\git-core;C:\Program Files\Git\mingw64\bin;C:\Program Files\Git\usr\bin;C:\Users\Win\bin;C:\Program Files\Common Files\Oracle\Java\javapath;C:\Windows\system32;C:\Windows;C:\Windows\System32\Wbem;C:\Windows\System32\WindowsPowerShell\v1.0;C:\Windows\System32\OpenSSH;C:\Program Files (x86)\Microsoft SQL Server\160\Tools\Binn;C:\Program Files\Microsoft SQL Server\160\Tools\Binn;C:\Program Files\Microsoft SQL Server\Client SDK\ODBC\170\Tools\Binn;C:\Program Files\Microsoft SQL Server\160\DTS\Binn;C:\Program Files (x86)\Microsoft SQL Server\160\DTS\Binn;C:\Program Files\starship\bin;C:\xampp\php;C:\Users\Win\AppData\Local\Packages\PythonSoftwareFoundation.Python.3.12_qbz5n2kfra8p0\LocalCache\local-packages\Python312\Scripts;C:\ProgramData\ComposerSetup\bin;C:\Program Files\Git\cmd;C:\Users\Win\AppData\Local\Packages\PythonSoftwareFoundation.Python.3.12_qbz5n2kfra8p0\LocalCache\local-packages\Python312\site-packages\cmake;C:\spring-3.4.3\bin;C:\Program Files\dotnet;C:\Program Files\OpenSSL-Win64\bin;C:\Program Files (x86)\cloudflared;C:\Users\Win\AppData\Roaming\nvm;C:\Program Files\nodejs;C:\Users\Win\AppData\Local\Android\Sdk\cmdline-tools\latest\bin;C:\Users\Win\AppData\Local\Android\Sdk\platform-tools;C:\Users\Win\AppData\Local\Android\Sdk\emulator;C:\Users\Win\AppData\Local\Android\Sdk\tools\bin;C:\Program Files\Docker\Docker\resources\bin;C:\Program Files\Java\jdk-17\bin;C:\Users\Win\AppData\Local\Pub\Cache\bin;C:\Users\Win\AppData\Local\pnpm;C:\Users\Win\AppData\Local\Microsoft\WindowsApps;C:\Users\Win\AppData\Local\Programs\Microsoft VS Code\bin;C:\Program Files\Azure Data Studio\bin;C:\ProgramData\chocolatey\bin;C:\Tools\neovim\nvim-win64\bin;C:\Users\Win\AppData\Roaming\npm;C:\Users\Win\AppData\Roaming\Composer\vendor\bin;C:\Tools\mysql\current\bin;C:\Users\Win\.dotnet\tools;C:\Program Files\Java\jdk-17\bin;C:\Program Files\OpenSSL-Win64\bin;C:\Program Files\Java\jdk-17;C:\Program Files\JetBrains\IntelliJ IDEA Community Edition 2024.3\bin;C:\Users\Win\AppData\Roaming\nvm;C:\Program Files\nodejs;C:\flutter\bin;C:\Users\Win\AppData\Local\Android\Sdk\platform-tools;C:\Users\Win\AppData\Local\Android\Sdk\emulator;C:\Users\Win\AppData\Local\Android\Sdk\cmdline-tools\latest\bin;C:\Users\Win\AppData\Local\Android\Sdk\tools\bin
USERNAME=Win
DISPLAY=:0.0
LC_ALL=en_US.UTF-8
TERM=xterm-256color
TMPDIR=C:\Users\Win\AppData\Local\Temp
OS=Windows_NT
PROCESSOR_IDENTIFIER=AMD64 Family 25 Model 80 Stepping 0, AuthenticAMD
TMP=C:\Users\Win\AppData\Local\Temp
TEMP=C:\Users\Win\AppData\Local\Temp




Periodic native trim disabled

JNI global refs:
JNI global refs: 0, weak refs: 0

JNI global refs memory usage: 0, weak refs: 0

Process memory usage:
Resident Set Size: 11900K (0% of 14528572K total physical memory with 1073964K free physical memory)

OOME stack traces (most recent first):
Classloader memory used:

---------------  S Y S T E M  ---------------

OS:
 Windows 11 , 64 bit Build 22621 (10.0.22621.5415)
OS uptime: 9 days 23:23 hours
Hyper-V role detected

CPU: total 16 (initial active 16) (16 cores per cpu, 2 threads per core) family 25 model 80 stepping 0 microcode 0x0, cx8, cmov, fxsr, ht, mmx, 3dnowpref, sse, sse2, sse3, ssse3, sse4a, sse4.1, sse4.2, popcnt, lzcnt, tsc, tscinvbit, avx, avx2, aes, erms, clmul, bmi1, bmi2, adx, sha, fma, vzeroupper, clflush, clflushopt, hv, rdtscp, rdpid, fsrm, f16c, cet_ss
Processor Information for all 16 processors :
  Max Mhz: 1901, Current Mhz: 1901, Mhz Limit: 1901

Memory: 4k page, system-wide physical 14188M (1048M free)
TotalPageFile size 49526M (AvailPageFile size 205M)
current process WorkingSet (physical memory assigned to process): 11M, peak: 11M
current process commit charge ("private bytes"): 70M, peak: 292M

vm_info: OpenJDK 64-Bit Server VM (21.0.5+8-b631.16) for windows-amd64 JRE (21.0.5+8-b631.16), built on 2024-11-02 by "builduser" with MS VC++ 16.10 / 16.11 (VS2019)

END.
