#
# There is insufficient memory for the Java Runtime Environment to continue.
# Native memory allocation (malloc) failed to allocate 479056 bytes for Chunk::new
# Possible reasons:
#   The system is out of physical RAM or swap space
#   The process is running with CompressedOops enabled, and the Java Heap may be blocking the growth of the native heap
# Possible solutions:
#   Reduce memory load on the system
#   Increase physical memory or swap space
#   Check if swap backing store is full
#   Decrease Java heap size (-Xmx/-Xms)
#   Decrease number of Java threads
#   Decrease Java thread stack sizes (-Xss)
#   Set larger code cache with -XX:ReservedCodeCacheSize=
#   JVM is running with Unscaled Compressed Oops mode in which the Java heap is
#     placed in the first 4GB address space. The Java Heap base address is the
#     maximum limit for the native heap growth. Please use -XX:HeapBaseMinAddress
#     to set the Java Heap base and to place the Java Heap above 4GB virtual address.
# This output file may be truncated or incomplete.
#
#  Out of Memory Error (arena.cpp:189), pid=3244, tid=23780
#
# JRE version: Java(TM) SE Runtime Environment (17.0.14+8) (build 17.0.14+8-LTS-191)
# Java VM: Java HotSpot(TM) 64-Bit Server VM (17.0.14+8-LTS-191, mixed mode, sharing, tiered, compressed oops, compressed class ptrs, g1 gc, windows-amd64)
# No core dump will be written. Minidumps are not enabled by default on client versions of Windows
#

---------------  S U M M A R Y ------------

Command Line: -Xmx64m -Xms64m -Dorg.gradle.appname=gradlew F:\sope-ecommerce\sope-ecommerce-backend\\gradle\wrapper\gradle-wrapper.jar bootRun

Host: AMD Ryzen 7 5800U with Radeon Graphics         , 16 cores, 13G,  Windows 11 , 64 bit Build 22621 (10.0.22621.5415)
Time: Tue Sep 23 10:46:14 2025 SE Asia Standard Time elapsed time: 0.351230 seconds (0d 0h 0m 0s)

---------------  T H R E A D  ---------------

Current thread (0x0000026b5c397820):  JavaThread "C2 CompilerThread3" daemon [_thread_in_native, id=23780, stack(0x0000009221100000,0x0000009221200000)]


Current CompileTask:
C2:    351  787 %     4       java.util.zip.ZipFile$Source::initCEN @ 240 (591 bytes)

Stack: [0x0000009221100000,0x0000009221200000]
Native frames: (J=compiled Java code, j=interpreted, Vv=VM code, C=native code)
V  [jvm.dll+0x67a38a]
V  [jvm.dll+0x7da7ed]
V  [jvm.dll+0x7dc133]
V  [jvm.dll+0x7dc7a3]
V  [jvm.dll+0x24517f]
V  [jvm.dll+0xab773]
V  [jvm.dll+0xabd3c]
V  [jvm.dll+0x361dff]
V  [jvm.dll+0x1ba47a]
V  [jvm.dll+0x216a97]
V  [jvm.dll+0x215d6f]
V  [jvm.dll+0x1a2950]
V  [jvm.dll+0x22620b]
V  [jvm.dll+0x2243ab]
V  [jvm.dll+0x790bbc]
V  [jvm.dll+0x78b04a]
V  [jvm.dll+0x679275]
C  [ucrtbase.dll+0x29333]
C  [KERNEL32.DLL+0x1259d]
C  [ntdll.dll+0x5af78]


---------------  P R O C E S S  ---------------

Threads class SMR info:
_java_thread_list=0x0000026b5c2fea10, length=16, elements={
0x0000026b7caf5840, 0x0000026b7cbb66f0, 0x0000026b7cbb7480, 0x0000026b16da8500,
0x0000026b16da9fe0, 0x0000026b16dac8c0, 0x0000026b16dad190, 0x0000026b16db92a0,
0x0000026b16dbbc70, 0x0000026b16dcad80, 0x0000026b16d9cab0, 0x0000026b5c0ed180,
0x0000026b5c0ee6c0, 0x0000026b5c2dec40, 0x0000026b5c3e15e0, 0x0000026b5c397820
}

Java Threads: ( => current thread )
  0x0000026b7caf5840 JavaThread "main" [_thread_in_vm, id=24212, stack(0x000000921f800000,0x000000921f900000)]
  0x0000026b7cbb66f0 JavaThread "Reference Handler" daemon [_thread_blocked, id=26864, stack(0x000000921ff00000,0x0000009220000000)]
  0x0000026b7cbb7480 JavaThread "Finalizer" daemon [_thread_blocked, id=21324, stack(0x0000009220000000,0x0000009220100000)]
  0x0000026b16da8500 JavaThread "Signal Dispatcher" daemon [_thread_blocked, id=19908, stack(0x0000009220100000,0x0000009220200000)]
  0x0000026b16da9fe0 JavaThread "Attach Listener" daemon [_thread_blocked, id=2876, stack(0x0000009220200000,0x0000009220300000)]
  0x0000026b16dac8c0 JavaThread "Service Thread" daemon [_thread_blocked, id=25780, stack(0x0000009220300000,0x0000009220400000)]
  0x0000026b16dad190 JavaThread "Monitor Deflation Thread" daemon [_thread_blocked, id=18364, stack(0x0000009220400000,0x0000009220500000)]
  0x0000026b16db92a0 JavaThread "C2 CompilerThread0" daemon [_thread_in_native, id=2360, stack(0x0000009220500000,0x0000009220600000)]
  0x0000026b16dbbc70 JavaThread "C1 CompilerThread0" daemon [_thread_in_vm, id=27140, stack(0x0000009220600000,0x0000009220700000)]
  0x0000026b16dcad80 JavaThread "Sweeper thread" daemon [_thread_blocked, id=7824, stack(0x0000009220700000,0x0000009220800000)]
  0x0000026b16d9cab0 JavaThread "C1 CompilerThread1" daemon [_thread_blocked, id=18108, stack(0x0000009220800000,0x0000009220900000)]
  0x0000026b5c0ed180 JavaThread "Notification Thread" daemon [_thread_blocked, id=24348, stack(0x0000009220900000,0x0000009220a00000)]
  0x0000026b5c0ee6c0 JavaThread "Common-Cleaner" daemon [_thread_blocked, id=13248, stack(0x0000009220b00000,0x0000009220c00000)]
  0x0000026b5c2dec40 JavaThread "C2 CompilerThread1" daemon [_thread_in_native, id=22360, stack(0x0000009220c00000,0x0000009220d00000)]
  0x0000026b5c3e15e0 JavaThread "C2 CompilerThread2" daemon [_thread_in_native, id=5516, stack(0x0000009220d00000,0x0000009220e00000)]
=>0x0000026b5c397820 JavaThread "C2 CompilerThread3" daemon [_thread_in_native, id=23780, stack(0x0000009221100000,0x0000009221200000)]

Other Threads:
  0x0000026b7cbb0cd0 VMThread "VM Thread" [stack: 0x000000921fe00000,0x000000921ff00000] [id=18828]
  0x0000026b5c0edc70 WatcherThread [stack: 0x0000009220a00000,0x0000009220b00000] [id=25808]
  0x0000026b7cb170e0 GCTaskThread "GC Thread#0" [stack: 0x000000921f900000,0x000000921fa00000] [id=5928]
  0x0000026b5c658100 GCTaskThread "GC Thread#1" [stack: 0x0000009220e00000,0x0000009220f00000] [id=27260]
  0x0000026b5c56b2a0 GCTaskThread "GC Thread#2" [stack: 0x0000009220f00000,0x0000009221000000] [id=11928]
  0x0000026b5c671d00 GCTaskThread "GC Thread#3" [stack: 0x0000009221000000,0x0000009221100000] [id=2020]
  0x0000026b7cb1b770 ConcurrentGCThread "G1 Main Marker" [stack: 0x000000921fa00000,0x000000921fb00000] [id=17064]
  0x0000026b7cb1c090 ConcurrentGCThread "G1 Conc#0" [stack: 0x000000921fb00000,0x000000921fc00000] [id=21160]
  0x0000026b7cb91aa0 ConcurrentGCThread "G1 Refine#0" [stack: 0x000000921fc00000,0x000000921fd00000] [id=8824]
  0x0000026b7cb923e0 ConcurrentGCThread "G1 Service" [stack: 0x000000921fd00000,0x000000921fe00000] [id=16192]

Threads with active compile tasks:
C2 CompilerThread0      373  853       4       java.util.jar.JarFile::getEntry (35 bytes)
C2 CompilerThread1      373  873  s!   4       jdk.internal.loader.URLClassPath::getLoader (194 bytes)
C2 CompilerThread2      373  874   !   4       jdk.internal.loader.URLClassPath$JarLoader::getResource (65 bytes)
C2 CompilerThread3      373  787 %     4       java.util.zip.ZipFile$Source::initCEN @ 240 (591 bytes)

VM state: not at safepoint (normal execution)

VM Mutex/Monitor currently owned by a thread: None

Heap address: 0x00000000fc000000, size: 64 MB, Compressed Oops mode: 32-bit

CDS archive(s) mapped at: [0x0000026b17000000-0x0000026b17bd0000-0x0000026b17bd0000), size 12386304, SharedBaseAddress: 0x0000026b17000000, ArchiveRelocationMode: 1.
Compressed class space mapped at: 0x0000026b18000000-0x0000026b58000000, reserved size: 1073741824
Narrow klass base: 0x0000026b17000000, Narrow klass shift: 0, Narrow klass range: 0x100000000

GC Precious Log:
 CPUs: 16 total, 16 available
 Memory: 14188M
 Large Page Support: Disabled
 NUMA Support: Disabled
 Compressed Oops: Enabled (32-bit)
 Heap Region Size: 1M
 Heap Min Capacity: 64M
 Heap Initial Capacity: 64M
 Heap Max Capacity: 64M
 Pre-touch: Disabled
 Parallel Workers: 13
 Concurrent Workers: 3
 Concurrent Refinement Workers: 13
 Periodic GC: Disabled

Heap:
 garbage-first heap   total 65536K, used 15168K [0x00000000fc000000, 0x0000000100000000)
  region size 1024K, 13 young (13312K), 2 survivors (2048K)
 Metaspace       used 2585K, committed 2816K, reserved 1114112K
  class space    used 266K, committed 384K, reserved 1048576K

Heap Regions: E=young(eden), S=young(survivor), O=old, HS=humongous(starts), HC=humongous(continues), CS=collection set, F=free, OA=open archive, CA=closed archive, TAMS=top-at-mark-start (previous, next)
|   0|0x00000000fc000000, 0x00000000fc100000, 0x00000000fc100000|100%|HS|  |TAMS 0x00000000fc000000, 0x00000000fc000000| Complete 
|   1|0x00000000fc100000, 0x00000000fc200000, 0x00000000fc200000|100%|HC|  |TAMS 0x00000000fc100000, 0x00000000fc100000| Complete 
|   2|0x00000000fc200000, 0x00000000fc300000, 0x00000000fc300000|100%|HC|  |TAMS 0x00000000fc200000, 0x00000000fc200000| Complete 
|   3|0x00000000fc300000, 0x00000000fc300000, 0x00000000fc400000|  0%| F|  |TAMS 0x00000000fc300000, 0x00000000fc300000| Untracked 
|   4|0x00000000fc400000, 0x00000000fc400000, 0x00000000fc500000|  0%| F|  |TAMS 0x00000000fc400000, 0x00000000fc400000| Untracked 
|   5|0x00000000fc500000, 0x00000000fc500000, 0x00000000fc600000|  0%| F|  |TAMS 0x00000000fc500000, 0x00000000fc500000| Untracked 
|   6|0x00000000fc600000, 0x00000000fc600000, 0x00000000fc700000|  0%| F|  |TAMS 0x00000000fc600000, 0x00000000fc600000| Untracked 
|   7|0x00000000fc700000, 0x00000000fc700000, 0x00000000fc800000|  0%| F|  |TAMS 0x00000000fc700000, 0x00000000fc700000| Untracked 
|   8|0x00000000fc800000, 0x00000000fc800000, 0x00000000fc900000|  0%| F|  |TAMS 0x00000000fc800000, 0x00000000fc800000| Untracked 
|   9|0x00000000fc900000, 0x00000000fc900000, 0x00000000fca00000|  0%| F|  |TAMS 0x00000000fc900000, 0x00000000fc900000| Untracked 
|  10|0x00000000fca00000, 0x00000000fca00000, 0x00000000fcb00000|  0%| F|  |TAMS 0x00000000fca00000, 0x00000000fca00000| Untracked 
|  11|0x00000000fcb00000, 0x00000000fcb00000, 0x00000000fcc00000|  0%| F|  |TAMS 0x00000000fcb00000, 0x00000000fcb00000| Untracked 
|  12|0x00000000fcc00000, 0x00000000fcc00000, 0x00000000fcd00000|  0%| F|  |TAMS 0x00000000fcc00000, 0x00000000fcc00000| Untracked 
|  13|0x00000000fcd00000, 0x00000000fcd00000, 0x00000000fce00000|  0%| F|  |TAMS 0x00000000fcd00000, 0x00000000fcd00000| Untracked 
|  14|0x00000000fce00000, 0x00000000fce00000, 0x00000000fcf00000|  0%| F|  |TAMS 0x00000000fce00000, 0x00000000fce00000| Untracked 
|  15|0x00000000fcf00000, 0x00000000fcf00000, 0x00000000fd000000|  0%| F|  |TAMS 0x00000000fcf00000, 0x00000000fcf00000| Untracked 
|  16|0x00000000fd000000, 0x00000000fd000000, 0x00000000fd100000|  0%| F|  |TAMS 0x00000000fd000000, 0x00000000fd000000| Untracked 
|  17|0x00000000fd100000, 0x00000000fd100000, 0x00000000fd200000|  0%| F|  |TAMS 0x00000000fd100000, 0x00000000fd100000| Untracked 
|  18|0x00000000fd200000, 0x00000000fd200000, 0x00000000fd300000|  0%| F|  |TAMS 0x00000000fd200000, 0x00000000fd200000| Untracked 
|  19|0x00000000fd300000, 0x00000000fd300000, 0x00000000fd400000|  0%| F|  |TAMS 0x00000000fd300000, 0x00000000fd300000| Untracked 
|  20|0x00000000fd400000, 0x00000000fd400000, 0x00000000fd500000|  0%| F|  |TAMS 0x00000000fd400000, 0x00000000fd400000| Untracked 
|  21|0x00000000fd500000, 0x00000000fd500000, 0x00000000fd600000|  0%| F|  |TAMS 0x00000000fd500000, 0x00000000fd500000| Untracked 
|  22|0x00000000fd600000, 0x00000000fd600000, 0x00000000fd700000|  0%| F|  |TAMS 0x00000000fd600000, 0x00000000fd600000| Untracked 
|  23|0x00000000fd700000, 0x00000000fd700000, 0x00000000fd800000|  0%| F|  |TAMS 0x00000000fd700000, 0x00000000fd700000| Untracked 
|  24|0x00000000fd800000, 0x00000000fd800000, 0x00000000fd900000|  0%| F|  |TAMS 0x00000000fd800000, 0x00000000fd800000| Untracked 
|  25|0x00000000fd900000, 0x00000000fd900000, 0x00000000fda00000|  0%| F|  |TAMS 0x00000000fd900000, 0x00000000fd900000| Untracked 
|  26|0x00000000fda00000, 0x00000000fda00000, 0x00000000fdb00000|  0%| F|  |TAMS 0x00000000fda00000, 0x00000000fda00000| Untracked 
|  27|0x00000000fdb00000, 0x00000000fdb00000, 0x00000000fdc00000|  0%| F|  |TAMS 0x00000000fdb00000, 0x00000000fdb00000| Untracked 
|  28|0x00000000fdc00000, 0x00000000fdc00000, 0x00000000fdd00000|  0%| F|  |TAMS 0x00000000fdc00000, 0x00000000fdc00000| Untracked 
|  29|0x00000000fdd00000, 0x00000000fdd00000, 0x00000000fde00000|  0%| F|  |TAMS 0x00000000fdd00000, 0x00000000fdd00000| Untracked 
|  30|0x00000000fde00000, 0x00000000fde00000, 0x00000000fdf00000|  0%| F|  |TAMS 0x00000000fde00000, 0x00000000fde00000| Untracked 
|  31|0x00000000fdf00000, 0x00000000fdf00000, 0x00000000fe000000|  0%| F|  |TAMS 0x00000000fdf00000, 0x00000000fdf00000| Untracked 
|  32|0x00000000fe000000, 0x00000000fe000000, 0x00000000fe100000|  0%| F|  |TAMS 0x00000000fe000000, 0x00000000fe000000| Untracked 
|  33|0x00000000fe100000, 0x00000000fe100000, 0x00000000fe200000|  0%| F|  |TAMS 0x00000000fe100000, 0x00000000fe100000| Untracked 
|  34|0x00000000fe200000, 0x00000000fe200000, 0x00000000fe300000|  0%| F|  |TAMS 0x00000000fe200000, 0x00000000fe200000| Untracked 
|  35|0x00000000fe300000, 0x00000000fe300000, 0x00000000fe400000|  0%| F|  |TAMS 0x00000000fe300000, 0x00000000fe300000| Untracked 
|  36|0x00000000fe400000, 0x00000000fe400000, 0x00000000fe500000|  0%| F|  |TAMS 0x00000000fe400000, 0x00000000fe400000| Untracked 
|  37|0x00000000fe500000, 0x00000000fe500000, 0x00000000fe600000|  0%| F|  |TAMS 0x00000000fe500000, 0x00000000fe500000| Untracked 
|  38|0x00000000fe600000, 0x00000000fe600000, 0x00000000fe700000|  0%| F|  |TAMS 0x00000000fe600000, 0x00000000fe600000| Untracked 
|  39|0x00000000fe700000, 0x00000000fe7d0000, 0x00000000fe800000| 81%| S|CS|TAMS 0x00000000fe700000, 0x00000000fe700000| Complete 
|  40|0x00000000fe800000, 0x00000000fe900000, 0x00000000fe900000|100%| S|CS|TAMS 0x00000000fe800000, 0x00000000fe800000| Complete 
|  41|0x00000000fe900000, 0x00000000fe900000, 0x00000000fea00000|  0%| F|  |TAMS 0x00000000fe900000, 0x00000000fe900000| Untracked 
|  42|0x00000000fea00000, 0x00000000fea00000, 0x00000000feb00000|  0%| F|  |TAMS 0x00000000fea00000, 0x00000000fea00000| Untracked 
|  43|0x00000000feb00000, 0x00000000feb00000, 0x00000000fec00000|  0%| F|  |TAMS 0x00000000feb00000, 0x00000000feb00000| Untracked 
|  44|0x00000000fec00000, 0x00000000fec00000, 0x00000000fed00000|  0%| F|  |TAMS 0x00000000fec00000, 0x00000000fec00000| Untracked 
|  45|0x00000000fed00000, 0x00000000fed00000, 0x00000000fee00000|  0%| F|  |TAMS 0x00000000fed00000, 0x00000000fed00000| Untracked 
|  46|0x00000000fee00000, 0x00000000fee00000, 0x00000000fef00000|  0%| F|  |TAMS 0x00000000fee00000, 0x00000000fee00000| Untracked 
|  47|0x00000000fef00000, 0x00000000fef00000, 0x00000000ff000000|  0%| F|  |TAMS 0x00000000fef00000, 0x00000000fef00000| Untracked 
|  48|0x00000000ff000000, 0x00000000ff000000, 0x00000000ff100000|  0%| F|  |TAMS 0x00000000ff000000, 0x00000000ff000000| Untracked 
|  49|0x00000000ff100000, 0x00000000ff100000, 0x00000000ff200000|  0%| F|  |TAMS 0x00000000ff100000, 0x00000000ff100000| Untracked 
|  50|0x00000000ff200000, 0x00000000ff200000, 0x00000000ff300000|  0%| F|  |TAMS 0x00000000ff200000, 0x00000000ff200000| Untracked 
|  51|0x00000000ff300000, 0x00000000ff300000, 0x00000000ff400000|  0%| F|  |TAMS 0x00000000ff300000, 0x00000000ff300000| Untracked 
|  52|0x00000000ff400000, 0x00000000ff400000, 0x00000000ff500000|  0%| F|  |TAMS 0x00000000ff400000, 0x00000000ff400000| Untracked 
|  53|0x00000000ff500000, 0x00000000ff600000, 0x00000000ff600000|100%| E|  |TAMS 0x00000000ff500000, 0x00000000ff500000| Complete 
|  54|0x00000000ff600000, 0x00000000ff700000, 0x00000000ff700000|100%| E|CS|TAMS 0x00000000ff600000, 0x00000000ff600000| Complete 
|  55|0x00000000ff700000, 0x00000000ff800000, 0x00000000ff800000|100%| E|CS|TAMS 0x00000000ff700000, 0x00000000ff700000| Complete 
|  56|0x00000000ff800000, 0x00000000ff900000, 0x00000000ff900000|100%| E|CS|TAMS 0x00000000ff800000, 0x00000000ff800000| Complete 
|  57|0x00000000ff900000, 0x00000000ffa00000, 0x00000000ffa00000|100%| E|CS|TAMS 0x00000000ff900000, 0x00000000ff900000| Complete 
|  58|0x00000000ffa00000, 0x00000000ffb00000, 0x00000000ffb00000|100%| E|CS|TAMS 0x00000000ffa00000, 0x00000000ffa00000| Complete 
|  59|0x00000000ffb00000, 0x00000000ffc00000, 0x00000000ffc00000|100%| E|CS|TAMS 0x00000000ffb00000, 0x00000000ffb00000| Complete 
|  60|0x00000000ffc00000, 0x00000000ffd00000, 0x00000000ffd00000|100%| E|CS|TAMS 0x00000000ffc00000, 0x00000000ffc00000| Complete 
|  61|0x00000000ffd00000, 0x00000000ffe00000, 0x00000000ffe00000|100%| E|CS|TAMS 0x00000000ffd00000, 0x00000000ffd00000| Complete 
|  62|0x00000000ffe00000, 0x00000000fff00000, 0x00000000fff00000|100%| E|CS|TAMS 0x00000000ffe00000, 0x00000000ffe00000| Complete 
|  63|0x00000000fff00000, 0x0000000100000000, 0x0000000100000000|100%| E|CS|TAMS 0x00000000fff00000, 0x00000000fff00000| Complete 

Card table byte_map: [0x0000026b7ca50000,0x0000026b7ca70000] _byte_map_base: 0x0000026b7c270000

Marking Bits (Prev, Next): (CMBitMap*) 0x0000026b7cb18620, (CMBitMap*) 0x0000026b7cb18660
 Prev Bits: [0x0000026b7d450000, 0x0000026b7d550000)
 Next Bits: [0x0000026b7d550000, 0x0000026b7d650000)

Polling page: 0x0000026b7c2c0000

Metaspace:

Usage:
  Non-class:      2.29 MB used.
      Class:    269.41 KB used.
       Both:      2.55 MB used.

Virtual space:
  Non-class space:       64.00 MB reserved,       2.44 MB (  4%) committed,  1 nodes.
      Class space:        1.00 GB reserved,     384.00 KB ( <1%) committed,  1 nodes.
             Both:        1.06 GB reserved,       2.81 MB ( <1%) committed. 

Chunk freelists:
   Non-Class:  11.42 MB
       Class:  15.61 MB
        Both:  27.03 MB

MaxMetaspaceSize: unlimited
CompressedClassSpaceSize: 1.00 GB
Initial GC threshold: 21.00 MB
Current GC threshold: 21.00 MB
CDS: on
MetaspaceReclaimPolicy: balanced
 - commit_granule_bytes: 65536.
 - commit_granule_words: 8192.
 - virtual_space_node_default_size: 8388608.
 - enlarge_chunks_in_place: 1.
 - new_chunks_are_fully_committed: 0.
 - uncommit_free_chunks: 1.
 - use_allocation_guard: 0.
 - handle_deallocations: 1.


Internal statistics:

num_allocs_failed_limit: 0.
num_arena_births: 14.
num_arena_deaths: 0.
num_vsnodes_births: 2.
num_vsnodes_deaths: 0.
num_space_committed: 45.
num_space_uncommitted: 0.
num_chunks_returned_to_freelist: 0.
num_chunks_taken_from_freelist: 60.
num_chunk_merges: 0.
num_chunk_splits: 38.
num_chunks_enlarged: 31.
num_inconsistent_stats: 0.

CodeHeap 'non-profiled nmethods': size=119168Kb used=374Kb max_used=374Kb free=118793Kb
 bounds [0x0000026b0f3b0000, 0x0000026b0f620000, 0x0000026b16810000]
CodeHeap 'profiled nmethods': size=119104Kb used=1685Kb max_used=1685Kb free=117418Kb
 bounds [0x0000026b07810000, 0x0000026b07a80000, 0x0000026b0ec60000]
CodeHeap 'non-nmethods': size=7488Kb used=1686Kb max_used=1721Kb free=5801Kb
 bounds [0x0000026b0ec60000, 0x0000026b0eed0000, 0x0000026b0f3b0000]
 total_blobs=1303 nmethods=898 adapters=317
 compilation: enabled
              stopped_count=0, restarted_count=0
 full_count=0

Compilation events (20 events):
Event: 0.341 Thread 0x0000026b16dbbc70 nmethod 856 0x0000026b07998610 code [0x0000026b079988a0, 0x0000026b07999348]
Event: 0.344 Thread 0x0000026b16dbbc70  857       3       jdk.internal.org.objectweb.asm.SymbolTable$Entry::<init> (17 bytes)
Event: 0.344 Thread 0x0000026b16d9cab0  858       3       jdk.internal.org.objectweb.asm.SymbolTable::addConstantUtf8 (98 bytes)
Event: 0.344 Thread 0x0000026b16dbbc70 nmethod 857 0x0000026b07999710 code [0x0000026b079998c0, 0x0000026b07999a48]
Event: 0.344 Thread 0x0000026b16dbbc70  859       3       jdk.internal.org.objectweb.asm.ByteVector::putByte (39 bytes)
Event: 0.344 Thread 0x0000026b16dbbc70 nmethod 859 0x0000026b07999b10 code [0x0000026b07999cc0, 0x0000026b07999ea8]
Event: 0.344 Thread 0x0000026b16d9cab0 nmethod 858 0x0000026b0799a010 code [0x0000026b0799a240, 0x0000026b0799a838]
Event: 0.346 Thread 0x0000026b16d9cab0  861       3       java.lang.invoke.MemberName::testAllFlags (7 bytes)
Event: 0.347 Thread 0x0000026b16dbbc70  862       1       java.lang.invoke.MethodHandle::type (5 bytes)
Event: 0.347 Thread 0x0000026b16d9cab0 nmethod 861 0x0000026b0799ab90 code [0x0000026b0799ad20, 0x0000026b0799aef8]
Event: 0.347 Thread 0x0000026b16dbbc70 nmethod 862 0x0000026b0f405490 code [0x0000026b0f405620, 0x0000026b0f4056f8]
Event: 0.347 Thread 0x0000026b16dbbc70  863       3       java.util.HashSet::size (8 bytes)
Event: 0.347 Thread 0x0000026b16dbbc70 nmethod 863 0x0000026b0799af90 code [0x0000026b0799b120, 0x0000026b0799b2d8]
Event: 0.348 Thread 0x0000026b16dbbc70  864       1       java.lang.module.ModuleDescriptor::packages (5 bytes)
Event: 0.348 Thread 0x0000026b16dbbc70 nmethod 864 0x0000026b0f405790 code [0x0000026b0f405920, 0x0000026b0f4059f8]
Event: 0.348 Thread 0x0000026b16d9cab0  865       3       java.lang.invoke.MemberName::initResolved (53 bytes)
Event: 0.348 Thread 0x0000026b16dbbc70  866       1       java.lang.invoke.MethodHandles$Lookup::lookupClass (5 bytes)
Event: 0.348 Thread 0x0000026b16d9cab0 nmethod 865 0x0000026b0799b390 code [0x0000026b0799b520, 0x0000026b0799b6d8]
Event: 0.349 Thread 0x0000026b16dbbc70 nmethod 866 0x0000026b0f405a90 code [0x0000026b0f405c20, 0x0000026b0f405cf8]
Event: 0.350 Thread 0x0000026b16d9cab0  867   !   3       java.lang.invoke.MemberName::getMethodType (211 bytes)

GC Heap History (2 events):
Event: 0.240 GC heap before
{Heap before GC invocations=0 (full 0):
 garbage-first heap   total 65536K, used 23552K [0x00000000fc000000, 0x0000000100000000)
  region size 1024K, 23 young (23552K), 0 survivors (0K)
 Metaspace       used 1701K, committed 1856K, reserved 1114112K
  class space    used 154K, committed 192K, reserved 1048576K
}
Event: 0.243 GC heap after
{Heap after GC invocations=1 (full 0):
 garbage-first heap   total 65536K, used 1856K [0x00000000fc000000, 0x0000000100000000)
  region size 1024K, 2 young (2048K), 2 survivors (2048K)
 Metaspace       used 1701K, committed 1856K, reserved 1114112K
  class space    used 154K, committed 192K, reserved 1048576K
}

Deoptimization events (20 events):
Event: 0.291 Thread 0x0000026b7caf5840 DEOPT PACKING pc=0x0000026b0787f6d6 sp=0x000000921f8fbda0
Event: 0.291 Thread 0x0000026b7caf5840 DEOPT UNPACKING pc=0x0000026b0ecb2b43 sp=0x000000921f8fb228 mode 0
Event: 0.294 Thread 0x0000026b7caf5840 DEOPT PACKING pc=0x0000026b0792e557 sp=0x000000921f8fbdb0
Event: 0.294 Thread 0x0000026b7caf5840 DEOPT UNPACKING pc=0x0000026b0ecb2b43 sp=0x000000921f8fb210 mode 0
Event: 0.310 Thread 0x0000026b7caf5840 Uncommon trap: trap_request=0xffffff45 fr.pc=0x0000026b0f3f7ea8 relative=0x0000000000000968
Event: 0.310 Thread 0x0000026b7caf5840 Uncommon trap: reason=unstable_if action=reinterpret pc=0x0000026b0f3f7ea8 method=java.util.zip.ZipCoder$UTF8ZipCoder.checkedHash([BII)I @ 27 c2
Event: 0.310 Thread 0x0000026b7caf5840 DEOPT PACKING pc=0x0000026b0f3f7ea8 sp=0x000000921f8fbd00
Event: 0.310 Thread 0x0000026b7caf5840 DEOPT UNPACKING pc=0x0000026b0ecb23a3 sp=0x000000921f8fbc58 mode 2
Event: 0.310 Thread 0x0000026b7caf5840 Uncommon trap: trap_request=0xffffff45 fr.pc=0x0000026b0f3f9ff4 relative=0x0000000000000174
Event: 0.310 Thread 0x0000026b7caf5840 Uncommon trap: reason=unstable_if action=reinterpret pc=0x0000026b0f3f9ff4 method=java.lang.StringCoding.hasNegatives([BII)Z @ 12 c2
Event: 0.310 Thread 0x0000026b7caf5840 DEOPT PACKING pc=0x0000026b0f3f9ff4 sp=0x000000921f8fbb00
Event: 0.310 Thread 0x0000026b7caf5840 DEOPT UNPACKING pc=0x0000026b0ecb23a3 sp=0x000000921f8fba90 mode 2
Event: 0.310 Thread 0x0000026b7caf5840 Uncommon trap: trap_request=0xffffff45 fr.pc=0x0000026b0f3ba534 relative=0x00000000000001b4
Event: 0.310 Thread 0x0000026b7caf5840 Uncommon trap: reason=unstable_if action=reinterpret pc=0x0000026b0f3ba534 method=java.lang.String.hashCode()I @ 20 c2
Event: 0.310 Thread 0x0000026b7caf5840 DEOPT PACKING pc=0x0000026b0f3ba534 sp=0x000000921f8fbb90
Event: 0.310 Thread 0x0000026b7caf5840 DEOPT UNPACKING pc=0x0000026b0ecb23a3 sp=0x000000921f8fbb20 mode 2
Event: 0.310 Thread 0x0000026b7caf5840 Uncommon trap: trap_request=0xffffff45 fr.pc=0x0000026b0f3f5e18 relative=0x0000000000000178
Event: 0.310 Thread 0x0000026b7caf5840 Uncommon trap: reason=unstable_if action=reinterpret pc=0x0000026b0f3f5e18 method=java.util.zip.ZipFile$Source.isMetaName([BII)Z @ 57 c2
Event: 0.310 Thread 0x0000026b7caf5840 DEOPT PACKING pc=0x0000026b0f3f5e18 sp=0x000000921f8fbda0
Event: 0.310 Thread 0x0000026b7caf5840 DEOPT UNPACKING pc=0x0000026b0ecb23a3 sp=0x000000921f8fbd30 mode 2

Classes unloaded (0 events):
No events

Classes redefined (0 events):
No events

Internal exceptions (1 events):
Event: 0.115 Thread 0x0000026b7caf5840 Exception <a 'java/lang/NoSuchMethodError'{0x00000000ffdff888}: 'int java.lang.invoke.DirectMethodHandle$Holder.invokeStaticInit(java.lang.Object, java.lang.Object)'> (0x00000000ffdff888) 
thrown [s\open\src\hotspot\share\interpreter\linkResolver.cpp, line 759]

VM Operations (8 events):
Event: 0.042 Executing VM operation: HandshakeAllThreads
Event: 0.042 Executing VM operation: HandshakeAllThreads done
Event: 0.060 Executing VM operation: HandshakeAllThreads
Event: 0.060 Executing VM operation: HandshakeAllThreads done
Event: 0.239 Executing VM operation: G1CollectForAllocation
Event: 0.243 Executing VM operation: G1CollectForAllocation done
Event: 0.257 Executing VM operation: HandshakeAllThreads
Event: 0.257 Executing VM operation: HandshakeAllThreads done

Events (20 events):
Event: 0.344 loading class java/lang/reflect/Proxy$ProxyBuilder
Event: 0.344 loading class java/lang/reflect/Proxy$ProxyBuilder done
Event: 0.344 loading class java/util/Collections$SingletonList
Event: 0.345 loading class java/util/Collections$SingletonList done
Event: 0.345 loading class java/lang/PublicMethods
Event: 0.345 loading class java/lang/PublicMethods done
Event: 0.345 loading class java/util/LinkedHashMap$LinkedValues
Event: 0.345 loading class java/util/LinkedHashMap$LinkedValues done
Event: 0.345 loading class java/util/LinkedHashMap$LinkedValueIterator
Event: 0.345 loading class java/util/LinkedHashMap$LinkedValueIterator done
Event: 0.347 loading class java/lang/WeakPairMap$Pair$Weak
Event: 0.347 loading class java/lang/WeakPairMap$WeakRefPeer
Event: 0.347 loading class java/lang/WeakPairMap$WeakRefPeer done
Event: 0.347 loading class java/lang/WeakPairMap$Pair$Weak done
Event: 0.347 loading class java/lang/WeakPairMap$Pair$Weak$1
Event: 0.347 loading class java/lang/WeakPairMap$Pair$Weak$1 done
Event: 0.349 loading class java/lang/reflect/ProxyGenerator
Event: 0.349 loading class java/lang/reflect/ProxyGenerator done
Event: 0.349 loading class java/lang/reflect/ProxyGenerator$ProxyMethod
Event: 0.349 loading class java/lang/reflect/ProxyGenerator$ProxyMethod done


Dynamic libraries:
0x00007ff7849c0000 - 0x00007ff7849d0000 	C:\Program Files\Java\jdk-17\bin\java.exe
0x00007ff85ddb0000 - 0x00007ff85dfc7000 	C:\Windows\SYSTEM32\ntdll.dll
0x00007ff85bdf0000 - 0x00007ff85beb4000 	C:\Windows\System32\KERNEL32.DLL
0x00007ff85aee0000 - 0x00007ff85b2b0000 	C:\Windows\System32\KERNELBASE.dll
0x00007ff85b380000 - 0x00007ff85b491000 	C:\Windows\System32\ucrtbase.dll
0x00007ff847690000 - 0x00007ff8476a9000 	C:\Program Files\Java\jdk-17\bin\jli.dll
0x00007ff847500000 - 0x00007ff84751b000 	C:\Program Files\Java\jdk-17\bin\VCRUNTIME140.dll
0x00007ff85cd40000 - 0x00007ff85cdf1000 	C:\Windows\System32\ADVAPI32.dll
0x00007ff85bb70000 - 0x00007ff85bc17000 	C:\Windows\System32\msvcrt.dll
0x00007ff85bc20000 - 0x00007ff85bcc8000 	C:\Windows\System32\sechost.dll
0x00007ff85aeb0000 - 0x00007ff85aed8000 	C:\Windows\System32\bcrypt.dll
0x00007ff85bcd0000 - 0x00007ff85bde8000 	C:\Windows\System32\RPCRT4.dll
0x00007ff85d960000 - 0x00007ff85db11000 	C:\Windows\System32\USER32.dll
0x00007ff849310000 - 0x00007ff8495ac000 	C:\Windows\WinSxS\amd64_microsoft.windows.common-controls_6595b64144ccf1df_6.0.22621.5840_none_2710ea077384a4fe\COMCTL32.dll
0x00007ff85b350000 - 0x00007ff85b376000 	C:\Windows\System32\win32u.dll
0x00007ff85d840000 - 0x00007ff85d869000 	C:\Windows\System32\GDI32.dll
0x00007ff85b750000 - 0x00007ff85b873000 	C:\Windows\System32\gdi32full.dll
0x00007ff85b2b0000 - 0x00007ff85b34a000 	C:\Windows\System32\msvcp_win.dll
0x00007ff8511d0000 - 0x00007ff8511da000 	C:\Windows\SYSTEM32\VERSION.dll
0x00007ff85dd30000 - 0x00007ff85dd61000 	C:\Windows\System32\IMM32.DLL
0x00007ff8476e0000 - 0x00007ff8476ec000 	C:\Program Files\Java\jdk-17\bin\vcruntime140_1.dll
0x00007ff828fb0000 - 0x00007ff82903e000 	C:\Program Files\Java\jdk-17\bin\msvcp140.dll
0x00007ff806870000 - 0x00007ff807451000 	C:\Program Files\Java\jdk-17\bin\server\jvm.dll
0x00007ff85c600000 - 0x00007ff85c608000 	C:\Windows\System32\PSAPI.DLL
0x00007ff855240000 - 0x00007ff855274000 	C:\Windows\SYSTEM32\WINMM.dll
0x00007ff847580000 - 0x00007ff847589000 	C:\Windows\SYSTEM32\WSOCK32.dll
0x00007ff85cf10000 - 0x00007ff85cf81000 	C:\Windows\System32\WS2_32.dll
0x00007ff859e40000 - 0x00007ff859e58000 	C:\Windows\SYSTEM32\kernel.appcore.dll
0x00007ff847360000 - 0x00007ff84736a000 	C:\Program Files\Java\jdk-17\bin\jimage.dll
0x00007ff858120000 - 0x00007ff858353000 	C:\Windows\SYSTEM32\DBGHELP.DLL
0x00007ff85c900000 - 0x00007ff85cc91000 	C:\Windows\System32\combase.dll
0x00007ff85d870000 - 0x00007ff85d948000 	C:\Windows\System32\OLEAUT32.dll
0x00007ff84eb20000 - 0x00007ff84eb52000 	C:\Windows\SYSTEM32\dbgcore.DLL
0x00007ff85b880000 - 0x00007ff85b8fb000 	C:\Windows\System32\bcryptPrimitives.dll
0x00007ff83e210000 - 0x00007ff83e235000 	C:\Program Files\Java\jdk-17\bin\java.dll
0x00007ff81e4e0000 - 0x00007ff81e5b7000 	C:\Program Files\Java\jdk-17\bin\jsvml.dll
0x00007ff85cf90000 - 0x00007ff85d831000 	C:\Windows\System32\SHELL32.dll
0x00007ff85b610000 - 0x00007ff85b74f000 	C:\Windows\System32\wintypes.dll
0x00007ff858d30000 - 0x00007ff85964a000 	C:\Windows\SYSTEM32\windows.storage.dll
0x00007ff85ce00000 - 0x00007ff85cf0a000 	C:\Windows\System32\SHCORE.dll
0x00007ff85bee0000 - 0x00007ff85bf49000 	C:\Windows\System32\shlwapi.dll
0x00007ff85ade0000 - 0x00007ff85ae05000 	C:\Windows\SYSTEM32\profapi.dll
0x00007ff83e940000 - 0x00007ff83e959000 	C:\Program Files\Java\jdk-17\bin\net.dll
0x00007ff856910000 - 0x00007ff856a3c000 	C:\Windows\SYSTEM32\WINHTTP.dll
0x00007ff85a300000 - 0x00007ff85a369000 	C:\Windows\system32\mswsock.dll
0x00007ff83e3a0000 - 0x00007ff83e3b6000 	C:\Program Files\Java\jdk-17\bin\nio.dll
0x00007ff83da00000 - 0x00007ff83da18000 	C:\Program Files\Java\jdk-17\bin\zip.dll
0x00007ff847320000 - 0x00007ff847330000 	C:\Program Files\Java\jdk-17\bin\verify.dll

dbghelp: loaded successfully - version: 4.0.5 - missing functions: none
symbol engine: initialized successfully - sym options: 0x614 - pdb path: .;C:\Program Files\Java\jdk-17\bin;C:\Windows\SYSTEM32;C:\Windows\WinSxS\amd64_microsoft.windows.common-controls_6595b64144ccf1df_6.0.22621.5840_none_2710ea077384a4fe;C:\Program Files\Java\jdk-17\bin\server

VM Arguments:
jvm_args: -Xmx64m -Xms64m -Dorg.gradle.appname=gradlew 
java_command: F:\sope-ecommerce\sope-ecommerce-backend\\gradle\wrapper\gradle-wrapper.jar bootRun
java_class_path (initial): F:\sope-ecommerce\sope-ecommerce-backend\\gradle\wrapper\gradle-wrapper.jar
Launcher Type: SUN_STANDARD

[Global flags]
     intx CICompilerCount                          = 12                                        {product} {ergonomic}
     uint ConcGCThreads                            = 3                                         {product} {ergonomic}
     uint G1ConcRefinementThreads                  = 13                                        {product} {ergonomic}
   size_t G1HeapRegionSize                         = 1048576                                   {product} {ergonomic}
    uintx GCDrainStackTargetSize                   = 64                                        {product} {ergonomic}
   size_t InitialHeapSize                          = 67108864                                  {product} {command line}
   size_t MarkStackSize                            = 4194304                                   {product} {ergonomic}
   size_t MaxHeapSize                              = 67108864                                  {product} {command line}
   size_t MaxNewSize                               = 39845888                                  {product} {ergonomic}
   size_t MinHeapDeltaBytes                        = 1048576                                   {product} {ergonomic}
   size_t MinHeapSize                              = 67108864                                  {product} {command line}
    uintx NonNMethodCodeHeapSize                   = 7602480                                {pd product} {ergonomic}
    uintx NonProfiledCodeHeapSize                  = 122027880                              {pd product} {ergonomic}
    uintx ProfiledCodeHeapSize                     = 122027880                              {pd product} {ergonomic}
    uintx ReservedCodeCacheSize                    = 251658240                              {pd product} {ergonomic}
     bool SegmentedCodeCache                       = true                                      {product} {ergonomic}
   size_t SoftMaxHeapSize                          = 67108864                               {manageable} {ergonomic}
     bool UseCompressedClassPointers               = true                           {product lp64_product} {ergonomic}
     bool UseCompressedOops                        = true                           {product lp64_product} {ergonomic}
     bool UseG1GC                                  = true                                      {product} {ergonomic}
     bool UseLargePagesIndividualAllocation        = false                                  {pd product} {ergonomic}

Logging:
Log output configuration:
 #0: stdout all=warning uptime,level,tags
 #1: stderr all=off uptime,level,tags

Environment Variables:
JAVA_HOME=C:\Program Files\Java\jdk-17
PATH=C:\Program Files\Common Files\Oracle\Java\javapath;C:\Windows\system32;C:\Windows;C:\Windows\System32\Wbem;C:\Windows\System32\WindowsPowerShell\v1.0\;C:\Windows\System32\OpenSSH\;C:\Program Files (x86)\Microsoft SQL Server\160\Tools\Binn\;C:\Program Files\Microsoft SQL Server\160\Tools\Binn\;C:\Program Files\Microsoft SQL Server\Client SDK\ODBC\170\Tools\Binn\;C:\Program Files\Microsoft SQL Server\160\DTS\Binn\;C:\Program Files (x86)\Microsoft SQL Server\160\DTS\Binn\;C:\Program Files\starship\bin\;C:\xampp\php;C:\Users\Win\AppData\Local\Packages\PythonSoftwareFoundation.Python.3.12_qbz5n2kfra8p0\LocalCache\local-packages\Python312\Scripts;C:\ProgramData\ComposerSetup\bin;C:\Program Files\Git\cmd;C:\Users\Win\AppData\Local\Packages\PythonSoftwareFoundation.Python.3.12_qbz5n2kfra8p0\LocalCache\local-packages\Python312\site-packages\cmake;C:\spring-3.4.3\bin;C:\Program Files\dotnet\;C:\Program Files\OpenSSL-Win64\bin;C:\Program Files (x86)\cloudflared\;C:\Users\Win\AppData\Roaming\nvm;C:\Program Files\nodejs;C:\Users\Win\AppData\Local\Android\Sdk\cmdline-tools\latest\bin;C:\Users\Win\AppData\Local\Android\Sdk\platform-tools;C:\Users\Win\AppData\Local\Android\Sdk\emulator;C:\Users\Win\AppData\Local\Android\Sdk\tools\bin;C:\Program Files\Docker\Docker\resources\bin;C:\Program Files\Java\jdk-17\bin;C:\Users\Win\AppData\Local\Pub\Cache\bin;C:\hadoop-3.2.2\bin;C:\Users\Win\AppData\Local\pnpm;C:\Users\Win\AppData\Local\Microsoft\WindowsApps;C:\Users\Win\AppData\Local\Programs\Microsoft VS Code\bin;C:\Program Files\Azure Data Studio\bin;C:\ProgramData\chocolatey\bin;C:\Tools\neovim\nvim-win64\bin;C:\Users\Win\AppData\Roaming\npm;C:\Users\Win\AppData\Roaming\Composer\vendor\bin;C:\Tools\mysql\current\bin;C:\Users\Win\.dotnet\tools;C:\Program Files\Java\jdk-17\bin;C:\Program Files\OpenSSL-Win64\bin;C:\Program Files\Java\jdk-17;C:\Program Files\JetBrains\IntelliJ IDEA Community Edition 2024.3\bin;;C:\Users\Win\AppData\Roaming\nvm;C:\Program Files\nodejs;C:\flutter\bin;C:\Use
USERNAME=Win
LANG=en_US.UTF-8
OS=Windows_NT
PROCESSOR_IDENTIFIER=AMD64 Family 25 Model 80 Stepping 0, AuthenticAMD



---------------  S Y S T E M  ---------------

OS:
 Windows 11 , 64 bit Build 22621 (10.0.22621.5415)
OS uptime: 0 days 13:13 hours
Hyper-V role detected

CPU: total 16 (initial active 16) (16 cores per cpu, 2 threads per core) family 25 model 80 stepping 0 microcode 0x0, cx8, cmov, fxsr, ht, mmx, 3dnowpref, sse, sse2, sse3, ssse3, sse4a, sse4.1, sse4.2, popcnt, lzcnt, tsc, tscinvbit, avx, avx2, aes, erms, clmul, bmi1, bmi2, adx, sha, fma, vzeroupper, clflush, clflushopt, hv

Memory: 4k page, system-wide physical 14188M (965M free)
TotalPageFile size 26350M (AvailPageFile size 2M)
current process WorkingSet (physical memory assigned to process): 86M, peak: 86M
current process commit charge ("private bytes"): 176M, peak: 176M

vm_info: Java HotSpot(TM) 64-Bit Server VM (17.0.14+8-LTS-191) for windows-amd64 JRE (17.0.14+8-LTS-191), built on Dec  3 2024 11:07:59 by "mach5one" with MS VC++ 17.6 (VS2022)

END.
