#
# There is insufficient memory for the Java Runtime Environment to continue.
# Native memory allocation (malloc) failed to allocate 1228976 bytes. Error detail: Chunk::new
# Possible reasons:
#   The system is out of physical RAM or swap space
#   This process is running with CompressedOops enabled, and the Java Heap may be blocking the growth of the native heap
# Possible solutions:
#   Reduce memory load on the system
#   Increase physical memory or swap space
#   Check if swap backing store is full
#   Decrease Java heap size (-Xmx/-Xms)
#   Decrease number of Java threads
#   Decrease Java thread stack sizes (-Xss)
#   Set larger code cache with -XX:ReservedCodeCacheSize=
#   JVM is running with Zero Based Compressed Oops mode in which the Java heap is
#     placed in the first 32GB address space. The Java Heap base address is the
#     maximum limit for the native heap growth. Please use -XX:HeapBaseMinAddress
#     to set the Java Heap base and to place the Java Heap above 32GB virtual address.
# This output file may be truncated or incomplete.
#
#  Out of Memory Error (arena.cpp:168), pid=14908, tid=18124
#
# JRE version: OpenJDK Runtime Environment JBR-21.0.5+8-631.16-jcef (21.0.5+8) (build 21.0.5+8-b631.16)
# Java VM: OpenJDK 64-Bit Server VM JBR-21.0.5+8-631.16-jcef (21.0.5+8-b631.16, mixed mode, tiered, compressed oops, compressed class ptrs, g1 gc, windows-amd64)
# No core dump will be written. Minidumps are not enabled by default on client versions of Windows
#

---------------  S U M M A R Y ------------

Command Line: git4idea.http.GitAskPassApp Username for 'https://github.com': 

Host: AMD Ryzen 7 5800U with Radeon Graphics         , 16 cores, 13G,  Windows 11 , 64 bit Build 22621 (10.0.22621.5415)
Time: Fri Sep 19 22:15:22 2025 SE Asia Standard Time elapsed time: 0.593775 seconds (0d 0h 0m 0s)

---------------  T H R E A D  ---------------

Current thread (0x0000029d2767b460):  JavaThread "C2 CompilerThread2" daemon [_thread_in_native, id=18124, stack(0x000000fec0400000,0x000000fec0500000) (1024K)]


Current CompileTask:
C2:593 1180       4       sun.security.ec.ECOperations::setDouble (463 bytes)

Stack: [0x000000fec0400000,0x000000fec0500000]
Native frames: (J=compiled Java code, j=interpreted, Vv=VM code, C=native code)
V  [jvm.dll+0x6e52b9]
V  [jvm.dll+0x8c3633]
V  [jvm.dll+0x8c5b8e]
V  [jvm.dll+0x8c6273]
V  [jvm.dll+0x288f46]
V  [jvm.dll+0xc66dd]
V  [jvm.dll+0xc6c13]
V  [jvm.dll+0x3c4531]
V  [jvm.dll+0x3901c7]
V  [jvm.dll+0x38f63a]
V  [jvm.dll+0x2507a2]
V  [jvm.dll+0x24fd71]
V  [jvm.dll+0x1cd6a4]
V  [jvm.dll+0x25f5dc]
V  [jvm.dll+0x25db26]
V  [jvm.dll+0x3ff5e6]
V  [jvm.dll+0x86b248]
V  [jvm.dll+0x6e3abd]
C  [ucrtbase.dll+0x29333]
C  [KERNEL32.DLL+0x1259d]
C  [ntdll.dll+0x5af78]


---------------  P R O C E S S  ---------------

Threads class SMR info:
_java_thread_list=0x0000029d27694610, length=20, elements={
0x0000029d05b67330, 0x0000029d22c1ac80, 0x0000029d22c1bb90, 0x0000029d22c78cd0,
0x0000029d22c79720, 0x0000029d22c7c330, 0x0000029d22c7d060, 0x0000029d22c7e140,
0x0000029d22c59cb0, 0x0000029d22a2e1e0, 0x0000029d22e1ff40, 0x0000029d22e235c0,
0x0000029d272625b0, 0x0000029d271c5ab0, 0x0000029d275e8ab0, 0x0000029d2769f850,
0x0000029d276987e0, 0x0000029d2767adc0, 0x0000029d2767b460, 0x0000029d276cd020
}

Java Threads: ( => current thread )
  0x0000029d05b67330 JavaThread "main"                              [_thread_blocked, id=5896, stack(0x000000febea00000,0x000000febeb00000) (1024K)]
  0x0000029d22c1ac80 JavaThread "Reference Handler"          daemon [_thread_blocked, id=14556, stack(0x000000febf200000,0x000000febf300000) (1024K)]
  0x0000029d22c1bb90 JavaThread "Finalizer"                  daemon [_thread_blocked, id=20320, stack(0x000000febf300000,0x000000febf400000) (1024K)]
  0x0000029d22c78cd0 JavaThread "Signal Dispatcher"          daemon [_thread_blocked, id=14120, stack(0x000000febf400000,0x000000febf500000) (1024K)]
  0x0000029d22c79720 JavaThread "Attach Listener"            daemon [_thread_blocked, id=21620, stack(0x000000febf500000,0x000000febf600000) (1024K)]
  0x0000029d22c7c330 JavaThread "Service Thread"             daemon [_thread_blocked, id=16388, stack(0x000000febf600000,0x000000febf700000) (1024K)]
  0x0000029d22c7d060 JavaThread "Monitor Deflation Thread"   daemon [_thread_blocked, id=22016, stack(0x000000febf700000,0x000000febf800000) (1024K)]
  0x0000029d22c7e140 JavaThread "C2 CompilerThread0"         daemon [_thread_blocked, id=20612, stack(0x000000febf800000,0x000000febf900000) (1024K)]
  0x0000029d22c59cb0 JavaThread "C1 CompilerThread0"         daemon [_thread_in_native, id=14732, stack(0x000000febf900000,0x000000febfa00000) (1024K)]
  0x0000029d22a2e1e0 JavaThread "C1 CompilerThread1"         daemon [_thread_in_native, id=4756, stack(0x000000febfa00000,0x000000febfb00000) (1024K)]
  0x0000029d22e1ff40 JavaThread "Notification Thread"        daemon [_thread_blocked, id=5404, stack(0x000000febfb00000,0x000000febfc00000) (1024K)]
  0x0000029d22e235c0 JavaThread "Common-Cleaner"             daemon [_thread_blocked, id=21940, stack(0x000000febfc00000,0x000000febfd00000) (1024K)]
  0x0000029d272625b0 JavaThread "C1 CompilerThread2"         daemon [_thread_in_native, id=23508, stack(0x000000febfd00000,0x000000febfe00000) (1024K)]
  0x0000029d271c5ab0 JavaThread "C1 CompilerThread3"         daemon [_thread_in_native, id=14680, stack(0x000000febfe00000,0x000000febff00000) (1024K)]
  0x0000029d275e8ab0 JavaThread "HttpClient-1-SelectorManager" daemon [_thread_in_native, id=7408, stack(0x000000febff00000,0x000000fec0000000) (1024K)]
  0x0000029d2769f850 JavaThread "HttpClient-1-Worker-0"      daemon [_thread_blocked, id=16348, stack(0x000000fec0100000,0x000000fec0200000) (1024K)]
  0x0000029d276987e0 JavaThread "HttpClient-1-Worker-1"      daemon [_thread_blocked, id=7748, stack(0x000000fec0200000,0x000000fec0300000) (1024K)]
  0x0000029d2767adc0 JavaThread "C2 CompilerThread1"         daemon [_thread_blocked, id=9408, stack(0x000000fec0300000,0x000000fec0400000) (1024K)]
=>0x0000029d2767b460 JavaThread "C2 CompilerThread2"         daemon [_thread_in_native, id=18124, stack(0x000000fec0400000,0x000000fec0500000) (1024K)]
  0x0000029d276cd020 JavaThread "C2 CompilerThread3"         daemon [_thread_blocked, id=23048, stack(0x000000fec0500000,0x000000fec0600000) (1024K)]
Total: 20

Other Threads:
  0x0000029d05b40d30 VMThread "VM Thread"                           [id=12148, stack(0x000000febf100000,0x000000febf200000) (1024K)]
  0x0000029d22a2b270 WatcherThread "VM Periodic Task Thread"        [id=5172, stack(0x000000febf000000,0x000000febf100000) (1024K)]
  0x0000029d05b410d0 WorkerThread "GC Thread#0"                     [id=2124, stack(0x000000febeb00000,0x000000febec00000) (1024K)]
  0x0000029d07cfd590 ConcurrentGCThread "G1 Main Marker"            [id=19356, stack(0x000000febec00000,0x000000febed00000) (1024K)]
  0x0000029d05b41bb0 WorkerThread "G1 Conc#0"                       [id=14536, stack(0x000000febed00000,0x000000febee00000) (1024K)]
  0x0000029d228ff5d0 ConcurrentGCThread "G1 Refine#0"               [id=16464, stack(0x000000febee00000,0x000000febef00000) (1024K)]
  0x0000029d228fff50 ConcurrentGCThread "G1 Service"                [id=5524, stack(0x000000febef00000,0x000000febf000000) (1024K)]
Total: 7

Threads with active compile tasks:
C1 CompilerThread3  617 1345       3       java.nio.HeapByteBuffer::getInt (29 bytes)
C2 CompilerThread2  617 1180       4       sun.security.ec.ECOperations::setDouble (463 bytes)
Total: 2

VM state: not at safepoint (normal execution)

VM Mutex/Monitor currently owned by a thread:  ([mutex/lock_event])
[0x00007ffb150dd4b0] MethodCompileQueue_lock - owner thread: 0x0000029d271c5ab0
[0x00007ffb150de930] CodeCache_lock - owner thread: 0x0000029d271c5ab0
[0x00007ffb150deab0] Compile_lock - owner thread: 0x0000029d271c5ab0

Heap address: 0x0000000722400000, size: 3548 MB, Compressed Oops mode: Zero based, Oop shift amount: 3

CDS archive(s) not mapped
Compressed class space mapped at: 0x0000000800000000-0x0000000840000000, reserved size: 1073741824
Narrow klass base: 0x0000000800000000, Narrow klass shift: 0, Narrow klass range: 0x40000000

GC Precious Log:
 CardTable entry size: 512
 Card Set container configuration: InlinePtr #cards 4 size 8 Array Of Cards #cards 16 size 48 Howl #buckets 8 coarsen threshold 3686 Howl Bitmap #cards 512 size 80 coarsen threshold 460 Card regions per heap region 1 cards per card region 4096
 CPUs: 16 total, 16 available
 Memory: 14188M
 Large Page Support: Disabled
 NUMA Support: Disabled
 Compressed Oops: Enabled (Zero based)
 Heap Region Size: 2M
 Heap Min Capacity: 8M
 Heap Initial Capacity: 222M
 Heap Max Capacity: 3548M
 Pre-touch: Disabled
 Parallel Workers: 13
 Concurrent Workers: 3
 Concurrent Refinement Workers: 13
 Periodic GC: Disabled

Heap:
 garbage-first heap   total 227328K, used 18432K [0x0000000722400000, 0x0000000800000000)
  region size 2048K, 10 young (20480K), 0 survivors (0K)
 Metaspace       used 18549K, committed 18752K, reserved 1114112K
  class space    used 1835K, committed 1920K, reserved 1048576K

Heap Regions: E=young(eden), S=young(survivor), O=old, HS=humongous(starts), HC=humongous(continues), CS=collection set, F=free, TAMS=top-at-mark-start, PB=parsable bottom
|   0|0x0000000722400000, 0x0000000722400000, 0x0000000722600000|  0%| F|  |TAMS 0x0000000722400000| PB 0x0000000722400000| Untracked 
|   1|0x0000000722600000, 0x0000000722600000, 0x0000000722800000|  0%| F|  |TAMS 0x0000000722600000| PB 0x0000000722600000| Untracked 
|   2|0x0000000722800000, 0x0000000722800000, 0x0000000722a00000|  0%| F|  |TAMS 0x0000000722800000| PB 0x0000000722800000| Untracked 
|   3|0x0000000722a00000, 0x0000000722a00000, 0x0000000722c00000|  0%| F|  |TAMS 0x0000000722a00000| PB 0x0000000722a00000| Untracked 
|   4|0x0000000722c00000, 0x0000000722c00000, 0x0000000722e00000|  0%| F|  |TAMS 0x0000000722c00000| PB 0x0000000722c00000| Untracked 
|   5|0x0000000722e00000, 0x0000000722e00000, 0x0000000723000000|  0%| F|  |TAMS 0x0000000722e00000| PB 0x0000000722e00000| Untracked 
|   6|0x0000000723000000, 0x0000000723000000, 0x0000000723200000|  0%| F|  |TAMS 0x0000000723000000| PB 0x0000000723000000| Untracked 
|   7|0x0000000723200000, 0x0000000723200000, 0x0000000723400000|  0%| F|  |TAMS 0x0000000723200000| PB 0x0000000723200000| Untracked 
|   8|0x0000000723400000, 0x0000000723400000, 0x0000000723600000|  0%| F|  |TAMS 0x0000000723400000| PB 0x0000000723400000| Untracked 
|   9|0x0000000723600000, 0x0000000723600000, 0x0000000723800000|  0%| F|  |TAMS 0x0000000723600000| PB 0x0000000723600000| Untracked 
|  10|0x0000000723800000, 0x0000000723800000, 0x0000000723a00000|  0%| F|  |TAMS 0x0000000723800000| PB 0x0000000723800000| Untracked 
|  11|0x0000000723a00000, 0x0000000723a00000, 0x0000000723c00000|  0%| F|  |TAMS 0x0000000723a00000| PB 0x0000000723a00000| Untracked 
|  12|0x0000000723c00000, 0x0000000723c00000, 0x0000000723e00000|  0%| F|  |TAMS 0x0000000723c00000| PB 0x0000000723c00000| Untracked 
|  13|0x0000000723e00000, 0x0000000723e00000, 0x0000000724000000|  0%| F|  |TAMS 0x0000000723e00000| PB 0x0000000723e00000| Untracked 
|  14|0x0000000724000000, 0x0000000724000000, 0x0000000724200000|  0%| F|  |TAMS 0x0000000724000000| PB 0x0000000724000000| Untracked 
|  15|0x0000000724200000, 0x0000000724200000, 0x0000000724400000|  0%| F|  |TAMS 0x0000000724200000| PB 0x0000000724200000| Untracked 
|  16|0x0000000724400000, 0x0000000724400000, 0x0000000724600000|  0%| F|  |TAMS 0x0000000724400000| PB 0x0000000724400000| Untracked 
|  17|0x0000000724600000, 0x0000000724600000, 0x0000000724800000|  0%| F|  |TAMS 0x0000000724600000| PB 0x0000000724600000| Untracked 
|  18|0x0000000724800000, 0x0000000724800000, 0x0000000724a00000|  0%| F|  |TAMS 0x0000000724800000| PB 0x0000000724800000| Untracked 
|  19|0x0000000724a00000, 0x0000000724a00000, 0x0000000724c00000|  0%| F|  |TAMS 0x0000000724a00000| PB 0x0000000724a00000| Untracked 
|  20|0x0000000724c00000, 0x0000000724c00000, 0x0000000724e00000|  0%| F|  |TAMS 0x0000000724c00000| PB 0x0000000724c00000| Untracked 
|  21|0x0000000724e00000, 0x0000000724e00000, 0x0000000725000000|  0%| F|  |TAMS 0x0000000724e00000| PB 0x0000000724e00000| Untracked 
|  22|0x0000000725000000, 0x0000000725000000, 0x0000000725200000|  0%| F|  |TAMS 0x0000000725000000| PB 0x0000000725000000| Untracked 
|  23|0x0000000725200000, 0x0000000725200000, 0x0000000725400000|  0%| F|  |TAMS 0x0000000725200000| PB 0x0000000725200000| Untracked 
|  24|0x0000000725400000, 0x0000000725400000, 0x0000000725600000|  0%| F|  |TAMS 0x0000000725400000| PB 0x0000000725400000| Untracked 
|  25|0x0000000725600000, 0x0000000725600000, 0x0000000725800000|  0%| F|  |TAMS 0x0000000725600000| PB 0x0000000725600000| Untracked 
|  26|0x0000000725800000, 0x0000000725800000, 0x0000000725a00000|  0%| F|  |TAMS 0x0000000725800000| PB 0x0000000725800000| Untracked 
|  27|0x0000000725a00000, 0x0000000725a00000, 0x0000000725c00000|  0%| F|  |TAMS 0x0000000725a00000| PB 0x0000000725a00000| Untracked 
|  28|0x0000000725c00000, 0x0000000725c00000, 0x0000000725e00000|  0%| F|  |TAMS 0x0000000725c00000| PB 0x0000000725c00000| Untracked 
|  29|0x0000000725e00000, 0x0000000725e00000, 0x0000000726000000|  0%| F|  |TAMS 0x0000000725e00000| PB 0x0000000725e00000| Untracked 
|  30|0x0000000726000000, 0x0000000726000000, 0x0000000726200000|  0%| F|  |TAMS 0x0000000726000000| PB 0x0000000726000000| Untracked 
|  31|0x0000000726200000, 0x0000000726200000, 0x0000000726400000|  0%| F|  |TAMS 0x0000000726200000| PB 0x0000000726200000| Untracked 
|  32|0x0000000726400000, 0x0000000726400000, 0x0000000726600000|  0%| F|  |TAMS 0x0000000726400000| PB 0x0000000726400000| Untracked 
|  33|0x0000000726600000, 0x0000000726600000, 0x0000000726800000|  0%| F|  |TAMS 0x0000000726600000| PB 0x0000000726600000| Untracked 
|  34|0x0000000726800000, 0x0000000726800000, 0x0000000726a00000|  0%| F|  |TAMS 0x0000000726800000| PB 0x0000000726800000| Untracked 
|  35|0x0000000726a00000, 0x0000000726a00000, 0x0000000726c00000|  0%| F|  |TAMS 0x0000000726a00000| PB 0x0000000726a00000| Untracked 
|  36|0x0000000726c00000, 0x0000000726c00000, 0x0000000726e00000|  0%| F|  |TAMS 0x0000000726c00000| PB 0x0000000726c00000| Untracked 
|  37|0x0000000726e00000, 0x0000000726e00000, 0x0000000727000000|  0%| F|  |TAMS 0x0000000726e00000| PB 0x0000000726e00000| Untracked 
|  38|0x0000000727000000, 0x0000000727000000, 0x0000000727200000|  0%| F|  |TAMS 0x0000000727000000| PB 0x0000000727000000| Untracked 
|  39|0x0000000727200000, 0x0000000727200000, 0x0000000727400000|  0%| F|  |TAMS 0x0000000727200000| PB 0x0000000727200000| Untracked 
|  40|0x0000000727400000, 0x0000000727400000, 0x0000000727600000|  0%| F|  |TAMS 0x0000000727400000| PB 0x0000000727400000| Untracked 
|  41|0x0000000727600000, 0x0000000727600000, 0x0000000727800000|  0%| F|  |TAMS 0x0000000727600000| PB 0x0000000727600000| Untracked 
|  42|0x0000000727800000, 0x0000000727800000, 0x0000000727a00000|  0%| F|  |TAMS 0x0000000727800000| PB 0x0000000727800000| Untracked 
|  43|0x0000000727a00000, 0x0000000727a00000, 0x0000000727c00000|  0%| F|  |TAMS 0x0000000727a00000| PB 0x0000000727a00000| Untracked 
|  44|0x0000000727c00000, 0x0000000727c00000, 0x0000000727e00000|  0%| F|  |TAMS 0x0000000727c00000| PB 0x0000000727c00000| Untracked 
|  45|0x0000000727e00000, 0x0000000727e00000, 0x0000000728000000|  0%| F|  |TAMS 0x0000000727e00000| PB 0x0000000727e00000| Untracked 
|  46|0x0000000728000000, 0x0000000728000000, 0x0000000728200000|  0%| F|  |TAMS 0x0000000728000000| PB 0x0000000728000000| Untracked 
|  47|0x0000000728200000, 0x0000000728200000, 0x0000000728400000|  0%| F|  |TAMS 0x0000000728200000| PB 0x0000000728200000| Untracked 
|  48|0x0000000728400000, 0x0000000728400000, 0x0000000728600000|  0%| F|  |TAMS 0x0000000728400000| PB 0x0000000728400000| Untracked 
|  49|0x0000000728600000, 0x0000000728600000, 0x0000000728800000|  0%| F|  |TAMS 0x0000000728600000| PB 0x0000000728600000| Untracked 
|  50|0x0000000728800000, 0x0000000728800000, 0x0000000728a00000|  0%| F|  |TAMS 0x0000000728800000| PB 0x0000000728800000| Untracked 
|  51|0x0000000728a00000, 0x0000000728a00000, 0x0000000728c00000|  0%| F|  |TAMS 0x0000000728a00000| PB 0x0000000728a00000| Untracked 
|  52|0x0000000728c00000, 0x0000000728c00000, 0x0000000728e00000|  0%| F|  |TAMS 0x0000000728c00000| PB 0x0000000728c00000| Untracked 
|  53|0x0000000728e00000, 0x0000000728e00000, 0x0000000729000000|  0%| F|  |TAMS 0x0000000728e00000| PB 0x0000000728e00000| Untracked 
|  54|0x0000000729000000, 0x0000000729000000, 0x0000000729200000|  0%| F|  |TAMS 0x0000000729000000| PB 0x0000000729000000| Untracked 
|  55|0x0000000729200000, 0x0000000729200000, 0x0000000729400000|  0%| F|  |TAMS 0x0000000729200000| PB 0x0000000729200000| Untracked 
|  56|0x0000000729400000, 0x0000000729400000, 0x0000000729600000|  0%| F|  |TAMS 0x0000000729400000| PB 0x0000000729400000| Untracked 
|  57|0x0000000729600000, 0x0000000729600000, 0x0000000729800000|  0%| F|  |TAMS 0x0000000729600000| PB 0x0000000729600000| Untracked 
|  58|0x0000000729800000, 0x0000000729800000, 0x0000000729a00000|  0%| F|  |TAMS 0x0000000729800000| PB 0x0000000729800000| Untracked 
|  59|0x0000000729a00000, 0x0000000729a00000, 0x0000000729c00000|  0%| F|  |TAMS 0x0000000729a00000| PB 0x0000000729a00000| Untracked 
|  60|0x0000000729c00000, 0x0000000729c00000, 0x0000000729e00000|  0%| F|  |TAMS 0x0000000729c00000| PB 0x0000000729c00000| Untracked 
|  61|0x0000000729e00000, 0x0000000729e00000, 0x000000072a000000|  0%| F|  |TAMS 0x0000000729e00000| PB 0x0000000729e00000| Untracked 
|  62|0x000000072a000000, 0x000000072a000000, 0x000000072a200000|  0%| F|  |TAMS 0x000000072a000000| PB 0x000000072a000000| Untracked 
|  63|0x000000072a200000, 0x000000072a200000, 0x000000072a400000|  0%| F|  |TAMS 0x000000072a200000| PB 0x000000072a200000| Untracked 
|  64|0x000000072a400000, 0x000000072a400000, 0x000000072a600000|  0%| F|  |TAMS 0x000000072a400000| PB 0x000000072a400000| Untracked 
|  65|0x000000072a600000, 0x000000072a600000, 0x000000072a800000|  0%| F|  |TAMS 0x000000072a600000| PB 0x000000072a600000| Untracked 
|  66|0x000000072a800000, 0x000000072a800000, 0x000000072aa00000|  0%| F|  |TAMS 0x000000072a800000| PB 0x000000072a800000| Untracked 
|  67|0x000000072aa00000, 0x000000072aa00000, 0x000000072ac00000|  0%| F|  |TAMS 0x000000072aa00000| PB 0x000000072aa00000| Untracked 
|  68|0x000000072ac00000, 0x000000072ac00000, 0x000000072ae00000|  0%| F|  |TAMS 0x000000072ac00000| PB 0x000000072ac00000| Untracked 
|  69|0x000000072ae00000, 0x000000072ae00000, 0x000000072b000000|  0%| F|  |TAMS 0x000000072ae00000| PB 0x000000072ae00000| Untracked 
|  70|0x000000072b000000, 0x000000072b000000, 0x000000072b200000|  0%| F|  |TAMS 0x000000072b000000| PB 0x000000072b000000| Untracked 
|  71|0x000000072b200000, 0x000000072b200000, 0x000000072b400000|  0%| F|  |TAMS 0x000000072b200000| PB 0x000000072b200000| Untracked 
|  72|0x000000072b400000, 0x000000072b400000, 0x000000072b600000|  0%| F|  |TAMS 0x000000072b400000| PB 0x000000072b400000| Untracked 
|  73|0x000000072b600000, 0x000000072b600000, 0x000000072b800000|  0%| F|  |TAMS 0x000000072b600000| PB 0x000000072b600000| Untracked 
|  74|0x000000072b800000, 0x000000072b800000, 0x000000072ba00000|  0%| F|  |TAMS 0x000000072b800000| PB 0x000000072b800000| Untracked 
|  75|0x000000072ba00000, 0x000000072ba00000, 0x000000072bc00000|  0%| F|  |TAMS 0x000000072ba00000| PB 0x000000072ba00000| Untracked 
|  76|0x000000072bc00000, 0x000000072bc00000, 0x000000072be00000|  0%| F|  |TAMS 0x000000072bc00000| PB 0x000000072bc00000| Untracked 
|  77|0x000000072be00000, 0x000000072be00000, 0x000000072c000000|  0%| F|  |TAMS 0x000000072be00000| PB 0x000000072be00000| Untracked 
|  78|0x000000072c000000, 0x000000072c000000, 0x000000072c200000|  0%| F|  |TAMS 0x000000072c000000| PB 0x000000072c000000| Untracked 
|  79|0x000000072c200000, 0x000000072c200000, 0x000000072c400000|  0%| F|  |TAMS 0x000000072c200000| PB 0x000000072c200000| Untracked 
|  80|0x000000072c400000, 0x000000072c400000, 0x000000072c600000|  0%| F|  |TAMS 0x000000072c400000| PB 0x000000072c400000| Untracked 
|  81|0x000000072c600000, 0x000000072c600000, 0x000000072c800000|  0%| F|  |TAMS 0x000000072c600000| PB 0x000000072c600000| Untracked 
|  82|0x000000072c800000, 0x000000072c800000, 0x000000072ca00000|  0%| F|  |TAMS 0x000000072c800000| PB 0x000000072c800000| Untracked 
|  83|0x000000072ca00000, 0x000000072ca00000, 0x000000072cc00000|  0%| F|  |TAMS 0x000000072ca00000| PB 0x000000072ca00000| Untracked 
|  84|0x000000072cc00000, 0x000000072cc00000, 0x000000072ce00000|  0%| F|  |TAMS 0x000000072cc00000| PB 0x000000072cc00000| Untracked 
|  85|0x000000072ce00000, 0x000000072ce00000, 0x000000072d000000|  0%| F|  |TAMS 0x000000072ce00000| PB 0x000000072ce00000| Untracked 
|  86|0x000000072d000000, 0x000000072d000000, 0x000000072d200000|  0%| F|  |TAMS 0x000000072d000000| PB 0x000000072d000000| Untracked 
|  87|0x000000072d200000, 0x000000072d200000, 0x000000072d400000|  0%| F|  |TAMS 0x000000072d200000| PB 0x000000072d200000| Untracked 
|  88|0x000000072d400000, 0x000000072d400000, 0x000000072d600000|  0%| F|  |TAMS 0x000000072d400000| PB 0x000000072d400000| Untracked 
|  89|0x000000072d600000, 0x000000072d600000, 0x000000072d800000|  0%| F|  |TAMS 0x000000072d600000| PB 0x000000072d600000| Untracked 
|  90|0x000000072d800000, 0x000000072d800000, 0x000000072da00000|  0%| F|  |TAMS 0x000000072d800000| PB 0x000000072d800000| Untracked 
|  91|0x000000072da00000, 0x000000072da00000, 0x000000072dc00000|  0%| F|  |TAMS 0x000000072da00000| PB 0x000000072da00000| Untracked 
|  92|0x000000072dc00000, 0x000000072dc00000, 0x000000072de00000|  0%| F|  |TAMS 0x000000072dc00000| PB 0x000000072dc00000| Untracked 
|  93|0x000000072de00000, 0x000000072de00000, 0x000000072e000000|  0%| F|  |TAMS 0x000000072de00000| PB 0x000000072de00000| Untracked 
|  94|0x000000072e000000, 0x000000072e000000, 0x000000072e200000|  0%| F|  |TAMS 0x000000072e000000| PB 0x000000072e000000| Untracked 
|  95|0x000000072e200000, 0x000000072e200000, 0x000000072e400000|  0%| F|  |TAMS 0x000000072e200000| PB 0x000000072e200000| Untracked 
|  96|0x000000072e400000, 0x000000072e400000, 0x000000072e600000|  0%| F|  |TAMS 0x000000072e400000| PB 0x000000072e400000| Untracked 
|  97|0x000000072e600000, 0x000000072e600000, 0x000000072e800000|  0%| F|  |TAMS 0x000000072e600000| PB 0x000000072e600000| Untracked 
|  98|0x000000072e800000, 0x000000072e800000, 0x000000072ea00000|  0%| F|  |TAMS 0x000000072e800000| PB 0x000000072e800000| Untracked 
|  99|0x000000072ea00000, 0x000000072ea00000, 0x000000072ec00000|  0%| F|  |TAMS 0x000000072ea00000| PB 0x000000072ea00000| Untracked 
| 100|0x000000072ec00000, 0x000000072ec00000, 0x000000072ee00000|  0%| F|  |TAMS 0x000000072ec00000| PB 0x000000072ec00000| Untracked 
| 101|0x000000072ee00000, 0x000000072ee722e8, 0x000000072f000000| 22%| E|  |TAMS 0x000000072ee00000| PB 0x000000072ee00000| Complete 
| 102|0x000000072f000000, 0x000000072f200000, 0x000000072f200000|100%| E|CS|TAMS 0x000000072f000000| PB 0x000000072f000000| Complete 
| 103|0x000000072f200000, 0x000000072f400000, 0x000000072f400000|100%| E|CS|TAMS 0x000000072f200000| PB 0x000000072f200000| Complete 
| 104|0x000000072f400000, 0x000000072f600000, 0x000000072f600000|100%| E|CS|TAMS 0x000000072f400000| PB 0x000000072f400000| Complete 
| 105|0x000000072f600000, 0x000000072f800000, 0x000000072f800000|100%| E|CS|TAMS 0x000000072f600000| PB 0x000000072f600000| Complete 
| 106|0x000000072f800000, 0x000000072fa00000, 0x000000072fa00000|100%| E|CS|TAMS 0x000000072f800000| PB 0x000000072f800000| Complete 
| 107|0x000000072fa00000, 0x000000072fc00000, 0x000000072fc00000|100%| E|CS|TAMS 0x000000072fa00000| PB 0x000000072fa00000| Complete 
| 108|0x000000072fc00000, 0x000000072fe00000, 0x000000072fe00000|100%| E|CS|TAMS 0x000000072fc00000| PB 0x000000072fc00000| Complete 
| 109|0x000000072fe00000, 0x0000000730000000, 0x0000000730000000|100%| E|CS|TAMS 0x000000072fe00000| PB 0x000000072fe00000| Complete 
| 110|0x0000000730000000, 0x0000000730200000, 0x0000000730200000|100%| E|CS|TAMS 0x0000000730000000| PB 0x0000000730000000| Complete 

Card table byte_map: [0x0000029d1bba0000,0x0000029d1c290000] _byte_map_base: 0x0000029d1828e000

Marking Bits: (CMBitMap*) 0x0000029d07ceed40
 Bits: [0x0000029d1c290000, 0x0000029d1fa00000)

Polling page: 0x0000029d07450000

Metaspace:

Usage:
  Non-class:     16.37 MB used.
      Class:      1.80 MB used.
       Both:     18.16 MB used.

Virtual space:
  Non-class space:       64.00 MB reserved,      16.56 MB ( 26%) committed,  1 nodes.
      Class space:        1.00 GB reserved,       1.94 MB ( <1%) committed,  1 nodes.
             Both:        1.06 GB reserved,      18.50 MB (  2%) committed. 

Chunk freelists:
   Non-Class:  14.75 MB
       Class:  14.12 MB
        Both:  28.87 MB

MaxMetaspaceSize: unlimited
CompressedClassSpaceSize: 1.00 GB
Initial GC threshold: 21.00 MB
Current GC threshold: 21.00 MB
CDS: off
 - commit_granule_bytes: 65536.
 - commit_granule_words: 8192.
 - virtual_space_node_default_size: 8388608.
 - enlarge_chunks_in_place: 1.
 - use_allocation_guard: 0.


Internal statistics:

num_allocs_failed_limit: 0.
num_arena_births: 268.
num_arena_deaths: 0.
num_vsnodes_births: 2.
num_vsnodes_deaths: 0.
num_space_committed: 296.
num_space_uncommitted: 0.
num_chunks_returned_to_freelist: 0.
num_chunks_taken_from_freelist: 479.
num_chunk_merges: 0.
num_chunk_splits: 269.
num_chunks_enlarged: 126.
num_inconsistent_stats: 0.

CodeHeap 'non-profiled nmethods': size=119168Kb used=416Kb max_used=416Kb free=118751Kb
 bounds [0x0000029d137c0000, 0x0000029d13a30000, 0x0000029d1ac20000]
CodeHeap 'profiled nmethods': size=119104Kb used=2374Kb max_used=2374Kb free=116729Kb
 bounds [0x0000029d0bc20000, 0x0000029d0be90000, 0x0000029d13070000]
CodeHeap 'non-nmethods': size=7488Kb used=3121Kb max_used=3143Kb free=4366Kb
 bounds [0x0000029d13070000, 0x0000029d13390000, 0x0000029d137c0000]
 total_blobs=1879 nmethods=1359 adapters=422
 compilation: enabled
              stopped_count=0, restarted_count=0
 full_count=0

Compilation events (20 events):
Event: 0.574 Thread 0x0000029d271c5ab0 nmethod 1269 0x0000029d0be33d90 code [0x0000029d0be33f40, 0x0000029d0be34150]
Event: 0.574 Thread 0x0000029d22c59cb0 1271   !   3       jdk.internal.misc.ScopedMemoryAccess::copyMemory (27 bytes)
Event: 0.574 Thread 0x0000029d22a2e1e0 1272   !   3       jdk.internal.misc.ScopedMemoryAccess::copyMemoryInternal (56 bytes)
Event: 0.575 Thread 0x0000029d22a2e1e0 nmethod 1272 0x0000029d0be34290 code [0x0000029d0be34480, 0x0000029d0be349b8]
Event: 0.575 Thread 0x0000029d22c59cb0 nmethod 1271 0x0000029d0be34d10 code [0x0000029d0be34f20, 0x0000029d0be35540]
Event: 0.575 Thread 0x0000029d271c5ab0 1273   !   3       java.lang.invoke.MethodHandleNatives::linkMethodHandleConstant (50 bytes)
Event: 0.575 Thread 0x0000029d22a2e1e0 1274       3       java.lang.invoke.MethodHandles$Lookup::linkMethodHandleConstant (223 bytes)
Event: 0.575 Thread 0x0000029d271c5ab0 nmethod 1273 0x0000029d0be35910 code [0x0000029d0be35ae0, 0x0000029d0be35ce8]
Event: 0.576 Thread 0x0000029d22a2e1e0 nmethod 1274 0x0000029d0be35e90 code [0x0000029d0be36280, 0x0000029d0be37a88]
Event: 0.577 Thread 0x0000029d271c5ab0 1275       3       java.lang.invoke.MemberName$Factory::resolveOrNull (54 bytes)
Event: 0.577 Thread 0x0000029d271c5ab0 nmethod 1275 0x0000029d0be38210 code [0x0000029d0be383e0, 0x0000029d0be38680]
Event: 0.577 Thread 0x0000029d2767adc0 nmethod 1267 0x0000029d13825190 code [0x0000029d138253a0, 0x0000029d138257c8]
Event: 0.577 Thread 0x0000029d271c5ab0 1276       3       java.nio.MappedByteBuffer::limit (6 bytes)
Event: 0.577 Thread 0x0000029d271c5ab0 nmethod 1276 0x0000029d0be38790 code [0x0000029d0be38940, 0x0000029d0be38b50]
Event: 0.578 Thread 0x0000029d271c5ab0 1277       1       java.util.concurrent.atomic.AtomicInteger::get (5 bytes)
Event: 0.578 Thread 0x0000029d271c5ab0 nmethod 1277 0x0000029d13825b10 code [0x0000029d13825ca0, 0x0000029d13825d68]
Event: 0.579 Thread 0x0000029d271c5ab0 1278       3       java.nio.ByteBuffer::get (9 bytes)
Event: 0.579 Thread 0x0000029d271c5ab0 nmethod 1278 0x0000029d0be38c90 code [0x0000029d0be38e40, 0x0000029d0be39020]
Event: 0.579 Thread 0x0000029d271c5ab0 1279       1       sun.security.provider.DigestBase::engineGetDigestLength (5 bytes)
Event: 0.579 Thread 0x0000029d271c5ab0 nmethod 1279 0x0000029d13825e10 code [0x0000029d13825fa0, 0x0000029d13826068]

GC Heap History (0 events):
No events

Dll operation events (2 events):
Event: 0.006 Loaded shared library C:\Program Files\JetBrains\IntelliJ IDEA Community Edition 2024.3\jbr\bin\java.dll
Event: 0.015 Loaded shared library C:\Program Files\JetBrains\IntelliJ IDEA Community Edition 2024.3\jbr\bin\zip.dll

Deoptimization events (20 events):
Event: 0.531 Thread 0x0000029d2769f850 Uncommon trap: trap_request=0xffffff66 fr.pc=0x0000029d1381c2f4 relative=0x0000000000000314
Event: 0.531 Thread 0x0000029d2769f850 Uncommon trap: reason=speculate_class_check action=maybe_recompile pc=0x0000029d1381c2f4 method=sun.security.util.math.intpoly.IntegerPolynomial.multByInt([JJ)V @ 26 c2
Event: 0.531 Thread 0x0000029d2769f850 DEOPT PACKING pc=0x0000029d1381c2f4 sp=0x000000fec01fdff0
Event: 0.531 Thread 0x0000029d2769f850 DEOPT UNPACKING pc=0x0000029d130c46a2 sp=0x000000fec01fded8 mode 2
Event: 0.531 Thread 0x0000029d2769f850 Uncommon trap: trap_request=0xffffff66 fr.pc=0x0000029d1381c2f4 relative=0x0000000000000314
Event: 0.531 Thread 0x0000029d2769f850 Uncommon trap: reason=speculate_class_check action=maybe_recompile pc=0x0000029d1381c2f4 method=sun.security.util.math.intpoly.IntegerPolynomial.multByInt([JJ)V @ 26 c2
Event: 0.531 Thread 0x0000029d2769f850 DEOPT PACKING pc=0x0000029d1381c2f4 sp=0x000000fec01fdff0
Event: 0.531 Thread 0x0000029d2769f850 DEOPT UNPACKING pc=0x0000029d130c46a2 sp=0x000000fec01fded8 mode 2
Event: 0.532 Thread 0x0000029d2769f850 Uncommon trap: trap_request=0xffffff66 fr.pc=0x0000029d1381c2f4 relative=0x0000000000000314
Event: 0.532 Thread 0x0000029d2769f850 Uncommon trap: reason=speculate_class_check action=maybe_recompile pc=0x0000029d1381c2f4 method=sun.security.util.math.intpoly.IntegerPolynomial.multByInt([JJ)V @ 26 c2
Event: 0.532 Thread 0x0000029d2769f850 DEOPT PACKING pc=0x0000029d1381c2f4 sp=0x000000fec01fdff0
Event: 0.532 Thread 0x0000029d2769f850 DEOPT UNPACKING pc=0x0000029d130c46a2 sp=0x000000fec01fded8 mode 2
Event: 0.532 Thread 0x0000029d2769f850 Uncommon trap: trap_request=0xffffff66 fr.pc=0x0000029d1381aef4 relative=0x0000000000000314
Event: 0.532 Thread 0x0000029d2769f850 Uncommon trap: reason=speculate_class_check action=maybe_recompile pc=0x0000029d1381aef4 method=sun.security.util.math.intpoly.IntegerPolynomial.multByInt([JJ)V @ 26 c2
Event: 0.532 Thread 0x0000029d2769f850 DEOPT PACKING pc=0x0000029d1381aef4 sp=0x000000fec01fdf80
Event: 0.532 Thread 0x0000029d2769f850 DEOPT UNPACKING pc=0x0000029d130c46a2 sp=0x000000fec01fded0 mode 2
Event: 0.532 Thread 0x0000029d2769f850 Uncommon trap: trap_request=0xffffff66 fr.pc=0x0000029d1381aef4 relative=0x0000000000000314
Event: 0.532 Thread 0x0000029d2769f850 Uncommon trap: reason=speculate_class_check action=maybe_recompile pc=0x0000029d1381aef4 method=sun.security.util.math.intpoly.IntegerPolynomial.multByInt([JJ)V @ 26 c2
Event: 0.532 Thread 0x0000029d2769f850 DEOPT PACKING pc=0x0000029d1381aef4 sp=0x000000fec01fdf80
Event: 0.532 Thread 0x0000029d2769f850 DEOPT UNPACKING pc=0x0000029d130c46a2 sp=0x000000fec01fded0 mode 2

Classes loaded (20 events):
Event: 0.556 Loading class jdk/internal/event/TLSHandshakeEvent
Event: 0.556 Loading class jdk/internal/event/TLSHandshakeEvent done
Event: 0.556 Loading class com/sun/crypto/provider/GaloisCounterMode$GCMEncrypt
Event: 0.556 Loading class com/sun/crypto/provider/GaloisCounterMode$GCMEncrypt done
Event: 0.556 Loading class com/sun/crypto/provider/GaloisCounterMode$EncryptOp
Event: 0.556 Loading class com/sun/crypto/provider/GaloisCounterMode$EncryptOp done
Event: 0.557 Loading class sun/security/ssl/CipherSuite$1
Event: 0.557 Loading class sun/security/ssl/CipherSuite$1 done
Event: 0.558 Loading class java/util/concurrent/CompletionException
Event: 0.558 Loading class java/util/concurrent/CompletionException done
Event: 0.572 Loading class java/util/Collections$UnmodifiableMap$UnmodifiableEntrySet
Event: 0.572 Loading class java/util/Collections$UnmodifiableMap$UnmodifiableEntrySet done
Event: 0.572 Loading class java/util/Collections$UnmodifiableMap$UnmodifiableEntrySet$1
Event: 0.572 Loading class java/util/Collections$UnmodifiableMap$UnmodifiableEntrySet$1 done
Event: 0.572 Loading class java/util/Collections$UnmodifiableMap$UnmodifiableEntrySet$UnmodifiableEntry
Event: 0.572 Loading class java/util/Collections$UnmodifiableMap$UnmodifiableEntrySet$UnmodifiableEntry done
Event: 0.579 Loading class sun/security/ssl/NewSessionTicket$T13NewSessionTicketMessage
Event: 0.579 Loading class sun/security/ssl/NewSessionTicket$NewSessionTicketMessage
Event: 0.579 Loading class sun/security/ssl/NewSessionTicket$NewSessionTicketMessage done
Event: 0.579 Loading class sun/security/ssl/NewSessionTicket$T13NewSessionTicketMessage done

Classes unloaded (0 events):
No events

Classes redefined (0 events):
No events

Internal exceptions (20 events):
Event: 0.315 Thread 0x0000029d05b67330 Exception <a 'java/lang/NoSuchMethodError'{0x000000072fb74d20}: 'int java.lang.invoke.DirectMethodHandle$Holder.invokeStaticInit(java.lang.Object, long, long)'> (0x000000072fb74d20) 
thrown [s\src\hotspot\share\interpreter\linkResolver.cpp, line 784]
Event: 0.316 Thread 0x0000029d05b67330 Exception <a 'java/lang/NoSuchMethodError'{0x000000072fb7b7b8}: 'int java.lang.invoke.DirectMethodHandle$Holder.invokeStaticInit(java.lang.Object, float, float)'> (0x000000072fb7b7b8) 
thrown [s\src\hotspot\share\interpreter\linkResolver.cpp, line 784]
Event: 0.316 Thread 0x0000029d05b67330 Exception <a 'java/lang/NoSuchMethodError'{0x000000072fb82248}: 'int java.lang.invoke.DirectMethodHandle$Holder.invokeStaticInit(java.lang.Object, double, double)'> (0x000000072fb82248) 
thrown [s\src\hotspot\share\interpreter\linkResolver.cpp, line 784]
Event: 0.317 Thread 0x0000029d05b67330 Exception <a 'java/lang/NoSuchMethodError'{0x000000072fb869f8}: 'int java.lang.invoke.DirectMethodHandle$Holder.invokeStatic(java.lang.Object, long)'> (0x000000072fb869f8) 
thrown [s\src\hotspot\share\interpreter\linkResolver.cpp, line 784]
Event: 0.320 Thread 0x0000029d05b67330 Exception <a 'java/lang/NoSuchMethodError'{0x000000072fbb37d8}: 'java.lang.Object java.lang.invoke.DelegatingMethodHandle$Holder.delegate(java.lang.Object, int, java.lang.Object, java.lang.Object)'> (0x000000072fbb37d8) 
thrown [s\src\hotspot\share\interpreter\linkResolver.cpp, line 784]
Event: 0.322 Thread 0x0000029d05b67330 Exception <a 'java/lang/NoSuchMethodError'{0x000000072fbc2af8}: 'int java.lang.invoke.Invokers$Holder.linkToTargetMethod(java.lang.Object, java.lang.Object, java.lang.Object)'> (0x000000072fbc2af8) 
thrown [s\src\hotspot\share\interpreter\linkResolver.cpp, line 784]
Event: 0.325 Thread 0x0000029d05b67330 Exception <a 'java/lang/NoSuchMethodError'{0x000000072f82b360}: 'long java.lang.invoke.DirectMethodHandle$Holder.invokeSpecial(java.lang.Object, java.lang.Object)'> (0x000000072f82b360) 
thrown [s\src\hotspot\share\interpreter\linkResolver.cpp, line 784]
Event: 0.326 Thread 0x0000029d05b67330 Exception <a 'java/lang/NoSuchMethodError'{0x000000072f831c30}: 'int java.lang.invoke.DirectMethodHandle$Holder.invokeStatic(java.lang.Object, java.lang.Object, java.lang.Object, java.lang.Object)'> (0x000000072f831c30) 
thrown [s\src\hotspot\share\interpreter\linkResolver.cpp, line 784]
Event: 0.326 Thread 0x0000029d05b67330 Exception <a 'java/lang/NoSuchMethodError'{0x000000072f835050}: 'java.lang.Object java.lang.invoke.Invokers$Holder.invokeExact_MT(java.lang.Object, java.lang.Object, java.lang.Object, java.lang.Object, java.lang.Object, java.lang.Object)'> (0x000000072f835050) 
thrown [s\src\hotspot\share\interpreter\linkResolver.cpp, line 784]
Event: 0.397 Thread 0x0000029d05b67330 Exception <a 'java/lang/NoSuchMethodError'{0x000000072f6544c8}: 'java.lang.Object java.lang.invoke.DirectMethodHandle$Holder.newInvokeSpecial(java.lang.Object, java.lang.Object, java.lang.Object, java.lang.Object, java.lang.Object)'> (0x000000072f6544c8) 
thrown [s\src\hotspot\share\interpreter\linkResolver.cpp, line 784]
Event: 0.421 Thread 0x0000029d05b67330 Exception <a 'java/lang/NoSuchMethodError'{0x000000072f44f7f0}: 'java.lang.Object java.lang.invoke.DirectMethodHandle$Holder.invokeSpecial(java.lang.Object, java.lang.Object, java.lang.Object, java.lang.Object, int)'> (0x000000072f44f7f0) 
thrown [s\src\hotspot\share\interpreter\linkResolver.cpp, line 784]
Event: 0.421 Thread 0x0000029d05b67330 Exception <a 'java/lang/NoSuchMethodError'{0x000000072f453158}: 'java.lang.Object java.lang.invoke.Invokers$Holder.linkToTargetMethod(java.lang.Object, java.lang.Object, int, java.lang.Object)'> (0x000000072f453158) 
thrown [s\src\hotspot\share\interpreter\linkResolver.cpp, line 784]
Event: 0.426 Thread 0x0000029d05b67330 Exception <a 'java/lang/NoSuchMethodError'{0x000000072f481de8}: 'void java.lang.invoke.DirectMethodHandle$Holder.invokeSpecial(java.lang.Object, java.lang.Object, java.lang.Object)'> (0x000000072f481de8) 
thrown [s\src\hotspot\share\interpreter\linkResolver.cpp, line 784]
Event: 0.436 Thread 0x0000029d05b67330 Exception <a 'java/lang/NoSuchMethodError'{0x000000072f511858}: 'void java.lang.invoke.DirectMethodHandle$Holder.invokeSpecial(java.lang.Object, java.lang.Object, java.lang.Object, java.lang.Object, java.lang.Object)'> (0x000000072f511858) 
thrown [s\src\hotspot\share\interpreter\linkResolver.cpp, line 784]
Event: 0.436 Thread 0x0000029d275e8ab0 Exception <a 'java/lang/NoSuchMethodError'{0x000000072f692348}: 'void java.lang.invoke.DirectMethodHandle$Holder.invokeStatic(java.lang.Object, java.lang.Object, int)'> (0x000000072f692348) 
thrown [s\src\hotspot\share\interpreter\linkResolver.cpp, line 784]
Event: 0.441 Thread 0x0000029d275e8ab0 Exception <a 'java/lang/NoSuchMethodError'{0x000000072f6cba88}: 'void java.lang.invoke.DirectMethodHandle$Holder.invokeStatic(java.lang.Object, java.lang.Object)'> (0x000000072f6cba88) 
thrown [s\src\hotspot\share\interpreter\linkResolver.cpp, line 784]
Event: 0.442 Thread 0x0000029d2769f850 Exception <a 'java/lang/NoSuchMethodError'{0x000000072f576918}: 'void java.lang.invoke.DirectMethodHandle$Holder.invokeInterface(java.lang.Object, java.lang.Object, java.lang.Object)'> (0x000000072f576918) 
thrown [s\src\hotspot\share\interpreter\linkResolver.cpp, line 784]
Event: 0.447 Thread 0x0000029d2769f850 Exception <a 'java/lang/NoSuchMethodError'{0x000000072f5c8d08}: 'void java.lang.invoke.DirectMethodHandle$Holder.invokeVirtual(java.lang.Object, java.lang.Object)'> (0x000000072f5c8d08) 
thrown [s\src\hotspot\share\interpreter\linkResolver.cpp, line 784]
Event: 0.526 Thread 0x0000029d2769f850 Exception <a 'java/lang/NoSuchMethodError'{0x000000072f3d6e60}: 'void java.lang.invoke.DirectMethodHandle$Holder.invokeInterface(java.lang.Object, java.lang.Object)'> (0x000000072f3d6e60) 
thrown [s\src\hotspot\share\interpreter\linkResolver.cpp, line 784]
Event: 0.557 Thread 0x0000029d2769f850 Exception <a 'java/lang/NoSuchMethodError'{0x000000072f04e378}: 'void java.lang.invoke.DirectMethodHandle$Holder.invokeStatic(java.lang.Object, java.lang.Object, java.lang.Object, java.lang.Object)'> (0x000000072f04e378) 
thrown [s\src\hotspot\share\interpreter\linkResolver.cpp, line 784]

ZGC Phase Switch (0 events):
No events

VM Operations (10 events):
Event: 0.124 Executing VM operation: HandshakeAllThreads (Deoptimize)
Event: 0.124 Executing VM operation: HandshakeAllThreads (Deoptimize) done
Event: 0.133 Executing VM operation: HandshakeAllThreads (Deoptimize)
Event: 0.133 Executing VM operation: HandshakeAllThreads (Deoptimize) done
Event: 0.266 Executing VM operation: HandshakeAllThreads (Deoptimize)
Event: 0.266 Executing VM operation: HandshakeAllThreads (Deoptimize) done
Event: 0.438 Executing VM operation: HandshakeAllThreads (Deoptimize)
Event: 0.438 Executing VM operation: HandshakeAllThreads (Deoptimize) done
Event: 0.481 Executing VM operation: ICBufferFull
Event: 0.481 Executing VM operation: ICBufferFull done

Memory protections (0 events):
No events

Nmethod flushes (0 events):
No events

Events (20 events):
Event: 0.072 Thread 0x0000029d05b67330 Thread added: 0x0000029d22c7d060
Event: 0.072 Thread 0x0000029d05b67330 Thread added: 0x0000029d22c7e140
Event: 0.072 Thread 0x0000029d05b67330 Thread added: 0x0000029d22c59cb0
Event: 0.093 Thread 0x0000029d22c59cb0 Thread added: 0x0000029d22a2e1e0
Event: 0.098 Thread 0x0000029d05b67330 Thread added: 0x0000029d22e1ff40
Event: 0.103 Thread 0x0000029d05b67330 Thread added: 0x0000029d22e235c0
Event: 0.111 Loaded shared library C:\Program Files\JetBrains\IntelliJ IDEA Community Edition 2024.3\jbr\bin\net.dll
Event: 0.112 Loaded shared library C:\Program Files\JetBrains\IntelliJ IDEA Community Edition 2024.3\jbr\bin\nio.dll
Event: 0.120 Loaded shared library C:\Program Files\JetBrains\IntelliJ IDEA Community Edition 2024.3\jbr\bin\zip.dll
Event: 0.184 Loaded shared library C:\Program Files\JetBrains\IntelliJ IDEA Community Edition 2024.3\jbr\bin\jimage.dll
Event: 0.275 Thread 0x0000029d22c7e140 Thread added: 0x0000029d272625b0
Event: 0.275 Thread 0x0000029d22c7e140 Thread added: 0x0000029d271c5ab0
Event: 0.357 Loaded shared library C:\Program Files\JetBrains\IntelliJ IDEA Community Edition 2024.3\jbr\bin\sunmscapi.dll
Event: 0.388 Loaded shared library C:\Program Files\JetBrains\IntelliJ IDEA Community Edition 2024.3\jbr\bin\extnet.dll
Event: 0.393 Thread 0x0000029d05b67330 Thread added: 0x0000029d275e8ab0
Event: 0.441 Thread 0x0000029d275e8ab0 Thread added: 0x0000029d2769f850
Event: 0.451 Thread 0x0000029d275e8ab0 Thread added: 0x0000029d276987e0
Event: 0.483 Thread 0x0000029d272625b0 Thread added: 0x0000029d2767adc0
Event: 0.484 Thread 0x0000029d22c59cb0 Thread added: 0x0000029d2767b460
Event: 0.485 Thread 0x0000029d22a2e1e0 Thread added: 0x0000029d276cd020


Dynamic libraries:
0x00007ff69ff00000 - 0x00007ff69ff0a000 	C:\Program Files\JetBrains\IntelliJ IDEA Community Edition 2024.3\jbr\bin\java.exe
0x00007ffb5a710000 - 0x00007ffb5a927000 	C:\Windows\SYSTEM32\ntdll.dll
0x00007ffb59230000 - 0x00007ffb592f4000 	C:\Windows\System32\KERNEL32.DLL
0x00007ffb57ba0000 - 0x00007ffb57f70000 	C:\Windows\System32\KERNELBASE.dll
0x00007ffb57950000 - 0x00007ffb57a61000 	C:\Windows\System32\ucrtbase.dll
0x00007ffb39a00000 - 0x00007ffb39a18000 	C:\Program Files\JetBrains\IntelliJ IDEA Community Edition 2024.3\jbr\bin\jli.dll
0x00007ffb391b0000 - 0x00007ffb391cb000 	C:\Program Files\JetBrains\IntelliJ IDEA Community Edition 2024.3\jbr\bin\VCRUNTIME140.dll
0x00007ffb583a0000 - 0x00007ffb58551000 	C:\Windows\System32\USER32.dll
0x00007ffb58370000 - 0x00007ffb58396000 	C:\Windows\System32\win32u.dll
0x00007ffb45d40000 - 0x00007ffb45fdc000 	C:\Windows\WinSxS\amd64_microsoft.windows.common-controls_6595b64144ccf1df_6.0.22621.5840_none_2710ea077384a4fe\COMCTL32.dll
0x00007ffb58c40000 - 0x00007ffb58c69000 	C:\Windows\System32\GDI32.dll
0x00007ffb58c90000 - 0x00007ffb58d37000 	C:\Windows\System32\msvcrt.dll
0x00007ffb57a70000 - 0x00007ffb57b93000 	C:\Windows\System32\gdi32full.dll
0x00007ffb57ff0000 - 0x00007ffb5808a000 	C:\Windows\System32\msvcp_win.dll
0x00007ffb589c0000 - 0x00007ffb589f1000 	C:\Windows\System32\IMM32.DLL
0x00007ffb416e0000 - 0x00007ffb416ec000 	C:\Program Files\JetBrains\IntelliJ IDEA Community Edition 2024.3\jbr\bin\vcruntime140_1.dll
0x00007ffb21960000 - 0x00007ffb219ed000 	C:\Program Files\JetBrains\IntelliJ IDEA Community Edition 2024.3\jbr\bin\msvcp140.dll
0x00007ffb14410000 - 0x00007ffb151d1000 	C:\Program Files\JetBrains\IntelliJ IDEA Community Edition 2024.3\jbr\bin\server\jvm.dll
0x00007ffb58610000 - 0x00007ffb586c1000 	C:\Windows\System32\ADVAPI32.dll
0x00007ffb58560000 - 0x00007ffb58608000 	C:\Windows\System32\sechost.dll
0x00007ffb58150000 - 0x00007ffb58178000 	C:\Windows\System32\bcrypt.dll
0x00007ffb5a5b0000 - 0x00007ffb5a6c8000 	C:\Windows\System32\RPCRT4.dll
0x00007ffb594a0000 - 0x00007ffb59511000 	C:\Windows\System32\WS2_32.dll
0x00007ffb576e0000 - 0x00007ffb5772d000 	C:\Windows\SYSTEM32\POWRPROF.dll
0x00007ffb4e120000 - 0x00007ffb4e12a000 	C:\Windows\SYSTEM32\VERSION.dll
0x00007ffb51cb0000 - 0x00007ffb51ce4000 	C:\Windows\SYSTEM32\WINMM.dll
0x00007ffb576c0000 - 0x00007ffb576d3000 	C:\Windows\SYSTEM32\UMPDC.dll
0x00007ffb567a0000 - 0x00007ffb567b8000 	C:\Windows\SYSTEM32\kernel.appcore.dll
0x00007ffb3a530000 - 0x00007ffb3a53a000 	C:\Program Files\JetBrains\IntelliJ IDEA Community Edition 2024.3\jbr\bin\jimage.dll
0x00007ffb549c0000 - 0x00007ffb54bf3000 	C:\Windows\SYSTEM32\DBGHELP.DLL
0x00007ffb58e20000 - 0x00007ffb591b1000 	C:\Windows\System32\combase.dll
0x00007ffb59300000 - 0x00007ffb593d8000 	C:\Windows\System32\OLEAUT32.dll
0x00007ffb4ad30000 - 0x00007ffb4ad62000 	C:\Windows\SYSTEM32\dbgcore.DLL
0x00007ffb58180000 - 0x00007ffb581fb000 	C:\Windows\System32\bcryptPrimitives.dll
0x00007ffb39110000 - 0x00007ffb39130000 	C:\Program Files\JetBrains\IntelliJ IDEA Community Edition 2024.3\jbr\bin\java.dll
0x00007ffb38070000 - 0x00007ffb38088000 	C:\Program Files\JetBrains\IntelliJ IDEA Community Edition 2024.3\jbr\bin\zip.dll
0x00007ffb59880000 - 0x00007ffb5a121000 	C:\Windows\System32\SHELL32.dll
0x00007ffb57810000 - 0x00007ffb5794f000 	C:\Windows\System32\wintypes.dll
0x00007ffb55690000 - 0x00007ffb55faa000 	C:\Windows\SYSTEM32\windows.storage.dll
0x00007ffb588a0000 - 0x00007ffb589aa000 	C:\Windows\System32\SHCORE.dll
0x00007ffb58d40000 - 0x00007ffb58da9000 	C:\Windows\System32\shlwapi.dll
0x00007ffb57740000 - 0x00007ffb57765000 	C:\Windows\SYSTEM32\profapi.dll
0x00007ffb39ed0000 - 0x00007ffb39ee0000 	C:\Program Files\JetBrains\IntelliJ IDEA Community Edition 2024.3\jbr\bin\net.dll
0x00007ffb53360000 - 0x00007ffb5348c000 	C:\Windows\SYSTEM32\WINHTTP.dll
0x00007ffb56c60000 - 0x00007ffb56cc9000 	C:\Windows\system32\mswsock.dll
0x00007ffb36910000 - 0x00007ffb36926000 	C:\Program Files\JetBrains\IntelliJ IDEA Community Edition 2024.3\jbr\bin\nio.dll
0x00007ffb56fb0000 - 0x00007ffb56fcb000 	C:\Windows\SYSTEM32\CRYPTSP.dll
0x00007ffb56700000 - 0x00007ffb56737000 	C:\Windows\system32\rsaenh.dll
0x00007ffb56d00000 - 0x00007ffb56d28000 	C:\Windows\SYSTEM32\USERENV.dll
0x00007ffb56f90000 - 0x00007ffb56f9c000 	C:\Windows\SYSTEM32\CRYPTBASE.dll
0x00007ffb56210000 - 0x00007ffb5623d000 	C:\Windows\SYSTEM32\IPHLPAPI.DLL
0x00007ffb58dc0000 - 0x00007ffb58dc9000 	C:\Windows\System32\NSI.dll
0x00007ffb39920000 - 0x00007ffb3992e000 	C:\Program Files\JetBrains\IntelliJ IDEA Community Edition 2024.3\jbr\bin\sunmscapi.dll
0x00007ffb58200000 - 0x00007ffb58368000 	C:\Windows\System32\CRYPT32.dll
0x00007ffb570b0000 - 0x00007ffb570dd000 	C:\Windows\SYSTEM32\ncrypt.dll
0x00007ffb57070000 - 0x00007ffb570a7000 	C:\Windows\SYSTEM32\NTASN1.dll
0x00007ffafce40000 - 0x00007ffafce48000 	C:\Windows\system32\wshunix.dll
0x00007ffb39800000 - 0x00007ffb39809000 	C:\Program Files\JetBrains\IntelliJ IDEA Community Edition 2024.3\jbr\bin\extnet.dll

dbghelp: loaded successfully - version: 4.0.5 - missing functions: none
symbol engine: initialized successfully - sym options: 0x614 - pdb path: .;C:\Program Files\JetBrains\IntelliJ IDEA Community Edition 2024.3\jbr\bin;C:\Windows\SYSTEM32;C:\Windows\WinSxS\amd64_microsoft.windows.common-controls_6595b64144ccf1df_6.0.22621.5840_none_2710ea077384a4fe;C:\Program Files\JetBrains\IntelliJ IDEA Community Edition 2024.3\jbr\bin\server

VM Arguments:
java_command: git4idea.http.GitAskPassApp Username for 'https://github.com': 
java_class_path (initial): C:/Program Files/JetBrains/IntelliJ IDEA Community Edition 2024.3/plugins/vcs-git/lib/git4idea-rt.jar;C:/Program Files/JetBrains/IntelliJ IDEA Community Edition 2024.3/lib/externalProcess-rt.jar
Launcher Type: SUN_STANDARD

[Global flags]
     intx CICompilerCount                          = 12                                        {product} {ergonomic}
     uint ConcGCThreads                            = 3                                         {product} {ergonomic}
     uint G1ConcRefinementThreads                  = 13                                        {product} {ergonomic}
   size_t G1HeapRegionSize                         = 2097152                                   {product} {ergonomic}
    uintx GCDrainStackTargetSize                   = 64                                        {product} {ergonomic}
   size_t InitialHeapSize                          = 232783872                                 {product} {ergonomic}
   size_t MarkStackSize                            = 4194304                                   {product} {ergonomic}
   size_t MaxHeapSize                              = 3720347648                                {product} {ergonomic}
   size_t MaxNewSize                               = 2231369728                                {product} {ergonomic}
   size_t MinHeapDeltaBytes                        = 2097152                                   {product} {ergonomic}
   size_t MinHeapSize                              = 8388608                                   {product} {ergonomic}
    uintx NonNMethodCodeHeapSize                   = 7602480                                {pd product} {ergonomic}
    uintx NonProfiledCodeHeapSize                  = 122027880                              {pd product} {ergonomic}
    uintx ProfiledCodeHeapSize                     = 122027880                              {pd product} {ergonomic}
    uintx ReservedCodeCacheSize                    = 251658240                              {pd product} {ergonomic}
     bool SegmentedCodeCache                       = true                                      {product} {ergonomic}
   size_t SoftMaxHeapSize                          = 3720347648                             {manageable} {ergonomic}
     bool UseCompressedOops                        = true                           {product lp64_product} {ergonomic}
     bool UseG1GC                                  = true                                      {product} {ergonomic}
     bool UseLargePagesIndividualAllocation        = false                                  {pd product} {ergonomic}

Logging:
Log output configuration:
 #0: stdout all=warning uptime,level,tags foldmultilines=false
 #1: stderr all=off uptime,level,tags foldmultilines=false

Environment Variables:
JAVA_HOME=C:\Program Files\Java\jdk-17
PATH=C:\Program Files\Git\mingw64\libexec\git-core;C:\Program Files\Git\mingw64\libexec\git-core;C:\Program Files\Git\mingw64\bin;C:\Program Files\Git\usr\bin;C:\Users\Win\bin;C:\Program Files\Common Files\Oracle\Java\javapath;C:\Windows\system32;C:\Windows;C:\Windows\System32\Wbem;C:\Windows\System32\WindowsPowerShell\v1.0;C:\Windows\System32\OpenSSH;C:\Program Files (x86)\Microsoft SQL Server\160\Tools\Binn;C:\Program Files\Microsoft SQL Server\160\Tools\Binn;C:\Program Files\Microsoft SQL Server\Client SDK\ODBC\170\Tools\Binn;C:\Program Files\Microsoft SQL Server\160\DTS\Binn;C:\Program Files (x86)\Microsoft SQL Server\160\DTS\Binn;C:\Program Files\starship\bin;C:\xampp\php;C:\Users\Win\AppData\Local\Packages\PythonSoftwareFoundation.Python.3.12_qbz5n2kfra8p0\LocalCache\local-packages\Python312\Scripts;C:\ProgramData\ComposerSetup\bin;C:\Program Files\Git\cmd;C:\Users\Win\AppData\Local\Packages\PythonSoftwareFoundation.Python.3.12_qbz5n2kfra8p0\LocalCache\local-packages\Python312\site-packages\cmake;C:\spring-3.4.3\bin;C:\Program Files\dotnet;C:\Program Files\OpenSSL-Win64\bin;C:\Program Files (x86)\cloudflared;C:\Users\Win\AppData\Roaming\nvm;C:\Program Files\nodejs;C:\Users\Win\AppData\Local\Android\Sdk\cmdline-tools\latest\bin;C:\Users\Win\AppData\Local\Android\Sdk\platform-tools;C:\Users\Win\AppData\Local\Android\Sdk\emulator;C:\Users\Win\AppData\Local\Android\Sdk\tools\bin;C:\Program Files\Docker\Docker\resources\bin;C:\Program Files\Java\jdk-17\bin;C:\Users\Win\AppData\Local\Pub\Cache\bin;C:\hadoop-3.2.2\bin;C:\Users\Win\AppData\Local\pnpm;C:\Users\Win\AppData\Local\Microsoft\WindowsApps;C:\Users\Win\AppData\Local\Programs\Microsoft VS Code\bin;C:\Program Files\Azure Data Studio\bin;C:\ProgramData\chocolatey\bin;C:\Tools\neovim\nvim-win64\bin;C:\Users\Win\AppData\Roaming\npm;C:\Users\Win\AppData\Roaming\Composer\vendor\bin;C:\Tools\mysql\current\bin;C:\Users\Win\.dotnet\tools;C:\Program Files\Java\jdk-17\bin;C:\Program Files\OpenSSL-Win64\bin;C:\Program Files\Java\jdk-17;C:\Program Files\JetBrains\IntelliJ IDEA Community Edition 2024.3\bin;C:\Users\Win\AppData\Roaming\nvm;C:\Program Files\nodejs;C:\flutter\bin;C:\Users\Win\AppData\Local\Android\Sdk\platform-tools;C:\Users\Win\AppData\Local\Android\Sdk\emulator;C:\Users\Win\AppData\Local\Android\Sdk\cmdline-tools\latest\bin;C:\Users\Win\AppData\Local\Android\Sdk\tools\bin
USERNAME=Win
DISPLAY=:0.0
LC_ALL=en_US.UTF-8
TERM=xterm-256color
TMPDIR=C:\Users\Win\AppData\Local\Temp
OS=Windows_NT
PROCESSOR_IDENTIFIER=AMD64 Family 25 Model 80 Stepping 0, AuthenticAMD
TMP=C:\Users\Win\AppData\Local\Temp
TEMP=C:\Users\Win\AppData\Local\Temp




Periodic native trim disabled

JNI global refs:
JNI global refs: 28, weak refs: 0

JNI global refs memory usage: 835, weak refs: 833

Process memory usage:
Resident Set Size: 90028K (0% of 14528572K total physical memory with 1044288K free physical memory)

OOME stack traces (most recent first):
Classloader memory used:
Loader bootstrap                                                                       : 16555K
Loader jdk.internal.loader.ClassLoaders$PlatformClassLoader                            : 2025K
Loader jdk.internal.loader.ClassLoaders$AppClassLoader                                 : 20416B

---------------  S Y S T E M  ---------------

OS:
 Windows 11 , 64 bit Build 22621 (10.0.22621.5415)
OS uptime: 0 days 11:28 hours
Hyper-V role detected

CPU: total 16 (initial active 16) (16 cores per cpu, 2 threads per core) family 25 model 80 stepping 0 microcode 0x0, cx8, cmov, fxsr, ht, mmx, 3dnowpref, sse, sse2, sse3, ssse3, sse4a, sse4.1, sse4.2, popcnt, lzcnt, tsc, tscinvbit, avx, avx2, aes, erms, clmul, bmi1, bmi2, adx, sha, fma, vzeroupper, clflush, clflushopt, hv, rdtscp, rdpid, fsrm, f16c, cet_ss
Processor Information for all 16 processors :
  Max Mhz: 1901, Current Mhz: 1901, Mhz Limit: 1901

Memory: 4k page, system-wide physical 14188M (1019M free)
TotalPageFile size 28226M (AvailPageFile size 6M)
current process WorkingSet (physical memory assigned to process): 87M, peak: 87M
current process commit charge ("private bytes"): 341M, peak: 343M

vm_info: OpenJDK 64-Bit Server VM (21.0.5+8-b631.16) for windows-amd64 JRE (21.0.5+8-b631.16), built on 2024-11-02 by "builduser" with MS VC++ 16.10 / 16.11 (VS2019)

END.
