#
# There is insufficient memory for the Java Runtime Environment to continue.
# Native memory allocation (malloc) failed to allocate 1595984 bytes. Error detail: Chunk::new
# Possible reasons:
#   The system is out of physical RAM or swap space
#   This process is running with CompressedOops enabled, and the Java Heap may be blocking the growth of the native heap
# Possible solutions:
#   Reduce memory load on the system
#   Increase physical memory or swap space
#   Check if swap backing store is full
#   Decrease Java heap size (-Xmx/-Xms)
#   Decrease number of Java threads
#   Decrease Java thread stack sizes (-Xss)
#   Set larger code cache with -XX:ReservedCodeCacheSize=
#   JVM is running with Unscaled Compressed Oops mode in which the Java heap is
#     placed in the first 4GB address space. The Java Heap base address is the
#     maximum limit for the native heap growth. Please use -XX:HeapBaseMinAddress
#     to set the Java Heap base and to place the Java Heap above 4GB virtual address.
# This output file may be truncated or incomplete.
#
#  Out of Memory Error (arena.cpp:168), pid=20504, tid=25984
#
# JRE version: OpenJDK Runtime Environment Temurin-21.0.8+9 (21.0.8+9) (build 21.0.8+9-LTS)
# Java VM: OpenJDK 64-Bit Server VM Temurin-21.0.8+9 (21.0.8+9-LTS, mixed mode, sharing, tiered, compressed oops, compressed class ptrs, parallel gc, windows-amd64)
# No core dump will be written. Minidumps are not enabled by default on client versions of Windows
#

---------------  S U M M A R Y ------------

Command Line: --add-modules=ALL-SYSTEM --add-opens=java.base/java.util=ALL-UNNAMED --add-opens=java.base/java.lang=ALL-UNNAMED --add-opens=java.base/sun.nio.fs=ALL-UNNAMED -Declipse.application=org.eclipse.jdt.ls.core.id1 -Dosgi.bundles.defaultStartLevel=4 -Declipse.product=org.eclipse.jdt.ls.core.product -Djava.import.generatesMetadataFilesAtProjectRoot=false -DDetectVMInstallationsJob.disabled=true -Dfile.encoding=utf8 -XX:+UseParallelGC -XX:GCTimeRatio=4 -XX:AdaptiveSizePolicyWeight=90 -Dsun.zip.disableMemoryMapping=true -Xmx2G -Xms100m -Xlog:disable -javaagent:c:\Users\Win\.vscode\extensions\redhat.java-1.45.0-win32-x64\lombok\lombok-1.18.39-4050.jar -XX:+HeapDumpOnOutOfMemoryError -XX:HeapDumpPath=c:\Users\Win\AppData\Roaming\Code\User\workspaceStorage\963a81cb291c2c8916a36296ea758708\redhat.java -Daether.dependencyCollector.impl=bf c:\Users\Win\.vscode\extensions\redhat.java-1.45.0-win32-x64\server\plugins\org.eclipse.equinox.launcher_1.7.0.v20250519-0528.jar -configuration c:\Users\Win\AppData\Roaming\Code\User\globalStorage\redhat.java\1.45.0\config_win -data c:\Users\Win\AppData\Roaming\Code\User\workspaceStorage\963a81cb291c2c8916a36296ea758708\redhat.java\jdt_ws --pipe=\\.\pipe\lsp-d1459fa17d2570ed49205845c55e5c86-sock

Host: AMD Ryzen 7 5800U with Radeon Graphics         , 16 cores, 13G,  Windows 11 , 64 bit Build 22621 (10.0.22621.5415)
Time: Tue Sep 23 10:28:50 2025 SE Asia Standard Time elapsed time: 21.452513 seconds (0d 0h 0m 21s)

---------------  T H R E A D  ---------------

Current thread (0x0000025de551ed40):  JavaThread "C2 CompilerThread2" daemon [_thread_in_native, id=25984, stack(0x00000099a5e00000,0x00000099a5f00000) (1024K)]


Current CompileTask:
C2:21452 6887   !   4       org.eclipse.osgi.internal.loader.BundleLoader::findClass0 (491 bytes)

Stack: [0x00000099a5e00000,0x00000099a5f00000]
Native frames: (J=compiled Java code, j=interpreted, Vv=VM code, C=native code)
V  [jvm.dll+0x6d2449]
V  [jvm.dll+0x8ae341]
V  [jvm.dll+0x8b08be]
V  [jvm.dll+0x8b0fa3]
V  [jvm.dll+0x280c96]
V  [jvm.dll+0xc581d]
V  [jvm.dll+0xc5d53]
V  [jvm.dll+0x3b919c]
V  [jvm.dll+0x1e1409]
V  [jvm.dll+0x249022]
V  [jvm.dll+0x2484af]
V  [jvm.dll+0x1c89ee]
V  [jvm.dll+0x257d4d]
V  [jvm.dll+0x2562ea]
V  [jvm.dll+0x3f2d16]
V  [jvm.dll+0x857e6b]
V  [jvm.dll+0x6d0b0d]
C  [ucrtbase.dll+0x29333]
C  [KERNEL32.DLL+0x1259d]
C  [ntdll.dll+0x5af78]


---------------  P R O C E S S  ---------------

Threads class SMR info:
_java_thread_list=0x0000025deffb9be0, length=54, elements={
0x0000025dcd2d1710, 0x0000025de5313f70, 0x0000025de53177e0, 0x0000025de531b910,
0x0000025de531c820, 0x0000025de531e7b0, 0x0000025de53255d0, 0x0000025de5328860,
0x0000025de532b700, 0x0000025de541cec0, 0x0000025deb03aa30, 0x0000025deb848440,
0x0000025deb6b46e0, 0x0000025debbc96e0, 0x0000025deb1dd0e0, 0x0000025de5522a40,
0x0000025deb1ce650, 0x0000025de551dfa0, 0x0000025de5521890, 0x0000025de551d8d0,
0x0000025de551f410, 0x0000025debb72b10, 0x0000025de551e670, 0x0000025de551ed40,
0x0000025debb710d0, 0x0000025debb74550, 0x0000025debb72480, 0x0000025debb71760,
0x0000025de5520f50, 0x0000025de551fae0, 0x0000025debb731a0, 0x0000025debb73ec0,
0x0000025dec493da0, 0x0000025dec493710, 0x0000025dec496500, 0x0000025dec495150,
0x0000025dec494430, 0x0000025dec498c60, 0x0000025dec499980, 0x0000025dec494ac0,
0x0000025dec4957e0, 0x0000025dec496b90, 0x0000025dec497f40, 0x0000025dec497220,
0x0000025dec4978b0, 0x0000025dec4985d0, 0x0000025dec49a010, 0x0000025dec4992f0,
0x0000025dec493080, 0x0000025dec49a6a0, 0x0000025dec495e70, 0x0000025def6f0bc0,
0x0000025def6f46d0, 0x0000025def6eeaf0
}

Java Threads: ( => current thread )
  0x0000025dcd2d1710 JavaThread "main"                              [_thread_blocked, id=11928, stack(0x00000099a3800000,0x00000099a3900000) (1024K)]
  0x0000025de5313f70 JavaThread "Reference Handler"          daemon [_thread_blocked, id=12940, stack(0x00000099a3c00000,0x00000099a3d00000) (1024K)]
  0x0000025de53177e0 JavaThread "Finalizer"                  daemon [_thread_blocked, id=2876, stack(0x00000099a3d00000,0x00000099a3e00000) (1024K)]
  0x0000025de531b910 JavaThread "Signal Dispatcher"          daemon [_thread_blocked, id=15148, stack(0x00000099a3e00000,0x00000099a3f00000) (1024K)]
  0x0000025de531c820 JavaThread "Attach Listener"            daemon [_thread_blocked, id=27392, stack(0x00000099a3f00000,0x00000099a4000000) (1024K)]
  0x0000025de531e7b0 JavaThread "Service Thread"             daemon [_thread_blocked, id=18636, stack(0x00000099a4000000,0x00000099a4100000) (1024K)]
  0x0000025de53255d0 JavaThread "Monitor Deflation Thread"   daemon [_thread_blocked, id=6164, stack(0x00000099a4100000,0x00000099a4200000) (1024K)]
  0x0000025de5328860 JavaThread "C2 CompilerThread0"         daemon [_thread_blocked, id=10780, stack(0x00000099a4200000,0x00000099a4300000) (1024K)]
  0x0000025de532b700 JavaThread "C1 CompilerThread0"         daemon [_thread_blocked, id=21160, stack(0x00000099a4300000,0x00000099a4400000) (1024K)]
  0x0000025de541cec0 JavaThread "Common-Cleaner"             daemon [_thread_blocked, id=19248, stack(0x00000099a4400000,0x00000099a4500000) (1024K)]
  0x0000025deb03aa30 JavaThread "Notification Thread"        daemon [_thread_blocked, id=17036, stack(0x00000099a4900000,0x00000099a4a00000) (1024K)]
  0x0000025deb848440 JavaThread "Active Thread: Equinox Container: 43b3f80f-e4ac-4499-aef3-19331c6ccd18"        [_thread_blocked, id=25780, stack(0x00000099a5200000,0x00000099a5300000) (1024K)]
  0x0000025deb6b46e0 JavaThread "Refresh Thread: Equinox Container: 43b3f80f-e4ac-4499-aef3-19331c6ccd18" daemon [_thread_blocked, id=16284, stack(0x00000099a4600000,0x00000099a4700000) (1024K)]
  0x0000025debbc96e0 JavaThread "Framework Event Dispatcher: Equinox Container: 43b3f80f-e4ac-4499-aef3-19331c6ccd18" daemon [_thread_blocked, id=13256, stack(0x00000099a4800000,0x00000099a4900000) (1024K)]
  0x0000025deb1dd0e0 JavaThread "Start Level: Equinox Container: 43b3f80f-e4ac-4499-aef3-19331c6ccd18" daemon [_thread_blocked, id=26920, stack(0x00000099a4a00000,0x00000099a4b00000) (1024K)]
  0x0000025de5522a40 JavaThread "Bundle File Closer"         daemon [_thread_blocked, id=24404, stack(0x00000099a5600000,0x00000099a5700000) (1024K)]
  0x0000025deb1ce650 JavaThread "SCR Component Actor"        daemon [_thread_blocked, id=6204, stack(0x00000099a4500000,0x00000099a4600000) (1024K)]
  0x0000025de551dfa0 JavaThread "C1 CompilerThread1"         daemon [_thread_blocked, id=27532, stack(0x00000099a5500000,0x00000099a5600000) (1024K)]
  0x0000025de5521890 JavaThread "SCR Component Registry"     daemon [_thread_blocked, id=4588, stack(0x00000099a5700000,0x00000099a5800000) (1024K)]
  0x0000025de551d8d0 JavaThread "C1 CompilerThread2"         daemon [_thread_blocked, id=17524, stack(0x00000099a5900000,0x00000099a5a00000) (1024K)]
  0x0000025de551f410 JavaThread "C2 CompilerThread1"         daemon [_thread_blocked, id=18492, stack(0x00000099a5a00000,0x00000099a5b00000) (1024K)]
  0x0000025debb72b10 JavaThread "Worker-JM"                         [_thread_blocked, id=27308, stack(0x00000099a5b00000,0x00000099a5c00000) (1024K)]
  0x0000025de551e670 JavaThread "C1 CompilerThread3"         daemon [_thread_blocked, id=17916, stack(0x00000099a5c00000,0x00000099a5d00000) (1024K)]
=>0x0000025de551ed40 JavaThread "C2 CompilerThread2"         daemon [_thread_in_native, id=25984, stack(0x00000099a5e00000,0x00000099a5f00000) (1024K)]
  0x0000025debb710d0 JavaThread "JNA Cleaner"                daemon [_thread_blocked, id=18760, stack(0x00000099a5f00000,0x00000099a6000000) (1024K)]
  0x0000025debb74550 JavaThread "Worker-0"                          [_thread_blocked, id=18904, stack(0x00000099a6000000,0x00000099a6100000) (1024K)]
  0x0000025debb72480 JavaThread "Worker-1: Initialize After Load"        [_thread_blocked, id=9580, stack(0x00000099a6100000,0x00000099a6200000) (1024K)]
  0x0000025debb71760 JavaThread "Worker-2"                          [_thread_blocked, id=17828, stack(0x00000099a6200000,0x00000099a6300000) (1024K)]
  0x0000025de5520f50 JavaThread "C2 CompilerThread3"         daemon [_thread_blocked, id=18960, stack(0x00000099a6300000,0x00000099a6400000) (1024K)]
  0x0000025de551fae0 JavaThread "C2 CompilerThread4"         daemon [_thread_blocked, id=4608, stack(0x00000099a6400000,0x00000099a6500000) (1024K)]
  0x0000025debb731a0 JavaThread "Java indexing"              daemon [_thread_blocked, id=3036, stack(0x00000099a6500000,0x00000099a6600000) (1024K)]
  0x0000025debb73ec0 JavaThread "Worker-3: Repository registry initialization"        [_thread_blocked, id=24804, stack(0x00000099a6800000,0x00000099a6900000) (1024K)]
  0x0000025dec493da0 JavaThread "Thread-2"                   daemon [_thread_in_native, id=27060, stack(0x00000099a6900000,0x00000099a6a00000) (1024K)]
  0x0000025dec493710 JavaThread "Thread-3"                   daemon [_thread_in_native, id=26740, stack(0x00000099a6a00000,0x00000099a6b00000) (1024K)]
  0x0000025dec496500 JavaThread "Thread-4"                   daemon [_thread_in_native, id=4688, stack(0x00000099a6b00000,0x00000099a6c00000) (1024K)]
  0x0000025dec495150 JavaThread "Thread-5"                   daemon [_thread_in_native, id=24936, stack(0x00000099a6c00000,0x00000099a6d00000) (1024K)]
  0x0000025dec494430 JavaThread "Thread-6"                   daemon [_thread_in_native, id=26888, stack(0x00000099a6d00000,0x00000099a6e00000) (1024K)]
  0x0000025dec498c60 JavaThread "Thread-7"                   daemon [_thread_in_native, id=10792, stack(0x00000099a6e00000,0x00000099a6f00000) (1024K)]
  0x0000025dec499980 JavaThread "Thread-8"                   daemon [_thread_in_native, id=24032, stack(0x00000099a6f00000,0x00000099a7000000) (1024K)]
  0x0000025dec494ac0 JavaThread "Thread-9"                   daemon [_thread_in_native, id=17832, stack(0x00000099a7000000,0x00000099a7100000) (1024K)]
  0x0000025dec4957e0 JavaThread "Thread-10"                  daemon [_thread_in_native, id=27596, stack(0x00000099a7100000,0x00000099a7200000) (1024K)]
  0x0000025dec496b90 JavaThread "Thread-11"                  daemon [_thread_in_native, id=18816, stack(0x00000099a7200000,0x00000099a7300000) (1024K)]
  0x0000025dec497f40 JavaThread "Thread-12"                  daemon [_thread_in_native, id=26232, stack(0x00000099a7300000,0x00000099a7400000) (1024K)]
  0x0000025dec497220 JavaThread "Thread-13"                  daemon [_thread_in_native, id=16916, stack(0x00000099a7400000,0x00000099a7500000) (1024K)]
  0x0000025dec4978b0 JavaThread "Thread-14"                  daemon [_thread_in_native, id=16244, stack(0x00000099a7500000,0x00000099a7600000) (1024K)]
  0x0000025dec4985d0 JavaThread "Thread-15"                  daemon [_thread_in_native, id=23640, stack(0x00000099a7600000,0x00000099a7700000) (1024K)]
  0x0000025dec49a010 JavaThread "Thread-16"                  daemon [_thread_in_native, id=20672, stack(0x00000099a7700000,0x00000099a7800000) (1024K)]
  0x0000025dec4992f0 JavaThread "Thread-17"                  daemon [_thread_in_native, id=18548, stack(0x00000099a7800000,0x00000099a7900000) (1024K)]
  0x0000025dec493080 JavaThread "Thread-18"                  daemon [_thread_in_native, id=18540, stack(0x00000099a7900000,0x00000099a7a00000) (1024K)]
  0x0000025dec49a6a0 JavaThread "Worker-4: Updating Maven Dependencies"        [_thread_in_Java, id=25456, stack(0x00000099a7a00000,0x00000099a7b00000) (1024K)]
  0x0000025dec495e70 JavaThread "pool-2-thread-1"                   [_thread_blocked, id=24596, stack(0x00000099a7b00000,0x00000099a7c00000) (1024K)]
  0x0000025def6f0bc0 JavaThread "WorkspaceEventsHandler"            [_thread_blocked, id=18628, stack(0x00000099a7c00000,0x00000099a7d00000) (1024K)]
  0x0000025def6f46d0 JavaThread "pool-1-thread-1"                   [_thread_blocked, id=4152, stack(0x00000099a7d00000,0x00000099a7e00000) (1024K)]
  0x0000025def6eeaf0 JavaThread "Keep-Alive-Timer"           daemon [_thread_blocked, id=27092, stack(0x00000099a7f00000,0x00000099a8000000) (1024K)]
Total: 54

Other Threads:
  0x0000025dcd38ea20 VMThread "VM Thread"                           [id=24152, stack(0x00000099a3b00000,0x00000099a3c00000) (1024K)]
  0x0000025de3c4ca00 WatcherThread "VM Periodic Task Thread"        [id=27456, stack(0x00000099a3a00000,0x00000099a3b00000) (1024K)]
  0x0000025dcd2ef7d0 WorkerThread "GC Thread#0"                     [id=17924, stack(0x00000099a3900000,0x00000099a3a00000) (1024K)]
  0x0000025deb208e40 WorkerThread "GC Thread#1"                     [id=26324, stack(0x00000099a4b00000,0x00000099a4c00000) (1024K)]
  0x0000025deb035e30 WorkerThread "GC Thread#2"                     [id=9600, stack(0x00000099a4c00000,0x00000099a4d00000) (1024K)]
  0x0000025deb0361d0 WorkerThread "GC Thread#3"                     [id=18440, stack(0x00000099a4d00000,0x00000099a4e00000) (1024K)]
  0x0000025deb036570 WorkerThread "GC Thread#4"                     [id=21124, stack(0x00000099a4e00000,0x00000099a4f00000) (1024K)]
  0x0000025deb036910 WorkerThread "GC Thread#5"                     [id=27296, stack(0x00000099a4f00000,0x00000099a5000000) (1024K)]
  0x0000025deb742610 WorkerThread "GC Thread#6"                     [id=22700, stack(0x00000099a5000000,0x00000099a5100000) (1024K)]
  0x0000025debce4c10 WorkerThread "GC Thread#7"                     [id=27036, stack(0x00000099a5300000,0x00000099a5400000) (1024K)]
  0x0000025de55cb2a0 WorkerThread "GC Thread#8"                     [id=4904, stack(0x00000099a4700000,0x00000099a4800000) (1024K)]
  0x0000025de55d4620 WorkerThread "GC Thread#9"                     [id=5088, stack(0x00000099a5100000,0x00000099a5200000) (1024K)]
  0x0000025de55d49c0 WorkerThread "GC Thread#10"                    [id=12672, stack(0x00000099a5400000,0x00000099a5500000) (1024K)]
  0x0000025de55d4d60 WorkerThread "GC Thread#11"                    [id=9828, stack(0x00000099a5800000,0x00000099a5900000) (1024K)]
  0x0000025de55d5100 WorkerThread "GC Thread#12"                    [id=27020, stack(0x00000099a5d00000,0x00000099a5e00000) (1024K)]
Total: 15

Threads with active compile tasks:
C2 CompilerThread2  21467 6887   !   4       org.eclipse.osgi.internal.loader.BundleLoader::findClass0 (491 bytes)
Total: 1

VM state: not at safepoint (normal execution)

VM Mutex/Monitor currently owned by a thread: None

Heap address: 0x0000000080000000, size: 2048 MB, Compressed Oops mode: 32-bit

CDS archive(s) mapped at: [0x0000025d80000000-0x0000025d80ba0000-0x0000025d80ba0000), size 12189696, SharedBaseAddress: 0x0000025d80000000, ArchiveRelocationMode: 1.
Compressed class space mapped at: 0x0000025d81000000-0x0000025dc1000000, reserved size: 1073741824
Narrow klass base: 0x0000025d80000000, Narrow klass shift: 0, Narrow klass range: 0x100000000

GC Precious Log:
 CardTable entry size: 512
 CPUs: 16 total, 16 available
 Memory: 14188M
 Large Page Support: Disabled
 NUMA Support: Disabled
 Compressed Oops: Enabled (32-bit)
 Alignments: Space 512K, Generation 512K, Heap 2M
 Heap Min Capacity: 100M
 Heap Initial Capacity: 100M
 Heap Max Capacity: 2G
 Pre-touch: Disabled
 Parallel Workers: 13

Heap:
 PSYoungGen      total 23552K, used 21875K [0x00000000d5580000, 0x00000000d6f00000, 0x0000000100000000)
  eden space 22016K, 93% used [0x00000000d5580000,0x00000000d69976f8,0x00000000d6b00000)
  from space 1536K, 84% used [0x00000000d6d80000,0x00000000d6ec56d0,0x00000000d6f00000)
  to   space 1536K, 0% used [0x00000000d6c00000,0x00000000d6c00000,0x00000000d6d80000)
 ParOldGen       total 68608K, used 23163K [0x0000000080000000, 0x0000000084300000, 0x00000000d5580000)
  object space 68608K, 33% used [0x0000000080000000,0x000000008169ed20,0x0000000084300000)
 Metaspace       used 49144K, committed 50304K, reserved 1114112K
  class space    used 5334K, committed 5824K, reserved 1048576K

Card table byte_map: [0x0000025dccca0000,0x0000025dcd0b0000] _byte_map_base: 0x0000025dcc8a0000

Marking Bits: (ParMarkBitMap*) 0x00007ff80a99a340
 Begin Bits: [0x0000025ddf770000, 0x0000025de1770000)
 End Bits:   [0x0000025de1770000, 0x0000025de3770000)

Polling page: 0x0000025dcca90000

Metaspace:

Usage:
  Non-class:     42.78 MB used.
      Class:      5.21 MB used.
       Both:     47.99 MB used.

Virtual space:
  Non-class space:       64.00 MB reserved,      43.44 MB ( 68%) committed,  1 nodes.
      Class space:        1.00 GB reserved,       5.69 MB ( <1%) committed,  1 nodes.
             Both:        1.06 GB reserved,      49.12 MB (  5%) committed. 

Chunk freelists:
   Non-Class:  3.69 MB
       Class:  10.25 MB
        Both:  13.94 MB

MaxMetaspaceSize: unlimited
CompressedClassSpaceSize: 1.00 GB
Initial GC threshold: 21.00 MB
Current GC threshold: 58.38 MB
CDS: on
 - commit_granule_bytes: 65536.
 - commit_granule_words: 8192.
 - virtual_space_node_default_size: 8388608.
 - enlarge_chunks_in_place: 1.
 - use_allocation_guard: 0.


Internal statistics:

num_allocs_failed_limit: 6.
num_arena_births: 804.
num_arena_deaths: 14.
num_vsnodes_births: 2.
num_vsnodes_deaths: 0.
num_space_committed: 786.
num_space_uncommitted: 0.
num_chunks_returned_to_freelist: 20.
num_chunks_taken_from_freelist: 2778.
num_chunk_merges: 8.
num_chunk_splits: 1738.
num_chunks_enlarged: 1032.
num_inconsistent_stats: 0.

CodeHeap 'non-profiled nmethods': size=119168Kb used=3433Kb max_used=3433Kb free=115734Kb
 bounds [0x0000025dd8060000, 0x0000025dd83c0000, 0x0000025ddf4c0000]
CodeHeap 'profiled nmethods': size=119104Kb used=14756Kb max_used=14756Kb free=104347Kb
 bounds [0x0000025dd04c0000, 0x0000025dd1330000, 0x0000025dd7910000]
CodeHeap 'non-nmethods': size=7488Kb used=3090Kb max_used=3194Kb free=4397Kb
 bounds [0x0000025dd7910000, 0x0000025dd7c40000, 0x0000025dd8060000]
CodeCache: size=245760Kb, used=21279Kb, max_used=21383Kb, free=224478Kb
 total_blobs=7527, nmethods=6823, adapters=607, full_count=0
Compilation: enabled, stopped_count=0, restarted_count=0

Compilation events (20 events):
Event: 21.446 Thread 0x0000025de532b700 7422       3       com.google.common.collect.ArrayListMultimap::createCollection (12 bytes)
Event: 21.446 Thread 0x0000025de5328860 nmethod 7414 0x0000025dd83b8690 code [0x0000025dd83b8880, 0x0000025dd83b8c48]
Event: 21.446 Thread 0x0000025de551dfa0 nmethod 7419 0x0000025dd1322610 code [0x0000025dd1322840, 0x0000025dd1323078]
Event: 21.446 Thread 0x0000025de551e670 nmethod 7421 0x0000025dd1323290 code [0x0000025dd1323440, 0x0000025dd1323648]
Event: 21.446 Thread 0x0000025de532b700 nmethod 7422 0x0000025dd1323710 code [0x0000025dd13238c0, 0x0000025dd1323a68]
Event: 21.447 Thread 0x0000025de551dfa0 7423       3       com.google.inject.internal.SingletonScope::scope (11 bytes)
Event: 21.447 Thread 0x0000025de551d8d0 7424       3       com.google.inject.internal.SingletonScope$1::<init> (77 bytes)
Event: 21.447 Thread 0x0000025de551e670 7425       3       com.google.inject.internal.ConstructionContext::<init> (5 bytes)
Event: 21.447 Thread 0x0000025de532b700 7426       3       com.google.inject.internal.SingletonScope::access$000 (4 bytes)
Event: 21.447 Thread 0x0000025de532b700 nmethod 7426 0x0000025dd1323b10 code [0x0000025dd1323ca0, 0x0000025dd1323d98]
Event: 21.447 Thread 0x0000025de551e670 nmethod 7425 0x0000025dd1323e10 code [0x0000025dd1323fc0, 0x0000025dd1324128]
Event: 21.447 Thread 0x0000025de551dfa0 nmethod 7423 0x0000025dd1324210 code [0x0000025dd13243c0, 0x0000025dd1324580]
Event: 21.447 Thread 0x0000025de551d8d0 nmethod 7424 0x0000025dd1324690 code [0x0000025dd1324880, 0x0000025dd1324eb0]
Event: 21.447 Thread 0x0000025de551fae0 7427       4       com.google.inject.internal.aop.ImmutableStringTrie::nextPivotColumn (55 bytes)
Event: 21.449 Thread 0x0000025de551d8d0 7428       3       org.eclipse.sisu.bean.DeclaredMembers$MemberIterator::next (5 bytes)
Event: 21.449 Thread 0x0000025de551dfa0 7429       3       org.eclipse.sisu.bean.DeclaredMembers$MemberIterator::next (32 bytes)
Event: 21.449 Thread 0x0000025de551dfa0 nmethod 7429 0x0000025dd1325090 code [0x0000025dd1325260, 0x0000025dd13254f0]
Event: 21.449 Thread 0x0000025de551d8d0 nmethod 7428 0x0000025dd1325690 code [0x0000025dd1325860, 0x0000025dd1325b48]
Event: 21.450 Thread 0x0000025de551dfa0 7430       3       java.lang.AbstractStringBuilder::inflate (42 bytes)
Event: 21.450 Thread 0x0000025de551dfa0 nmethod 7430 0x0000025dd1325d10 code [0x0000025dd1325ee0, 0x0000025dd13261c8]

GC Heap History (20 events):
Event: 19.438 GC heap before
{Heap before GC invocations=11 (full 1):
 PSYoungGen      total 25600K, used 25275K [0x00000000d5580000, 0x00000000d7300000, 0x0000000100000000)
  eden space 23552K, 100% used [0x00000000d5580000,0x00000000d6c80000,0x00000000d6c80000)
  from space 2048K, 84% used [0x00000000d6e00000,0x00000000d6faed50,0x00000000d7000000)
  to   space 2560K, 0% used [0x00000000d7080000,0x00000000d7080000,0x00000000d7300000)
 ParOldGen       total 68608K, used 12967K [0x0000000080000000, 0x0000000084300000, 0x00000000d5580000)
  object space 68608K, 18% used [0x0000000080000000,0x0000000080ca9da8,0x0000000084300000)
 Metaspace       used 27324K, committed 28224K, reserved 1114112K
  class space    used 2641K, committed 3008K, reserved 1048576K
}
Event: 19.441 GC heap after
{Heap after GC invocations=11 (full 1):
 PSYoungGen      total 25600K, used 2290K [0x00000000d5580000, 0x00000000d7300000, 0x0000000100000000)
  eden space 23040K, 0% used [0x00000000d5580000,0x00000000d5580000,0x00000000d6c00000)
  from space 2560K, 89% used [0x00000000d7080000,0x00000000d72bc888,0x00000000d7300000)
  to   space 2560K, 0% used [0x00000000d6e00000,0x00000000d6e00000,0x00000000d7080000)
 ParOldGen       total 68608K, used 14312K [0x0000000080000000, 0x0000000084300000, 0x00000000d5580000)
  object space 68608K, 20% used [0x0000000080000000,0x0000000080dfa108,0x0000000084300000)
 Metaspace       used 27324K, committed 28224K, reserved 1114112K
  class space    used 2641K, committed 3008K, reserved 1048576K
}
Event: 19.678 GC heap before
{Heap before GC invocations=12 (full 1):
 PSYoungGen      total 25600K, used 25330K [0x00000000d5580000, 0x00000000d7300000, 0x0000000100000000)
  eden space 23040K, 100% used [0x00000000d5580000,0x00000000d6c00000,0x00000000d6c00000)
  from space 2560K, 89% used [0x00000000d7080000,0x00000000d72bc888,0x00000000d7300000)
  to   space 2560K, 0% used [0x00000000d6e00000,0x00000000d6e00000,0x00000000d7080000)
 ParOldGen       total 68608K, used 14312K [0x0000000080000000, 0x0000000084300000, 0x00000000d5580000)
  object space 68608K, 20% used [0x0000000080000000,0x0000000080dfa108,0x0000000084300000)
 Metaspace       used 30049K, committed 31104K, reserved 1114112K
  class space    used 2887K, committed 3328K, reserved 1048576K
}
Event: 19.681 GC heap after
{Heap after GC invocations=12 (full 1):
 PSYoungGen      total 25088K, used 2366K [0x00000000d5580000, 0x00000000d7100000, 0x0000000100000000)
  eden space 22528K, 0% used [0x00000000d5580000,0x00000000d5580000,0x00000000d6b80000)
  from space 2560K, 92% used [0x00000000d6e00000,0x00000000d704f878,0x00000000d7080000)
  to   space 512K, 0% used [0x00000000d7080000,0x00000000d7080000,0x00000000d7100000)
 ParOldGen       total 68608K, used 16107K [0x0000000080000000, 0x0000000084300000, 0x00000000d5580000)
  object space 68608K, 23% used [0x0000000080000000,0x0000000080fbafd8,0x0000000084300000)
 Metaspace       used 30049K, committed 31104K, reserved 1114112K
  class space    used 2887K, committed 3328K, reserved 1048576K
}
Event: 19.953 GC heap before
{Heap before GC invocations=13 (full 1):
 PSYoungGen      total 25088K, used 24893K [0x00000000d5580000, 0x00000000d7100000, 0x0000000100000000)
  eden space 22528K, 99% used [0x00000000d5580000,0x00000000d6b7fdb0,0x00000000d6b80000)
  from space 2560K, 92% used [0x00000000d6e00000,0x00000000d704f878,0x00000000d7080000)
  to   space 512K, 0% used [0x00000000d7080000,0x00000000d7080000,0x00000000d7100000)
 ParOldGen       total 68608K, used 16107K [0x0000000080000000, 0x0000000084300000, 0x00000000d5580000)
  object space 68608K, 23% used [0x0000000080000000,0x0000000080fbafd8,0x0000000084300000)
 Metaspace       used 33293K, committed 34432K, reserved 1114112K
  class space    used 3268K, committed 3712K, reserved 1048576K
}
Event: 19.955 GC heap after
{Heap after GC invocations=13 (full 1):
 PSYoungGen      total 22528K, used 500K [0x00000000d5580000, 0x00000000d7300000, 0x0000000100000000)
  eden space 22016K, 0% used [0x00000000d5580000,0x00000000d5580000,0x00000000d6b00000)
  from space 512K, 97% used [0x00000000d7080000,0x00000000d70fd2a0,0x00000000d7100000)
  to   space 4096K, 0% used [0x00000000d6b00000,0x00000000d6b00000,0x00000000d6f00000)
 ParOldGen       total 68608K, used 19311K [0x0000000080000000, 0x0000000084300000, 0x00000000d5580000)
  object space 68608K, 28% used [0x0000000080000000,0x00000000812dbc50,0x0000000084300000)
 Metaspace       used 33293K, committed 34432K, reserved 1114112K
  class space    used 3268K, committed 3712K, reserved 1048576K
}
Event: 20.049 GC heap before
{Heap before GC invocations=14 (full 1):
 PSYoungGen      total 22528K, used 10061K [0x00000000d5580000, 0x00000000d7300000, 0x0000000100000000)
  eden space 22016K, 43% used [0x00000000d5580000,0x00000000d5ed6340,0x00000000d6b00000)
  from space 512K, 97% used [0x00000000d7080000,0x00000000d70fd2a0,0x00000000d7100000)
  to   space 4096K, 0% used [0x00000000d6b00000,0x00000000d6b00000,0x00000000d6f00000)
 ParOldGen       total 68608K, used 19311K [0x0000000080000000, 0x0000000084300000, 0x00000000d5580000)
  object space 68608K, 28% used [0x0000000080000000,0x00000000812dbc50,0x0000000084300000)
 Metaspace       used 34735K, committed 35840K, reserved 1114112K
  class space    used 3458K, committed 3904K, reserved 1048576K
}
Event: 20.051 GC heap after
{Heap after GC invocations=14 (full 1):
 PSYoungGen      total 26112K, used 704K [0x00000000d5580000, 0x00000000d7100000, 0x0000000100000000)
  eden space 22016K, 0% used [0x00000000d5580000,0x00000000d5580000,0x00000000d6b00000)
  from space 4096K, 17% used [0x00000000d6b00000,0x00000000d6bb0000,0x00000000d6f00000)
  to   space 2048K, 0% used [0x00000000d6f00000,0x00000000d6f00000,0x00000000d7100000)
 ParOldGen       total 68608K, used 19807K [0x0000000080000000, 0x0000000084300000, 0x00000000d5580000)
  object space 68608K, 28% used [0x0000000080000000,0x0000000081357f30,0x0000000084300000)
 Metaspace       used 34735K, committed 35840K, reserved 1114112K
  class space    used 3458K, committed 3904K, reserved 1048576K
}
Event: 20.051 GC heap before
{Heap before GC invocations=15 (full 2):
 PSYoungGen      total 26112K, used 704K [0x00000000d5580000, 0x00000000d7100000, 0x0000000100000000)
  eden space 22016K, 0% used [0x00000000d5580000,0x00000000d5580000,0x00000000d6b00000)
  from space 4096K, 17% used [0x00000000d6b00000,0x00000000d6bb0000,0x00000000d6f00000)
  to   space 2048K, 0% used [0x00000000d6f00000,0x00000000d6f00000,0x00000000d7100000)
 ParOldGen       total 68608K, used 19807K [0x0000000080000000, 0x0000000084300000, 0x00000000d5580000)
  object space 68608K, 28% used [0x0000000080000000,0x0000000081357f30,0x0000000084300000)
 Metaspace       used 34735K, committed 35840K, reserved 1114112K
  class space    used 3458K, committed 3904K, reserved 1048576K
}
Event: 20.093 GC heap after
{Heap after GC invocations=15 (full 2):
 PSYoungGen      total 26112K, used 0K [0x00000000d5580000, 0x00000000d7100000, 0x0000000100000000)
  eden space 22016K, 0% used [0x00000000d5580000,0x00000000d5580000,0x00000000d6b00000)
  from space 4096K, 0% used [0x00000000d6b00000,0x00000000d6b00000,0x00000000d6f00000)
  to   space 2048K, 0% used [0x00000000d6f00000,0x00000000d6f00000,0x00000000d7100000)
 ParOldGen       total 68608K, used 19472K [0x0000000080000000, 0x0000000084300000, 0x00000000d5580000)
  object space 68608K, 28% used [0x0000000080000000,0x0000000081304188,0x0000000084300000)
 Metaspace       used 34735K, committed 35840K, reserved 1114112K
  class space    used 3458K, committed 3904K, reserved 1048576K
}
Event: 20.222 GC heap before
{Heap before GC invocations=16 (full 2):
 PSYoungGen      total 26112K, used 22015K [0x00000000d5580000, 0x00000000d7100000, 0x0000000100000000)
  eden space 22016K, 99% used [0x00000000d5580000,0x00000000d6affff8,0x00000000d6b00000)
  from space 4096K, 0% used [0x00000000d6b00000,0x00000000d6b00000,0x00000000d6f00000)
  to   space 2048K, 0% used [0x00000000d6f00000,0x00000000d6f00000,0x00000000d7100000)
 ParOldGen       total 68608K, used 19472K [0x0000000080000000, 0x0000000084300000, 0x00000000d5580000)
  object space 68608K, 28% used [0x0000000080000000,0x0000000081304188,0x0000000084300000)
 Metaspace       used 37209K, committed 38336K, reserved 1114112K
  class space    used 3759K, committed 4224K, reserved 1048576K
}
Event: 20.224 GC heap after
{Heap after GC invocations=16 (full 2):
 PSYoungGen      total 24064K, used 1632K [0x00000000d5580000, 0x00000000d7100000, 0x0000000100000000)
  eden space 22016K, 0% used [0x00000000d5580000,0x00000000d5580000,0x00000000d6b00000)
  from space 2048K, 79% used [0x00000000d6f00000,0x00000000d7098000,0x00000000d7100000)
  to   space 2048K, 0% used [0x00000000d6d00000,0x00000000d6d00000,0x00000000d6f00000)
 ParOldGen       total 68608K, used 19480K [0x0000000080000000, 0x0000000084300000, 0x00000000d5580000)
  object space 68608K, 28% used [0x0000000080000000,0x0000000081306188,0x0000000084300000)
 Metaspace       used 37209K, committed 38336K, reserved 1114112K
  class space    used 3759K, committed 4224K, reserved 1048576K
}
Event: 20.410 GC heap before
{Heap before GC invocations=17 (full 2):
 PSYoungGen      total 24064K, used 23648K [0x00000000d5580000, 0x00000000d7100000, 0x0000000100000000)
  eden space 22016K, 100% used [0x00000000d5580000,0x00000000d6b00000,0x00000000d6b00000)
  from space 2048K, 79% used [0x00000000d6f00000,0x00000000d7098000,0x00000000d7100000)
  to   space 2048K, 0% used [0x00000000d6d00000,0x00000000d6d00000,0x00000000d6f00000)
 ParOldGen       total 68608K, used 19480K [0x0000000080000000, 0x0000000084300000, 0x00000000d5580000)
  object space 68608K, 28% used [0x0000000080000000,0x0000000081306188,0x0000000084300000)
 Metaspace       used 40404K, committed 41472K, reserved 1114112K
  class space    used 4180K, committed 4608K, reserved 1048576K
}
Event: 20.412 GC heap after
{Heap after GC invocations=17 (full 2):
 PSYoungGen      total 23552K, used 1145K [0x00000000d5580000, 0x00000000d6f80000, 0x0000000100000000)
  eden space 22016K, 0% used [0x00000000d5580000,0x00000000d5580000,0x00000000d6b00000)
  from space 1536K, 74% used [0x00000000d6d00000,0x00000000d6e1e470,0x00000000d6e80000)
  to   space 1024K, 0% used [0x00000000d6e80000,0x00000000d6e80000,0x00000000d6f80000)
 ParOldGen       total 68608K, used 20864K [0x0000000080000000, 0x0000000084300000, 0x00000000d5580000)
  object space 68608K, 30% used [0x0000000080000000,0x0000000081460188,0x0000000084300000)
 Metaspace       used 40404K, committed 41472K, reserved 1114112K
  class space    used 4180K, committed 4608K, reserved 1048576K
}
Event: 20.625 GC heap before
{Heap before GC invocations=18 (full 2):
 PSYoungGen      total 23552K, used 23161K [0x00000000d5580000, 0x00000000d6f80000, 0x0000000100000000)
  eden space 22016K, 100% used [0x00000000d5580000,0x00000000d6b00000,0x00000000d6b00000)
  from space 1536K, 74% used [0x00000000d6d00000,0x00000000d6e1e470,0x00000000d6e80000)
  to   space 1024K, 0% used [0x00000000d6e80000,0x00000000d6e80000,0x00000000d6f80000)
 ParOldGen       total 68608K, used 20864K [0x0000000080000000, 0x0000000084300000, 0x00000000d5580000)
  object space 68608K, 30% used [0x0000000080000000,0x0000000081460188,0x0000000084300000)
 Metaspace       used 42454K, committed 43648K, reserved 1114112K
  class space    used 4445K, committed 4928K, reserved 1048576K
}
Event: 20.626 GC heap after
{Heap after GC invocations=18 (full 2):
 PSYoungGen      total 23040K, used 1024K [0x00000000d5580000, 0x00000000d7000000, 0x0000000100000000)
  eden space 22016K, 0% used [0x00000000d5580000,0x00000000d5580000,0x00000000d6b00000)
  from space 1024K, 100% used [0x00000000d6e80000,0x00000000d6f80000,0x00000000d6f80000)
  to   space 2560K, 0% used [0x00000000d6b00000,0x00000000d6b00000,0x00000000d6d80000)
 ParOldGen       total 68608K, used 21779K [0x0000000080000000, 0x0000000084300000, 0x00000000d5580000)
  object space 68608K, 31% used [0x0000000080000000,0x0000000081544cf0,0x0000000084300000)
 Metaspace       used 42454K, committed 43648K, reserved 1114112K
  class space    used 4445K, committed 4928K, reserved 1048576K
}
Event: 20.849 GC heap before
{Heap before GC invocations=19 (full 2):
 PSYoungGen      total 23040K, used 23040K [0x00000000d5580000, 0x00000000d7000000, 0x0000000100000000)
  eden space 22016K, 100% used [0x00000000d5580000,0x00000000d6b00000,0x00000000d6b00000)
  from space 1024K, 100% used [0x00000000d6e80000,0x00000000d6f80000,0x00000000d6f80000)
  to   space 2560K, 0% used [0x00000000d6b00000,0x00000000d6b00000,0x00000000d6d80000)
 ParOldGen       total 68608K, used 21779K [0x0000000080000000, 0x0000000084300000, 0x00000000d5580000)
  object space 68608K, 31% used [0x0000000080000000,0x0000000081544cf0,0x0000000084300000)
 Metaspace       used 44245K, committed 45312K, reserved 1114112K
  class space    used 4682K, committed 5120K, reserved 1048576K
}
Event: 20.851 GC heap after
{Heap after GC invocations=19 (full 2):
 PSYoungGen      total 24576K, used 688K [0x00000000d5580000, 0x00000000d6f00000, 0x0000000100000000)
  eden space 22016K, 0% used [0x00000000d5580000,0x00000000d5580000,0x00000000d6b00000)
  from space 2560K, 26% used [0x00000000d6b00000,0x00000000d6bac010,0x00000000d6d80000)
  to   space 1536K, 0% used [0x00000000d6d80000,0x00000000d6d80000,0x00000000d6f00000)
 ParOldGen       total 68608K, used 22651K [0x0000000080000000, 0x0000000084300000, 0x00000000d5580000)
  object space 68608K, 33% used [0x0000000080000000,0x000000008161ecf0,0x0000000084300000)
 Metaspace       used 44245K, committed 45312K, reserved 1114112K
  class space    used 4682K, committed 5120K, reserved 1048576K
}
Event: 21.123 GC heap before
{Heap before GC invocations=20 (full 2):
 PSYoungGen      total 24576K, used 22704K [0x00000000d5580000, 0x00000000d6f00000, 0x0000000100000000)
  eden space 22016K, 100% used [0x00000000d5580000,0x00000000d6b00000,0x00000000d6b00000)
  from space 2560K, 26% used [0x00000000d6b00000,0x00000000d6bac010,0x00000000d6d80000)
  to   space 1536K, 0% used [0x00000000d6d80000,0x00000000d6d80000,0x00000000d6f00000)
 ParOldGen       total 68608K, used 22651K [0x0000000080000000, 0x0000000084300000, 0x00000000d5580000)
  object space 68608K, 33% used [0x0000000080000000,0x000000008161ecf0,0x0000000084300000)
 Metaspace       used 46822K, committed 48000K, reserved 1114112K
  class space    used 5015K, committed 5504K, reserved 1048576K
}
Event: 21.124 GC heap after
{Heap after GC invocations=20 (full 2):
 PSYoungGen      total 23552K, used 1301K [0x00000000d5580000, 0x00000000d6f00000, 0x0000000100000000)
  eden space 22016K, 0% used [0x00000000d5580000,0x00000000d5580000,0x00000000d6b00000)
  from space 1536K, 84% used [0x00000000d6d80000,0x00000000d6ec56d0,0x00000000d6f00000)
  to   space 1536K, 0% used [0x00000000d6c00000,0x00000000d6c00000,0x00000000d6d80000)
 ParOldGen       total 68608K, used 23163K [0x0000000080000000, 0x0000000084300000, 0x00000000d5580000)
  object space 68608K, 33% used [0x0000000080000000,0x000000008169ed20,0x0000000084300000)
 Metaspace       used 46822K, committed 48000K, reserved 1114112K
  class space    used 5015K, committed 5504K, reserved 1048576K
}

Dll operation events (12 events):
Event: 0.011 Loaded shared library c:\Users\Win\.vscode\extensions\redhat.java-1.45.0-win32-x64\jre\21.0.8-win32-x86_64\bin\java.dll
Event: 0.104 Loaded shared library c:\Users\Win\.vscode\extensions\redhat.java-1.45.0-win32-x64\jre\21.0.8-win32-x86_64\bin\zip.dll
Event: 0.131 Loaded shared library C:\Users\Win\.vscode\extensions\redhat.java-1.45.0-win32-x64\jre\21.0.8-win32-x86_64\bin\instrument.dll
Event: 0.136 Loaded shared library C:\Users\Win\.vscode\extensions\redhat.java-1.45.0-win32-x64\jre\21.0.8-win32-x86_64\bin\net.dll
Event: 0.139 Loaded shared library C:\Users\Win\.vscode\extensions\redhat.java-1.45.0-win32-x64\jre\21.0.8-win32-x86_64\bin\nio.dll
Event: 0.143 Loaded shared library C:\Users\Win\.vscode\extensions\redhat.java-1.45.0-win32-x64\jre\21.0.8-win32-x86_64\bin\zip.dll
Event: 0.168 Loaded shared library C:\Users\Win\.vscode\extensions\redhat.java-1.45.0-win32-x64\jre\21.0.8-win32-x86_64\bin\jimage.dll
Event: 0.264 Loaded shared library c:\Users\Win\.vscode\extensions\redhat.java-1.45.0-win32-x64\jre\21.0.8-win32-x86_64\bin\verify.dll
Event: 5.897 Loaded shared library C:\Users\Win\AppData\Roaming\Code\User\globalStorage\redhat.java\1.45.0\config_win\org.eclipse.equinox.launcher\org.eclipse.equinox.launcher.win32.win32.x86_64_1.2.1400.v20250801-0854\eclipse_11916.dll
Event: 18.540 Loaded shared library C:\Users\Win\AppData\Local\Temp\jna-86972\jna10385378788521553453.dll
Event: 19.874 Loaded shared library C:\Users\Win\.vscode\extensions\redhat.java-1.45.0-win32-x64\jre\21.0.8-win32-x86_64\bin\sunmscapi.dll
Event: 20.352 Loaded shared library C:\Users\Win\.vscode\extensions\redhat.java-1.45.0-win32-x64\jre\21.0.8-win32-x86_64\bin\extnet.dll

Deoptimization events (20 events):
Event: 21.370 Thread 0x0000025dec49a6a0 Uncommon trap: trap_request=0xffffff45 fr.pc=0x0000025dd8127114 relative=0x0000000000000a34
Event: 21.370 Thread 0x0000025dec49a6a0 Uncommon trap: reason=unstable_if action=reinterpret pc=0x0000025dd8127114 method=java.util.TreeMap.put(Ljava/lang/Object;Ljava/lang/Object;Z)Ljava/lang/Object; @ 158 c2
Event: 21.370 Thread 0x0000025dec49a6a0 DEOPT PACKING pc=0x0000025dd8127114 sp=0x00000099a7afd840
Event: 21.370 Thread 0x0000025dec49a6a0 DEOPT UNPACKING pc=0x0000025dd7963aa2 sp=0x00000099a7afd7d0 mode 2
Event: 21.443 Thread 0x0000025dec49a6a0 Uncommon trap: trap_request=0xffffffbe fr.pc=0x0000025dd83b7d44 relative=0x0000000000000364
Event: 21.443 Thread 0x0000025dec49a6a0 Uncommon trap: reason=profile_predicate action=maybe_recompile pc=0x0000025dd83b7d44 method=com.google.inject.internal.aop.ImmutableStringTrie.nextPivotColumn([Ljava/lang/String;III)I @ 21 c2
Event: 21.443 Thread 0x0000025dec49a6a0 DEOPT PACKING pc=0x0000025dd83b7d44 sp=0x00000099a7afd7f0
Event: 21.443 Thread 0x0000025dec49a6a0 DEOPT UNPACKING pc=0x0000025dd7963aa2 sp=0x00000099a7afd780 mode 2
Event: 21.443 Thread 0x0000025dec49a6a0 Uncommon trap: trap_request=0xffffffbe fr.pc=0x0000025dd83b7d44 relative=0x0000000000000364
Event: 21.443 Thread 0x0000025dec49a6a0 Uncommon trap: reason=profile_predicate action=maybe_recompile pc=0x0000025dd83b7d44 method=com.google.inject.internal.aop.ImmutableStringTrie.nextPivotColumn([Ljava/lang/String;III)I @ 21 c2
Event: 21.443 Thread 0x0000025dec49a6a0 DEOPT PACKING pc=0x0000025dd83b7d44 sp=0x00000099a7afd7f0
Event: 21.443 Thread 0x0000025dec49a6a0 DEOPT UNPACKING pc=0x0000025dd7963aa2 sp=0x00000099a7afd780 mode 2
Event: 21.444 Thread 0x0000025dec49a6a0 Uncommon trap: trap_request=0xffffffbe fr.pc=0x0000025dd83b7d44 relative=0x0000000000000364
Event: 21.444 Thread 0x0000025dec49a6a0 Uncommon trap: reason=profile_predicate action=maybe_recompile pc=0x0000025dd83b7d44 method=com.google.inject.internal.aop.ImmutableStringTrie.nextPivotColumn([Ljava/lang/String;III)I @ 21 c2
Event: 21.444 Thread 0x0000025dec49a6a0 DEOPT PACKING pc=0x0000025dd83b7d44 sp=0x00000099a7afd7f0
Event: 21.444 Thread 0x0000025dec49a6a0 DEOPT UNPACKING pc=0x0000025dd7963aa2 sp=0x00000099a7afd780 mode 2
Event: 21.444 Thread 0x0000025dec49a6a0 Uncommon trap: trap_request=0xffffffbe fr.pc=0x0000025dd83b7d44 relative=0x0000000000000364
Event: 21.444 Thread 0x0000025dec49a6a0 Uncommon trap: reason=profile_predicate action=maybe_recompile pc=0x0000025dd83b7d44 method=com.google.inject.internal.aop.ImmutableStringTrie.nextPivotColumn([Ljava/lang/String;III)I @ 21 c2
Event: 21.444 Thread 0x0000025dec49a6a0 DEOPT PACKING pc=0x0000025dd83b7d44 sp=0x00000099a7afd7f0
Event: 21.444 Thread 0x0000025dec49a6a0 DEOPT UNPACKING pc=0x0000025dd7963aa2 sp=0x00000099a7afd780 mode 2

Classes loaded (20 events):
Event: 21.101 Loading class sun/net/www/http/KeepAliveStreamCleaner
Event: 21.101 Loading class sun/net/www/http/KeepAliveStreamCleaner done
Event: 21.102 Loading class sun/net/www/http/KeepAliveStreamCleaner$1
Event: 21.102 Loading class sun/net/www/http/KeepAliveStreamCleaner$1 done
Event: 21.102 Loading class sun/net/www/http/KeepAliveStreamCleaner$2
Event: 21.102 Loading class sun/net/www/http/KeepAliveStreamCleaner$2 done
Event: 21.102 Loading class sun/net/www/protocol/http/HttpURLConnection$HttpInputStream
Event: 21.102 Loading class sun/net/www/protocol/http/HttpURLConnection$HttpInputStream done
Event: 21.137 Loading class sun/net/www/http/KeepAliveCache$1
Event: 21.137 Loading class sun/net/www/http/KeepAliveCache$1 done
Event: 21.138 Loading class sun/net/www/http/KeepAliveCache$ClientVector
Event: 21.138 Loading class sun/net/www/http/KeepAliveCache$ClientVector done
Event: 21.140 Loading class sun/net/www/http/KeepAliveEntry
Event: 21.140 Loading class sun/net/www/http/KeepAliveEntry done
Event: 21.201 Loading class java/lang/ExceptionInInitializerError
Event: 21.201 Loading class java/lang/ExceptionInInitializerError done
Event: 21.201 Loading class sun/misc/Unsafe
Event: 21.202 Loading class sun/misc/Unsafe done
Event: 21.233 Loading class jdk/internal/org/objectweb/asm/ClassReader
Event: 21.234 Loading class jdk/internal/org/objectweb/asm/ClassReader done

Classes unloaded (7 events):
Event: 18.946 Thread 0x0000025dcd38ea20 Unloading class 0x0000025d811ad000 'java/lang/invoke/LambdaForm$MH+0x0000025d811ad000'
Event: 18.946 Thread 0x0000025dcd38ea20 Unloading class 0x0000025d811acc00 'java/lang/invoke/LambdaForm$MH+0x0000025d811acc00'
Event: 18.946 Thread 0x0000025dcd38ea20 Unloading class 0x0000025d811ac800 'java/lang/invoke/LambdaForm$MH+0x0000025d811ac800'
Event: 18.946 Thread 0x0000025dcd38ea20 Unloading class 0x0000025d811ac400 'java/lang/invoke/LambdaForm$MH+0x0000025d811ac400'
Event: 18.946 Thread 0x0000025dcd38ea20 Unloading class 0x0000025d811ac000 'java/lang/invoke/LambdaForm$BMH+0x0000025d811ac000'
Event: 18.946 Thread 0x0000025dcd38ea20 Unloading class 0x0000025d811abc00 'java/lang/invoke/LambdaForm$DMH+0x0000025d811abc00'
Event: 18.946 Thread 0x0000025dcd38ea20 Unloading class 0x0000025d811aa800 'java/lang/invoke/LambdaForm$DMH+0x0000025d811aa800'

Classes redefined (0 events):
No events

Internal exceptions (20 events):
Event: 19.951 Thread 0x0000025dec49a6a0 Exception <a 'java/lang/NoSuchMethodError'{0x00000000d6b4bbc0}: 'int java.lang.invoke.DirectMethodHandle$Holder.invokeStaticInit(java.lang.Object, double, double)'> (0x00000000d6b4bbc0) 
thrown [s\src\hotspot\share\interpreter\linkResolver.cpp, line 773]
Event: 19.951 Thread 0x0000025dec49a6a0 Exception <a 'java/lang/NoSuchMethodError'{0x00000000d6b503d0}: 'int java.lang.invoke.DirectMethodHandle$Holder.invokeStatic(java.lang.Object, long)'> (0x00000000d6b503d0) 
thrown [s\src\hotspot\share\interpreter\linkResolver.cpp, line 773]
Event: 19.957 Thread 0x0000025dec49a6a0 Exception <a 'java/lang/NoSuchMethodError'{0x00000000d55b8300}: 'int java.lang.invoke.Invokers$Holder.linkToTargetMethod(java.lang.Object, java.lang.Object)'> (0x00000000d55b8300) 
thrown [s\src\hotspot\share\interpreter\linkResolver.cpp, line 773]
Event: 20.003 Thread 0x0000025dec49a6a0 Exception <a 'java/lang/NoSuchMethodError'{0x00000000d59ef5e0}: 'java.lang.Object java.lang.invoke.DirectMethodHandle$Holder.invokeSpecialIFC(java.lang.Object, java.lang.Object, java.lang.Object, java.lang.Object)'> (0x00000000d59ef5e0) 
thrown [s\src\hotspot\share\interpreter\linkResolver.cpp, line 773]
Event: 20.096 Thread 0x0000025debb73ec0 Exception <a 'java/lang/NoSuchMethodError'{0x00000000d55ce1b0}: 'java.lang.Object java.lang.invoke.DirectMethodHandle$Holder.invokeStatic(java.lang.Object, int, java.lang.Object, java.lang.Object)'> (0x00000000d55ce1b0) 
thrown [s\src\hotspot\share\interpreter\linkResolver.cpp, line 773]
Event: 20.097 Thread 0x0000025debb73ec0 Exception <a 'java/lang/NoSuchMethodError'{0x00000000d55d19b0}: 'java.lang.Object java.lang.invoke.DelegatingMethodHandle$Holder.delegate(java.lang.Object, int, java.lang.Object, java.lang.Object)'> (0x00000000d55d19b0) 
thrown [s\src\hotspot\share\interpreter\linkResolver.cpp, line 773]
Event: 20.099 Thread 0x0000025debb73ec0 Implicit null exception at 0x0000025dd827c7f6 to 0x0000025dd827cb18
Event: 20.100 Thread 0x0000025debb73ec0 Exception <a 'java/lang/NoSuchMethodError'{0x00000000d5627ae0}: 'int java.lang.invoke.Invokers$Holder.linkToTargetMethod(java.lang.Object, java.lang.Object, java.lang.Object)'> (0x00000000d5627ae0) 
thrown [s\src\hotspot\share\interpreter\linkResolver.cpp, line 773]
Event: 20.262 Thread 0x0000025dcd2d1710 Exception <a 'java/lang/NoSuchMethodError'{0x00000000d5a9d668}: 'void java.lang.invoke.DirectMethodHandle$Holder.invokeSpecial(java.lang.Object, java.lang.Object, java.lang.Object, java.lang.Object, java.lang.Object, java.lang.Object)'> (0x00000000d5a9d668) 
thrown [s\src\hotspot\share\interpreter\linkResolver.cpp, line 773]
Event: 20.265 Thread 0x0000025dcd2d1710 Exception <a 'java/lang/IncompatibleClassChangeError'{0x00000000d5ac3bc8}: Found class java.lang.Object, but interface was expected> (0x00000000d5ac3bc8) 
thrown [s\src\hotspot\share\interpreter\linkResolver.cpp, line 840]
Event: 20.265 Thread 0x0000025dcd2d1710 Exception <a 'java/lang/IncompatibleClassChangeError'{0x00000000d5ac5ac8}: Found class java.lang.Object, but interface was expected> (0x00000000d5ac5ac8) 
thrown [s\src\hotspot\share\interpreter\linkResolver.cpp, line 840]
Event: 20.387 Thread 0x0000025dcd2d1710 Implicit null exception at 0x0000025dd8285d3a to 0x0000025dd8285d74
Event: 20.462 Thread 0x0000025dec49a6a0 Exception <a 'java/lang/NoClassDefFoundError'{0x00000000d5ab1540}: javax/enterprise/inject/Typed> (0x00000000d5ab1540) 
thrown [s\src\hotspot\share\classfile\systemDictionary.cpp, line 301]
Event: 21.173 Thread 0x0000025debb71760 Exception <a 'java/lang/NoSuchMethodError'{0x00000000d597f3b8}: 'void java.lang.invoke.DirectMethodHandle$Holder.invokeStaticInit(java.lang.Object, java.lang.Object, java.lang.Object, java.lang.Object)'> (0x00000000d597f3b8) 
thrown [s\src\hotspot\share\interpreter\linkResolver.cpp, line 773]
Event: 21.196 Thread 0x0000025dec49a6a0 Exception <a 'java/lang/NoSuchMethodError'{0x00000000d5c68570}: 'void java.lang.invoke.DirectMethodHandle$Holder.invokeStaticInit(java.lang.Object, java.lang.Object, java.lang.Object)'> (0x00000000d5c68570) 
thrown [s\src\hotspot\share\interpreter\linkResolver.cpp, line 773]
Event: 21.203 Thread 0x0000025dec49a6a0 Exception <a 'java/lang/ExceptionInInitializerError'{0x00000000d5ccd938}> (0x00000000d5ccd938) 
thrown [s\src\hotspot\share\oops\instanceKlass.cpp, line 1220]
Event: 21.231 Thread 0x0000025dec49a6a0 Exception <a 'java/lang/NoSuchMethodError'{0x00000000d5e48b10}: 'long java.lang.invoke.DirectMethodHandle$Holder.invokeStatic(java.lang.Object, java.lang.Object, int)'> (0x00000000d5e48b10) 
thrown [s\src\hotspot\share\interpreter\linkResolver.cpp, line 773]
Event: 21.235 Thread 0x0000025dec49a6a0 Implicit null exception at 0x0000025dd81b037e to 0x0000025dd81b05f0
Event: 21.235 Thread 0x0000025dec49a6a0 Implicit null exception at 0x0000025dd8110d1c to 0x0000025dd8111c38
Event: 21.239 Thread 0x0000025dec49a6a0 Exception <a 'java/lang/NoSuchMethodError'{0x00000000d5e88360}: 'java.lang.Object java.lang.invoke.Invokers$Holder.invokeExact_MT(java.lang.Object, int, java.lang.Object)'> (0x00000000d5e88360) 
thrown [s\src\hotspot\share\interpreter\linkResolver.cpp, line 773]

ZGC Phase Switch (0 events):
No events

VM Operations (20 events):
Event: 20.446 Executing VM operation: HandshakeAllThreads (Deoptimize)
Event: 20.446 Executing VM operation: HandshakeAllThreads (Deoptimize) done
Event: 20.625 Executing VM operation: ParallelGCFailedAllocation (Allocation Failure)
Event: 20.626 Executing VM operation: ParallelGCFailedAllocation (Allocation Failure) done
Event: 20.701 Executing VM operation: HandshakeAllThreads (Deoptimize)
Event: 20.701 Executing VM operation: HandshakeAllThreads (Deoptimize) done
Event: 20.849 Executing VM operation: ParallelGCFailedAllocation (Allocation Failure)
Event: 20.851 Executing VM operation: ParallelGCFailedAllocation (Allocation Failure) done
Event: 20.867 Executing VM operation: HandshakeAllThreads (Deoptimize)
Event: 20.867 Executing VM operation: HandshakeAllThreads (Deoptimize) done
Event: 20.984 Executing VM operation: HandshakeAllThreads (Deoptimize)
Event: 20.984 Executing VM operation: HandshakeAllThreads (Deoptimize) done
Event: 21.102 Executing VM operation: HandshakeAllThreads (Deoptimize)
Event: 21.102 Executing VM operation: HandshakeAllThreads (Deoptimize) done
Event: 21.123 Executing VM operation: ParallelGCFailedAllocation (Allocation Failure)
Event: 21.124 Executing VM operation: ParallelGCFailedAllocation (Allocation Failure) done
Event: 21.140 Executing VM operation: HandshakeAllThreads (Deoptimize)
Event: 21.140 Executing VM operation: HandshakeAllThreads (Deoptimize) done
Event: 21.289 Executing VM operation: HandshakeAllThreads (Deoptimize)
Event: 21.289 Executing VM operation: HandshakeAllThreads (Deoptimize) done

Memory protections (0 events):
No events

Nmethod flushes (20 events):
Event: 20.074 Thread 0x0000025dcd38ea20 flushing  nmethod 0x0000025dd0bfbf10
Event: 20.074 Thread 0x0000025dcd38ea20 flushing  nmethod 0x0000025dd0c07f10
Event: 20.074 Thread 0x0000025dcd38ea20 flushing  nmethod 0x0000025dd0c0d510
Event: 20.074 Thread 0x0000025dcd38ea20 flushing  nmethod 0x0000025dd0c3c390
Event: 20.074 Thread 0x0000025dcd38ea20 flushing  nmethod 0x0000025dd0c3c790
Event: 20.074 Thread 0x0000025dcd38ea20 flushing  nmethod 0x0000025dd0c3d090
Event: 20.074 Thread 0x0000025dcd38ea20 flushing  nmethod 0x0000025dd0c3e290
Event: 20.074 Thread 0x0000025dcd38ea20 flushing  nmethod 0x0000025dd0c3f590
Event: 20.074 Thread 0x0000025dcd38ea20 flushing  nmethod 0x0000025dd0c3fd10
Event: 20.074 Thread 0x0000025dcd38ea20 flushing  nmethod 0x0000025dd0c41290
Event: 20.074 Thread 0x0000025dcd38ea20 flushing  nmethod 0x0000025dd0c41790
Event: 20.074 Thread 0x0000025dcd38ea20 flushing  nmethod 0x0000025dd0c42090
Event: 20.074 Thread 0x0000025dcd38ea20 flushing  nmethod 0x0000025dd0c43490
Event: 20.074 Thread 0x0000025dcd38ea20 flushing  nmethod 0x0000025dd0c44f10
Event: 20.074 Thread 0x0000025dcd38ea20 flushing  nmethod 0x0000025dd0c46990
Event: 20.074 Thread 0x0000025dcd38ea20 flushing  nmethod 0x0000025dd0c8f590
Event: 20.074 Thread 0x0000025dcd38ea20 flushing  nmethod 0x0000025dd0c90090
Event: 20.074 Thread 0x0000025dcd38ea20 flushing  nmethod 0x0000025dd0c95310
Event: 20.074 Thread 0x0000025dcd38ea20 flushing  nmethod 0x0000025dd0cb5190
Event: 20.074 Thread 0x0000025dcd38ea20 flushing  nmethod 0x0000025dd0cbd490

Events (20 events):
Event: 19.867 Thread 0x0000025dcd2d1710 Thread added: 0x0000025dec494430
Event: 19.868 Thread 0x0000025dcd2d1710 Thread added: 0x0000025dec498c60
Event: 19.868 Thread 0x0000025dcd2d1710 Thread added: 0x0000025dec499980
Event: 19.868 Thread 0x0000025dcd2d1710 Thread added: 0x0000025dec494ac0
Event: 19.868 Thread 0x0000025dcd2d1710 Thread added: 0x0000025dec4957e0
Event: 19.868 Thread 0x0000025dcd2d1710 Thread added: 0x0000025dec496b90
Event: 19.868 Thread 0x0000025dcd2d1710 Thread added: 0x0000025dec497f40
Event: 19.869 Thread 0x0000025dcd2d1710 Thread added: 0x0000025dec497220
Event: 19.869 Thread 0x0000025dcd2d1710 Thread added: 0x0000025dec4978b0
Event: 19.869 Thread 0x0000025dcd2d1710 Thread added: 0x0000025dec4985d0
Event: 19.869 Thread 0x0000025dcd2d1710 Thread added: 0x0000025dec49a010
Event: 19.870 Thread 0x0000025dcd2d1710 Thread added: 0x0000025dec4992f0
Event: 19.870 Thread 0x0000025dcd2d1710 Thread added: 0x0000025dec493080
Event: 19.870 Thread 0x0000025debb73ec0 Thread added: 0x0000025dec49a6a0
Event: 19.927 Thread 0x0000025dcd2d1710 Thread added: 0x0000025dec495e70
Event: 20.296 Thread 0x0000025dcd2d1710 Thread added: 0x0000025def6f0bc0
Event: 20.296 Thread 0x0000025dcd2d1710 Thread added: 0x0000025def6f46d0
Event: 20.744 Thread 0x0000025debb71760 Thread added: 0x0000025def6f4040
Event: 20.744 Thread 0x0000025def6f4040 Thread exited: 0x0000025def6f4040
Event: 21.138 Thread 0x0000025debb71760 Thread added: 0x0000025def6eeaf0


Dynamic libraries:
0x00007ff63a0e0000 - 0x00007ff63a0ee000 	c:\Users\Win\.vscode\extensions\redhat.java-1.45.0-win32-x64\jre\21.0.8-win32-x86_64\bin\java.exe
0x00007ff85ddb0000 - 0x00007ff85dfc7000 	C:\Windows\SYSTEM32\ntdll.dll
0x00007ff85bdf0000 - 0x00007ff85beb4000 	C:\Windows\System32\KERNEL32.DLL
0x00007ff85aee0000 - 0x00007ff85b2b0000 	C:\Windows\System32\KERNELBASE.dll
0x00007ff85b380000 - 0x00007ff85b491000 	C:\Windows\System32\ucrtbase.dll
0x00007ff847900000 - 0x00007ff847918000 	c:\Users\Win\.vscode\extensions\redhat.java-1.45.0-win32-x64\jre\21.0.8-win32-x86_64\bin\jli.dll
0x00007ff8478e0000 - 0x00007ff8478fe000 	c:\Users\Win\.vscode\extensions\redhat.java-1.45.0-win32-x64\jre\21.0.8-win32-x86_64\bin\VCRUNTIME140.dll
0x00007ff85d960000 - 0x00007ff85db11000 	C:\Windows\System32\USER32.dll
0x00007ff85b350000 - 0x00007ff85b376000 	C:\Windows\System32\win32u.dll
0x00007ff849310000 - 0x00007ff8495ac000 	C:\Windows\WinSxS\amd64_microsoft.windows.common-controls_6595b64144ccf1df_6.0.22621.5840_none_2710ea077384a4fe\COMCTL32.dll
0x00007ff85d840000 - 0x00007ff85d869000 	C:\Windows\System32\GDI32.dll
0x00007ff85bb70000 - 0x00007ff85bc17000 	C:\Windows\System32\msvcrt.dll
0x00007ff85b750000 - 0x00007ff85b873000 	C:\Windows\System32\gdi32full.dll
0x00007ff85b2b0000 - 0x00007ff85b34a000 	C:\Windows\System32\msvcp_win.dll
0x00007ff85dd30000 - 0x00007ff85dd61000 	C:\Windows\System32\IMM32.DLL
0x00007ff856a50000 - 0x00007ff856a5c000 	c:\Users\Win\.vscode\extensions\redhat.java-1.45.0-win32-x64\jre\21.0.8-win32-x86_64\bin\vcruntime140_1.dll
0x00007ff847810000 - 0x00007ff84789d000 	c:\Users\Win\.vscode\extensions\redhat.java-1.45.0-win32-x64\jre\21.0.8-win32-x86_64\bin\msvcp140.dll
0x00007ff809ce0000 - 0x00007ff80aa77000 	c:\Users\Win\.vscode\extensions\redhat.java-1.45.0-win32-x64\jre\21.0.8-win32-x86_64\bin\server\jvm.dll
0x00007ff85cd40000 - 0x00007ff85cdf1000 	C:\Windows\System32\ADVAPI32.dll
0x00007ff85bc20000 - 0x00007ff85bcc8000 	C:\Windows\System32\sechost.dll
0x00007ff85aeb0000 - 0x00007ff85aed8000 	C:\Windows\System32\bcrypt.dll
0x00007ff85bcd0000 - 0x00007ff85bde8000 	C:\Windows\System32\RPCRT4.dll
0x00007ff85cf10000 - 0x00007ff85cf81000 	C:\Windows\System32\WS2_32.dll
0x00007ff85ad80000 - 0x00007ff85adcd000 	C:\Windows\SYSTEM32\POWRPROF.dll
0x00007ff855240000 - 0x00007ff855274000 	C:\Windows\SYSTEM32\WINMM.dll
0x00007ff8511d0000 - 0x00007ff8511da000 	C:\Windows\SYSTEM32\VERSION.dll
0x00007ff85ad60000 - 0x00007ff85ad73000 	C:\Windows\SYSTEM32\UMPDC.dll
0x00007ff859e40000 - 0x00007ff859e58000 	C:\Windows\SYSTEM32\kernel.appcore.dll
0x00007ff856a90000 - 0x00007ff856a9a000 	c:\Users\Win\.vscode\extensions\redhat.java-1.45.0-win32-x64\jre\21.0.8-win32-x86_64\bin\jimage.dll
0x00007ff858120000 - 0x00007ff858353000 	C:\Windows\SYSTEM32\DBGHELP.DLL
0x00007ff85c900000 - 0x00007ff85cc91000 	C:\Windows\System32\combase.dll
0x00007ff85d870000 - 0x00007ff85d948000 	C:\Windows\System32\OLEAUT32.dll
0x00007ff84eb20000 - 0x00007ff84eb52000 	C:\Windows\SYSTEM32\dbgcore.DLL
0x00007ff85b880000 - 0x00007ff85b8fb000 	C:\Windows\System32\bcryptPrimitives.dll
0x00007ff853330000 - 0x00007ff85333f000 	c:\Users\Win\.vscode\extensions\redhat.java-1.45.0-win32-x64\jre\21.0.8-win32-x86_64\bin\instrument.dll
0x00007ff856a70000 - 0x00007ff856a8f000 	c:\Users\Win\.vscode\extensions\redhat.java-1.45.0-win32-x64\jre\21.0.8-win32-x86_64\bin\java.dll
0x00007ff85cf90000 - 0x00007ff85d831000 	C:\Windows\System32\SHELL32.dll
0x00007ff85b610000 - 0x00007ff85b74f000 	C:\Windows\System32\wintypes.dll
0x00007ff858d30000 - 0x00007ff85964a000 	C:\Windows\SYSTEM32\windows.storage.dll
0x00007ff85ce00000 - 0x00007ff85cf0a000 	C:\Windows\System32\SHCORE.dll
0x00007ff85bee0000 - 0x00007ff85bf49000 	C:\Windows\System32\shlwapi.dll
0x00007ff85ade0000 - 0x00007ff85ae05000 	C:\Windows\SYSTEM32\profapi.dll
0x00007ff8478c0000 - 0x00007ff8478d8000 	c:\Users\Win\.vscode\extensions\redhat.java-1.45.0-win32-x64\jre\21.0.8-win32-x86_64\bin\zip.dll
0x00007ff856a60000 - 0x00007ff856a70000 	C:\Users\Win\.vscode\extensions\redhat.java-1.45.0-win32-x64\jre\21.0.8-win32-x86_64\bin\net.dll
0x00007ff856910000 - 0x00007ff856a3c000 	C:\Windows\SYSTEM32\WINHTTP.dll
0x00007ff85a300000 - 0x00007ff85a369000 	C:\Windows\system32\mswsock.dll
0x00007ff847730000 - 0x00007ff847746000 	C:\Users\Win\.vscode\extensions\redhat.java-1.45.0-win32-x64\jre\21.0.8-win32-x86_64\bin\nio.dll
0x00007ff853270000 - 0x00007ff853280000 	c:\Users\Win\.vscode\extensions\redhat.java-1.45.0-win32-x64\jre\21.0.8-win32-x86_64\bin\verify.dll
0x00007ff847760000 - 0x00007ff8477a4000 	C:\Users\Win\AppData\Roaming\Code\User\globalStorage\redhat.java\1.45.0\config_win\org.eclipse.equinox.launcher\org.eclipse.equinox.launcher.win32.win32.x86_64_1.2.1400.v20250801-0854\eclipse_11916.dll
0x00007ff85c6f0000 - 0x00007ff85c890000 	C:\Windows\System32\ole32.dll
0x00007ff85a650000 - 0x00007ff85a66b000 	C:\Windows\SYSTEM32\CRYPTSP.dll
0x00007ff859da0000 - 0x00007ff859dd7000 	C:\Windows\system32\rsaenh.dll
0x00007ff85a3a0000 - 0x00007ff85a3c8000 	C:\Windows\SYSTEM32\USERENV.dll
0x00007ff85a630000 - 0x00007ff85a63c000 	C:\Windows\SYSTEM32\CRYPTBASE.dll
0x00007ff859940000 - 0x00007ff85996d000 	C:\Windows\SYSTEM32\IPHLPAPI.DLL
0x00007ff85cd30000 - 0x00007ff85cd39000 	C:\Windows\System32\NSI.dll
0x00007ff83e3f0000 - 0x00007ff83e439000 	C:\Users\Win\AppData\Local\Temp\jna-86972\jna10385378788521553453.dll
0x00007ff85c600000 - 0x00007ff85c608000 	C:\Windows\System32\PSAPI.DLL
0x00007ff855ed0000 - 0x00007ff855ee9000 	C:\Windows\SYSTEM32\dhcpcsvc6.DLL
0x00007ff855eb0000 - 0x00007ff855ecf000 	C:\Windows\SYSTEM32\dhcpcsvc.DLL
0x00007ff847cc0000 - 0x00007ff847cce000 	C:\Users\Win\.vscode\extensions\redhat.java-1.45.0-win32-x64\jre\21.0.8-win32-x86_64\bin\sunmscapi.dll
0x00007ff85b4a0000 - 0x00007ff85b608000 	C:\Windows\System32\CRYPT32.dll
0x00007ff85a750000 - 0x00007ff85a77d000 	C:\Windows\SYSTEM32\ncrypt.dll
0x00007ff85a710000 - 0x00007ff85a747000 	C:\Windows\SYSTEM32\NTASN1.dll
0x00007ff859970000 - 0x00007ff859a68000 	C:\Windows\SYSTEM32\DNSAPI.dll
0x00007ff855a10000 - 0x00007ff855a1a000 	C:\Windows\System32\rasadhlp.dll
0x00007ff855500000 - 0x00007ff855584000 	C:\Windows\System32\fwpuclnt.dll
0x00007ff847cb0000 - 0x00007ff847cb9000 	C:\Users\Win\.vscode\extensions\redhat.java-1.45.0-win32-x64\jre\21.0.8-win32-x86_64\bin\extnet.dll

JVMTI agents:
c:\Users\Win\.vscode\extensions\redhat.java-1.45.0-win32-x64\lombok\lombok-1.18.39-4050.jar path:c:\Users\Win\.vscode\extensions\redhat.java-1.45.0-win32-x64\jre\21.0.8-win32-x86_64\bin\instrument.dll, loaded, initialized, instrumentlib options:none

dbghelp: loaded successfully - version: 4.0.5 - missing functions: none
symbol engine: initialized successfully - sym options: 0x614 - pdb path: .;c:\Users\Win\.vscode\extensions\redhat.java-1.45.0-win32-x64\jre\21.0.8-win32-x86_64\bin;C:\Windows\SYSTEM32;C:\Windows\WinSxS\amd64_microsoft.windows.common-controls_6595b64144ccf1df_6.0.22621.5840_none_2710ea077384a4fe;c:\Users\Win\.vscode\extensions\redhat.java-1.45.0-win32-x64\jre\21.0.8-win32-x86_64\bin\server;C:\Users\Win\AppData\Roaming\Code\User\globalStorage\redhat.java\1.45.0\config_win\org.eclipse.equinox.launcher\org.eclipse.equinox.launcher.win32.win32.x86_64_1.2.1400.v20250801-0854;C:\Users\Win\AppData\Local\Temp\jna-86972

VM Arguments:
jvm_args: --add-modules=ALL-SYSTEM --add-opens=java.base/java.util=ALL-UNNAMED --add-opens=java.base/java.lang=ALL-UNNAMED --add-opens=java.base/sun.nio.fs=ALL-UNNAMED -Declipse.application=org.eclipse.jdt.ls.core.id1 -Dosgi.bundles.defaultStartLevel=4 -Declipse.product=org.eclipse.jdt.ls.core.product -Djava.import.generatesMetadataFilesAtProjectRoot=false -DDetectVMInstallationsJob.disabled=true -Dfile.encoding=utf8 -XX:+UseParallelGC -XX:GCTimeRatio=4 -XX:AdaptiveSizePolicyWeight=90 -Dsun.zip.disableMemoryMapping=true -Xmx2G -Xms100m -Xlog:disable -javaagent:c:\Users\Win\.vscode\extensions\redhat.java-1.45.0-win32-x64\lombok\lombok-1.18.39-4050.jar -XX:+HeapDumpOnOutOfMemoryError -XX:HeapDumpPath=c:\Users\Win\AppData\Roaming\Code\User\workspaceStorage\963a81cb291c2c8916a36296ea758708\redhat.java -Daether.dependencyCollector.impl=bf 
java_command: c:\Users\Win\.vscode\extensions\redhat.java-1.45.0-win32-x64\server\plugins\org.eclipse.equinox.launcher_1.7.0.v20250519-0528.jar -configuration c:\Users\Win\AppData\Roaming\Code\User\globalStorage\redhat.java\1.45.0\config_win -data c:\Users\Win\AppData\Roaming\Code\User\workspaceStorage\963a81cb291c2c8916a36296ea758708\redhat.java\jdt_ws --pipe=\\.\pipe\lsp-d1459fa17d2570ed49205845c55e5c86-sock
java_class_path (initial): c:\Users\Win\.vscode\extensions\redhat.java-1.45.0-win32-x64\server\plugins\org.eclipse.equinox.launcher_1.7.0.v20250519-0528.jar
Launcher Type: SUN_STANDARD

[Global flags]
    uintx AdaptiveSizePolicyWeight                 = 90                                        {product} {command line}
     intx CICompilerCount                          = 12                                        {product} {ergonomic}
    uintx GCTimeRatio                              = 4                                         {product} {command line}
     bool HeapDumpOnOutOfMemoryError               = true                                   {manageable} {command line}
    ccstr HeapDumpPath                             = c:\Users\Win\AppData\Roaming\Code\User\workspaceStorage\963a81cb291c2c8916a36296ea758708\redhat.java         {manageable} {command line}
   size_t InitialHeapSize                          = 104857600                                 {product} {command line}
   size_t MaxHeapSize                              = 2147483648                                {product} {command line}
   size_t MaxNewSize                               = 715653120                                 {product} {ergonomic}
   size_t MinHeapDeltaBytes                        = 524288                                    {product} {ergonomic}
   size_t MinHeapSize                              = 104857600                                 {product} {command line}
   size_t NewSize                                  = 34603008                                  {product} {ergonomic}
    uintx NonNMethodCodeHeapSize                   = 7602480                                {pd product} {ergonomic}
    uintx NonProfiledCodeHeapSize                  = 122027880                              {pd product} {ergonomic}
   size_t OldSize                                  = 70254592                                  {product} {ergonomic}
    uintx ProfiledCodeHeapSize                     = 122027880                              {pd product} {ergonomic}
    uintx ReservedCodeCacheSize                    = 251658240                              {pd product} {ergonomic}
     bool SegmentedCodeCache                       = true                                      {product} {ergonomic}
   size_t SoftMaxHeapSize                          = 2147483648                             {manageable} {ergonomic}
     bool UseCompressedOops                        = true                           {product lp64_product} {ergonomic}
     bool UseLargePagesIndividualAllocation        = false                                  {pd product} {ergonomic}
     bool UseParallelGC                            = true                                      {product} {command line}

Logging:
Log output configuration:
 #0: stdout all=off uptime,level,tags foldmultilines=false
 #1: stderr all=off uptime,level,tags foldmultilines=false

Environment Variables:
JAVA_HOME=C:\Program Files\Java\jdk-17
PATH=C:\Program Files\Common Files\Oracle\Java\javapath;C:\Windows\system32;C:\Windows;C:\Windows\System32\Wbem;C:\Windows\System32\WindowsPowerShell\v1.0\;C:\Windows\System32\OpenSSH\;C:\Program Files (x86)\Microsoft SQL Server\160\Tools\Binn\;C:\Program Files\Microsoft SQL Server\160\Tools\Binn\;C:\Program Files\Microsoft SQL Server\Client SDK\ODBC\170\Tools\Binn\;C:\Program Files\Microsoft SQL Server\160\DTS\Binn\;C:\Program Files (x86)\Microsoft SQL Server\160\DTS\Binn\;C:\Program Files\starship\bin\;C:\xampp\php;C:\Users\Win\AppData\Local\Packages\PythonSoftwareFoundation.Python.3.12_qbz5n2kfra8p0\LocalCache\local-packages\Python312\Scripts;C:\ProgramData\ComposerSetup\bin;C:\Program Files\Git\cmd;C:\Users\Win\AppData\Local\Packages\PythonSoftwareFoundation.Python.3.12_qbz5n2kfra8p0\LocalCache\local-packages\Python312\site-packages\cmake;C:\spring-3.4.3\bin;C:\Program Files\dotnet\;C:\Program Files\OpenSSL-Win64\bin;C:\Program Files (x86)\cloudflared\;C:\Users\Win\AppData\Roaming\nvm;C:\Program Files\nodejs;C:\Users\Win\AppData\Local\Android\Sdk\cmdline-tools\latest\bin;C:\Users\Win\AppData\Local\Android\Sdk\platform-tools;C:\Users\Win\AppData\Local\Android\Sdk\emulator;C:\Users\Win\AppData\Local\Android\Sdk\tools\bin;C:\Program Files\Docker\Docker\resources\bin;C:\Program Files\Java\jdk-17\bin;C:\Users\Win\AppData\Local\Pub\Cache\bin;C:\hadoop-3.2.2\bin;C:\Users\Win\AppData\Local\pnpm;C:\Users\Win\AppData\Local\Microsoft\WindowsApps;C:\Users\Win\AppData\Local\Programs\Microsoft VS Code\bin;C:\Program Files\Azure Data Studio\bin;C:\ProgramData\chocolatey\bin;C:\Tools\neovim\nvim-win64\bin;C:\Users\Win\AppData\Roaming\npm;C:\Users\Win\AppData\Roaming\Composer\vendor\bin;C:\Tools\mysql\current\bin;C:\Users\Win\.dotnet\tools;C:\Program Files\Java\jdk-17\bin;C:\Program Files\OpenSSL-Win64\bin;C:\Program Files\Java\jdk-17;C:\Program Files\JetBrains\IntelliJ IDEA Community Edition 2024.3\bin;;C:\Users\Win\AppData\Roaming\nvm;C:\Program Files\nodejs;C:\flutter\bin;C:\Users\Win\AppData\Local\Android\Sdk\platform-tools;C:\Users\Win\AppData\Local\Android\Sdk\emulator;C:\Users\Win\AppData\Local\Android\Sdk\cmdline-tools\latest\bin;C:\Users\Win\AppData\Local\Android\Sdk\tools\bin;
USERNAME=Win
OS=Windows_NT
PROCESSOR_IDENTIFIER=AMD64 Family 25 Model 80 Stepping 0, AuthenticAMD
TMP=C:\Users\Win\AppData\Local\Temp
TEMP=C:\Users\Win\AppData\Local\Temp




Periodic native trim disabled

---------------  S Y S T E M  ---------------

OS:
 Windows 11 , 64 bit Build 22621 (10.0.22621.5415)
OS uptime: 0 days 12:55 hours
Hyper-V role detected

CPU: total 16 (initial active 16) (16 cores per cpu, 2 threads per core) family 25 model 80 stepping 0 microcode 0x0, cx8, cmov, fxsr, ht, mmx, 3dnowpref, sse, sse2, sse3, ssse3, sse4a, sse4.1, sse4.2, popcnt, lzcnt, tsc, tscinvbit, avx, avx2, aes, erms, clmul, bmi1, bmi2, adx, sha, fma, vzeroupper, clflush, clflushopt, hv, rdtscp, rdpid, fsrm, f16c, cet_ss
Processor Information for processor 0
  Max Mhz: 1901, Current Mhz: 1901, Mhz Limit: 1901
Processor Information for processor 1
  Max Mhz: 1901, Current Mhz: 1901, Mhz Limit: 1901
Processor Information for processor 2
  Max Mhz: 1901, Current Mhz: 1901, Mhz Limit: 1901
Processor Information for processor 3
  Max Mhz: 1901, Current Mhz: 1901, Mhz Limit: 1901
Processor Information for processor 4
  Max Mhz: 1901, Current Mhz: 1901, Mhz Limit: 1901
Processor Information for processor 5
  Max Mhz: 1901, Current Mhz: 1819, Mhz Limit: 1901
Processor Information for processor 6
  Max Mhz: 1901, Current Mhz: 1901, Mhz Limit: 1901
Processor Information for processor 7
  Max Mhz: 1901, Current Mhz: 1901, Mhz Limit: 1901
Processor Information for processor 8
  Max Mhz: 1901, Current Mhz: 1901, Mhz Limit: 1901
Processor Information for processor 9
  Max Mhz: 1901, Current Mhz: 1901, Mhz Limit: 1901
Processor Information for processor 10
  Max Mhz: 1901, Current Mhz: 1901, Mhz Limit: 1901
Processor Information for processor 11
  Max Mhz: 1901, Current Mhz: 1901, Mhz Limit: 1901
Processor Information for processor 12
  Max Mhz: 1901, Current Mhz: 1901, Mhz Limit: 1901
Processor Information for processor 13
  Max Mhz: 1901, Current Mhz: 1819, Mhz Limit: 1901
Processor Information for processor 14
  Max Mhz: 1901, Current Mhz: 1819, Mhz Limit: 1901
Processor Information for processor 15
  Max Mhz: 1901, Current Mhz: 1901, Mhz Limit: 1901

Memory: 4k page, system-wide physical 14188M (1180M free)
TotalPageFile size 26142M (AvailPageFile size 501M)
current process WorkingSet (physical memory assigned to process): 236M, peak: 242M
current process commit charge ("private bytes"): 372M, peak: 376M

vm_info: OpenJDK 64-Bit Server VM (21.0.8+9-LTS) for windows-amd64 JRE (21.0.8+9-LTS), built on 2025-07-15T00:00:00Z by "admin" with MS VC++ 17.7 (VS2022)

END.
