#
# There is insufficient memory for the Java Runtime Environment to continue.
# Native memory allocation (malloc) failed to allocate 1351872 bytes. Error detail: Chunk::new
# Possible reasons:
#   The system is out of physical RAM or swap space
#   This process is running with CompressedOops enabled, and the Java Heap may be blocking the growth of the native heap
# Possible solutions:
#   Reduce memory load on the system
#   Increase physical memory or swap space
#   Check if swap backing store is full
#   Decrease Java heap size (-Xmx/-Xms)
#   Decrease number of Java threads
#   Decrease Java thread stack sizes (-Xss)
#   Set larger code cache with -XX:ReservedCodeCacheSize=
#   JVM is running with Zero Based Compressed Oops mode in which the Java heap is
#     placed in the first 32GB address space. The Java Heap base address is the
#     maximum limit for the native heap growth. Please use -XX:HeapBaseMinAddress
#     to set the Java Heap base and to place the Java Heap above 32GB virtual address.
# This output file may be truncated or incomplete.
#
#  Out of Memory Error (arena.cpp:168), pid=12608, tid=9668
#
# JRE version: OpenJDK Runtime Environment JBR-21.0.5+8-631.16-jcef (21.0.5+8) (build 21.0.5+8-b631.16)
# Java VM: OpenJDK 64-Bit Server VM JBR-21.0.5+8-631.16-jcef (21.0.5+8-b631.16, mixed mode, sharing, tiered, compressed oops, compressed class ptrs, g1 gc, windows-amd64)
# No core dump will be written. Minidumps are not enabled by default on client versions of Windows
#

---------------  S U M M A R Y ------------

Command Line: git4idea.http.GitAskPassApp Username for 'https://github.com': 

Host: AMD Ryzen 7 5800U with Radeon Graphics         , 16 cores, 13G,  Windows 11 , 64 bit Build 22621 (10.0.22621.5415)
Time: Wed Sep 24 16:44:47 2025 SE Asia Standard Time elapsed time: 0.540844 seconds (0d 0h 0m 0s)

---------------  T H R E A D  ---------------

Current thread (0x0000017a132db9a0):  JavaThread "C2 CompilerThread1" daemon [_thread_in_native, id=9668, stack(0x000000068ed00000,0x000000068ee00000) (1024K)]


Current CompileTask:
C2:540 1191       4       sun.security.ec.ECOperations::setDouble (463 bytes)

Stack: [0x000000068ed00000,0x000000068ee00000]
Native frames: (J=compiled Java code, j=interpreted, Vv=VM code, C=native code)
V  [jvm.dll+0x6e52b9]
V  [jvm.dll+0x8c3633]
V  [jvm.dll+0x8c5b8e]
V  [jvm.dll+0x8c6273]
V  [jvm.dll+0x288f46]
V  [jvm.dll+0xc66dd]
V  [jvm.dll+0xc6c13]
V  [jvm.dll+0x3c456b]
V  [jvm.dll+0x3901c7]
V  [jvm.dll+0x38f63a]
V  [jvm.dll+0x2507a2]
V  [jvm.dll+0x24fd71]
V  [jvm.dll+0x1cd6a4]
V  [jvm.dll+0x25f5dc]
V  [jvm.dll+0x25db26]
V  [jvm.dll+0x3ff5e6]
V  [jvm.dll+0x86b248]
V  [jvm.dll+0x6e3abd]
C  [ucrtbase.dll+0x29333]
C  [KERNEL32.DLL+0x1259d]
C  [ntdll.dll+0x5af78]


---------------  P R O C E S S  ---------------

Threads class SMR info:
_java_thread_list=0x0000017a591ea460, length=20, elements={
0x0000017a762c4bd0, 0x0000017a132c6d50, 0x0000017a132c7c60, 0x0000017a132ca010,
0x0000017a132cca70, 0x0000017a132cd820, 0x0000017a132ce270, 0x0000017a132d5830,
0x0000017a132d89f0, 0x0000017a132d90c0, 0x0000017a13694ce0, 0x0000017a13698930,
0x0000017a132d9790, 0x0000017a132d9e60, 0x0000017a132db9a0, 0x0000017a5915b300,
0x0000017a591fb4a0, 0x0000017a59251740, 0x0000017a132da530, 0x0000017a132dac00
}

Java Threads: ( => current thread )
  0x0000017a762c4bd0 JavaThread "main"                              [_thread_blocked, id=17616, stack(0x000000068d800000,0x000000068d900000) (1024K)]
  0x0000017a132c6d50 JavaThread "Reference Handler"          daemon [_thread_blocked, id=19600, stack(0x000000068e000000,0x000000068e100000) (1024K)]
  0x0000017a132c7c60 JavaThread "Finalizer"                  daemon [_thread_blocked, id=20488, stack(0x000000068e100000,0x000000068e200000) (1024K)]
  0x0000017a132ca010 JavaThread "Signal Dispatcher"          daemon [_thread_blocked, id=17144, stack(0x000000068e200000,0x000000068e300000) (1024K)]
  0x0000017a132cca70 JavaThread "Attach Listener"            daemon [_thread_blocked, id=20868, stack(0x000000068e300000,0x000000068e400000) (1024K)]
  0x0000017a132cd820 JavaThread "Service Thread"             daemon [_thread_blocked, id=7476, stack(0x000000068e400000,0x000000068e500000) (1024K)]
  0x0000017a132ce270 JavaThread "Monitor Deflation Thread"   daemon [_thread_blocked, id=8900, stack(0x000000068e500000,0x000000068e600000) (1024K)]
  0x0000017a132d5830 JavaThread "C2 CompilerThread0"         daemon [_thread_blocked, id=19476, stack(0x000000068e600000,0x000000068e700000) (1024K)]
  0x0000017a132d89f0 JavaThread "C1 CompilerThread0"         daemon [_thread_blocked, id=10244, stack(0x000000068e700000,0x000000068e800000) (1024K)]
  0x0000017a132d90c0 JavaThread "C1 CompilerThread1"         daemon [_thread_blocked, id=15116, stack(0x000000068e800000,0x000000068e900000) (1024K)]
  0x0000017a13694ce0 JavaThread "Notification Thread"        daemon [_thread_blocked, id=16644, stack(0x000000068e900000,0x000000068ea00000) (1024K)]
  0x0000017a13698930 JavaThread "Common-Cleaner"             daemon [_thread_blocked, id=19788, stack(0x000000068ea00000,0x000000068eb00000) (1024K)]
  0x0000017a132d9790 JavaThread "C1 CompilerThread2"         daemon [_thread_blocked, id=20768, stack(0x000000068eb00000,0x000000068ec00000) (1024K)]
  0x0000017a132d9e60 JavaThread "C1 CompilerThread3"         daemon [_thread_blocked, id=20728, stack(0x000000068ec00000,0x000000068ed00000) (1024K)]
=>0x0000017a132db9a0 JavaThread "C2 CompilerThread1"         daemon [_thread_in_native, id=9668, stack(0x000000068ed00000,0x000000068ee00000) (1024K)]
  0x0000017a5915b300 JavaThread "HttpClient-1-SelectorManager" daemon [_thread_in_native, id=16216, stack(0x000000068ee00000,0x000000068ef00000) (1024K)]
  0x0000017a591fb4a0 JavaThread "HttpClient-1-Worker-0"      daemon [_thread_blocked, id=20212, stack(0x000000068f000000,0x000000068f100000) (1024K)]
  0x0000017a59251740 JavaThread "HttpClient-1-Worker-1"      daemon [_thread_blocked, id=4308, stack(0x000000068f100000,0x000000068f200000) (1024K)]
  0x0000017a132da530 JavaThread "C2 CompilerThread2"         daemon [_thread_blocked, id=6944, stack(0x000000068f200000,0x000000068f300000) (1024K)]
  0x0000017a132dac00 JavaThread "C2 CompilerThread3"         daemon [_thread_blocked, id=11368, stack(0x000000068f300000,0x000000068f400000) (1024K)]
Total: 20

Other Threads:
  0x0000017a132abbc0 VMThread "VM Thread"                           [id=12168, stack(0x000000068df00000,0x000000068e000000) (1024K)]
  0x0000017a1329ae70 WatcherThread "VM Periodic Task Thread"        [id=12688, stack(0x000000068de00000,0x000000068df00000) (1024K)]
  0x0000017a7658a490 WorkerThread "GC Thread#0"                     [id=4884, stack(0x000000068d900000,0x000000068da00000) (1024K)]
  0x0000017a765993e0 ConcurrentGCThread "G1 Main Marker"            [id=11244, stack(0x000000068da00000,0x000000068db00000) (1024K)]
  0x0000017a7659ba90 WorkerThread "G1 Conc#0"                       [id=12724, stack(0x000000068db00000,0x000000068dc00000) (1024K)]
  0x0000017a1316b6a0 ConcurrentGCThread "G1 Refine#0"               [id=19796, stack(0x000000068dc00000,0x000000068dd00000) (1024K)]
  0x0000017a1316c210 ConcurrentGCThread "G1 Service"                [id=16532, stack(0x000000068dd00000,0x000000068de00000) (1024K)]
Total: 7

Threads with active compile tasks:
C2 CompilerThread1  554 1191       4       sun.security.ec.ECOperations::setDouble (463 bytes)
Total: 1

VM state: not at safepoint (normal execution)

VM Mutex/Monitor currently owned by a thread: None

Heap address: 0x0000000722400000, size: 3548 MB, Compressed Oops mode: Zero based, Oop shift amount: 3

CDS archive(s) mapped at: [0x0000017a14000000-0x0000017a14d00000-0x0000017a14d00000), size 13631488, SharedBaseAddress: 0x0000017a14000000, ArchiveRelocationMode: 1.
Compressed class space mapped at: 0x0000017a15000000-0x0000017a55000000, reserved size: 1073741824
Narrow klass base: 0x0000017a14000000, Narrow klass shift: 0, Narrow klass range: 0x100000000

GC Precious Log:
 CardTable entry size: 512
 Card Set container configuration: InlinePtr #cards 4 size 8 Array Of Cards #cards 16 size 48 Howl #buckets 8 coarsen threshold 3686 Howl Bitmap #cards 512 size 80 coarsen threshold 460 Card regions per heap region 1 cards per card region 4096
 CPUs: 16 total, 16 available
 Memory: 14188M
 Large Page Support: Disabled
 NUMA Support: Disabled
 Compressed Oops: Enabled (Zero based)
 Heap Region Size: 2M
 Heap Min Capacity: 8M
 Heap Initial Capacity: 222M
 Heap Max Capacity: 3548M
 Pre-touch: Disabled
 Parallel Workers: 13
 Concurrent Workers: 3
 Concurrent Refinement Workers: 13
 Periodic GC: Disabled

Heap:
 garbage-first heap   total 227328K, used 18432K [0x0000000722400000, 0x0000000800000000)
  region size 2048K, 10 young (20480K), 0 survivors (0K)
 Metaspace       used 9259K, committed 9472K, reserved 1114112K
  class space    used 1061K, committed 1152K, reserved 1048576K

Heap Regions: E=young(eden), S=young(survivor), O=old, HS=humongous(starts), HC=humongous(continues), CS=collection set, F=free, TAMS=top-at-mark-start, PB=parsable bottom
|   0|0x0000000722400000, 0x0000000722400000, 0x0000000722600000|  0%| F|  |TAMS 0x0000000722400000| PB 0x0000000722400000| Untracked 
|   1|0x0000000722600000, 0x0000000722600000, 0x0000000722800000|  0%| F|  |TAMS 0x0000000722600000| PB 0x0000000722600000| Untracked 
|   2|0x0000000722800000, 0x0000000722800000, 0x0000000722a00000|  0%| F|  |TAMS 0x0000000722800000| PB 0x0000000722800000| Untracked 
|   3|0x0000000722a00000, 0x0000000722a00000, 0x0000000722c00000|  0%| F|  |TAMS 0x0000000722a00000| PB 0x0000000722a00000| Untracked 
|   4|0x0000000722c00000, 0x0000000722c00000, 0x0000000722e00000|  0%| F|  |TAMS 0x0000000722c00000| PB 0x0000000722c00000| Untracked 
|   5|0x0000000722e00000, 0x0000000722e00000, 0x0000000723000000|  0%| F|  |TAMS 0x0000000722e00000| PB 0x0000000722e00000| Untracked 
|   6|0x0000000723000000, 0x0000000723000000, 0x0000000723200000|  0%| F|  |TAMS 0x0000000723000000| PB 0x0000000723000000| Untracked 
|   7|0x0000000723200000, 0x0000000723200000, 0x0000000723400000|  0%| F|  |TAMS 0x0000000723200000| PB 0x0000000723200000| Untracked 
|   8|0x0000000723400000, 0x0000000723400000, 0x0000000723600000|  0%| F|  |TAMS 0x0000000723400000| PB 0x0000000723400000| Untracked 
|   9|0x0000000723600000, 0x0000000723600000, 0x0000000723800000|  0%| F|  |TAMS 0x0000000723600000| PB 0x0000000723600000| Untracked 
|  10|0x0000000723800000, 0x0000000723800000, 0x0000000723a00000|  0%| F|  |TAMS 0x0000000723800000| PB 0x0000000723800000| Untracked 
|  11|0x0000000723a00000, 0x0000000723a00000, 0x0000000723c00000|  0%| F|  |TAMS 0x0000000723a00000| PB 0x0000000723a00000| Untracked 
|  12|0x0000000723c00000, 0x0000000723c00000, 0x0000000723e00000|  0%| F|  |TAMS 0x0000000723c00000| PB 0x0000000723c00000| Untracked 
|  13|0x0000000723e00000, 0x0000000723e00000, 0x0000000724000000|  0%| F|  |TAMS 0x0000000723e00000| PB 0x0000000723e00000| Untracked 
|  14|0x0000000724000000, 0x0000000724000000, 0x0000000724200000|  0%| F|  |TAMS 0x0000000724000000| PB 0x0000000724000000| Untracked 
|  15|0x0000000724200000, 0x0000000724200000, 0x0000000724400000|  0%| F|  |TAMS 0x0000000724200000| PB 0x0000000724200000| Untracked 
|  16|0x0000000724400000, 0x0000000724400000, 0x0000000724600000|  0%| F|  |TAMS 0x0000000724400000| PB 0x0000000724400000| Untracked 
|  17|0x0000000724600000, 0x0000000724600000, 0x0000000724800000|  0%| F|  |TAMS 0x0000000724600000| PB 0x0000000724600000| Untracked 
|  18|0x0000000724800000, 0x0000000724800000, 0x0000000724a00000|  0%| F|  |TAMS 0x0000000724800000| PB 0x0000000724800000| Untracked 
|  19|0x0000000724a00000, 0x0000000724a00000, 0x0000000724c00000|  0%| F|  |TAMS 0x0000000724a00000| PB 0x0000000724a00000| Untracked 
|  20|0x0000000724c00000, 0x0000000724c00000, 0x0000000724e00000|  0%| F|  |TAMS 0x0000000724c00000| PB 0x0000000724c00000| Untracked 
|  21|0x0000000724e00000, 0x0000000724e00000, 0x0000000725000000|  0%| F|  |TAMS 0x0000000724e00000| PB 0x0000000724e00000| Untracked 
|  22|0x0000000725000000, 0x0000000725000000, 0x0000000725200000|  0%| F|  |TAMS 0x0000000725000000| PB 0x0000000725000000| Untracked 
|  23|0x0000000725200000, 0x0000000725200000, 0x0000000725400000|  0%| F|  |TAMS 0x0000000725200000| PB 0x0000000725200000| Untracked 
|  24|0x0000000725400000, 0x0000000725400000, 0x0000000725600000|  0%| F|  |TAMS 0x0000000725400000| PB 0x0000000725400000| Untracked 
|  25|0x0000000725600000, 0x0000000725600000, 0x0000000725800000|  0%| F|  |TAMS 0x0000000725600000| PB 0x0000000725600000| Untracked 
|  26|0x0000000725800000, 0x0000000725800000, 0x0000000725a00000|  0%| F|  |TAMS 0x0000000725800000| PB 0x0000000725800000| Untracked 
|  27|0x0000000725a00000, 0x0000000725a00000, 0x0000000725c00000|  0%| F|  |TAMS 0x0000000725a00000| PB 0x0000000725a00000| Untracked 
|  28|0x0000000725c00000, 0x0000000725c00000, 0x0000000725e00000|  0%| F|  |TAMS 0x0000000725c00000| PB 0x0000000725c00000| Untracked 
|  29|0x0000000725e00000, 0x0000000725e00000, 0x0000000726000000|  0%| F|  |TAMS 0x0000000725e00000| PB 0x0000000725e00000| Untracked 
|  30|0x0000000726000000, 0x0000000726000000, 0x0000000726200000|  0%| F|  |TAMS 0x0000000726000000| PB 0x0000000726000000| Untracked 
|  31|0x0000000726200000, 0x0000000726200000, 0x0000000726400000|  0%| F|  |TAMS 0x0000000726200000| PB 0x0000000726200000| Untracked 
|  32|0x0000000726400000, 0x0000000726400000, 0x0000000726600000|  0%| F|  |TAMS 0x0000000726400000| PB 0x0000000726400000| Untracked 
|  33|0x0000000726600000, 0x0000000726600000, 0x0000000726800000|  0%| F|  |TAMS 0x0000000726600000| PB 0x0000000726600000| Untracked 
|  34|0x0000000726800000, 0x0000000726800000, 0x0000000726a00000|  0%| F|  |TAMS 0x0000000726800000| PB 0x0000000726800000| Untracked 
|  35|0x0000000726a00000, 0x0000000726a00000, 0x0000000726c00000|  0%| F|  |TAMS 0x0000000726a00000| PB 0x0000000726a00000| Untracked 
|  36|0x0000000726c00000, 0x0000000726c00000, 0x0000000726e00000|  0%| F|  |TAMS 0x0000000726c00000| PB 0x0000000726c00000| Untracked 
|  37|0x0000000726e00000, 0x0000000726e00000, 0x0000000727000000|  0%| F|  |TAMS 0x0000000726e00000| PB 0x0000000726e00000| Untracked 
|  38|0x0000000727000000, 0x0000000727000000, 0x0000000727200000|  0%| F|  |TAMS 0x0000000727000000| PB 0x0000000727000000| Untracked 
|  39|0x0000000727200000, 0x0000000727200000, 0x0000000727400000|  0%| F|  |TAMS 0x0000000727200000| PB 0x0000000727200000| Untracked 
|  40|0x0000000727400000, 0x0000000727400000, 0x0000000727600000|  0%| F|  |TAMS 0x0000000727400000| PB 0x0000000727400000| Untracked 
|  41|0x0000000727600000, 0x0000000727600000, 0x0000000727800000|  0%| F|  |TAMS 0x0000000727600000| PB 0x0000000727600000| Untracked 
|  42|0x0000000727800000, 0x0000000727800000, 0x0000000727a00000|  0%| F|  |TAMS 0x0000000727800000| PB 0x0000000727800000| Untracked 
|  43|0x0000000727a00000, 0x0000000727a00000, 0x0000000727c00000|  0%| F|  |TAMS 0x0000000727a00000| PB 0x0000000727a00000| Untracked 
|  44|0x0000000727c00000, 0x0000000727c00000, 0x0000000727e00000|  0%| F|  |TAMS 0x0000000727c00000| PB 0x0000000727c00000| Untracked 
|  45|0x0000000727e00000, 0x0000000727e00000, 0x0000000728000000|  0%| F|  |TAMS 0x0000000727e00000| PB 0x0000000727e00000| Untracked 
|  46|0x0000000728000000, 0x0000000728000000, 0x0000000728200000|  0%| F|  |TAMS 0x0000000728000000| PB 0x0000000728000000| Untracked 
|  47|0x0000000728200000, 0x0000000728200000, 0x0000000728400000|  0%| F|  |TAMS 0x0000000728200000| PB 0x0000000728200000| Untracked 
|  48|0x0000000728400000, 0x0000000728400000, 0x0000000728600000|  0%| F|  |TAMS 0x0000000728400000| PB 0x0000000728400000| Untracked 
|  49|0x0000000728600000, 0x0000000728600000, 0x0000000728800000|  0%| F|  |TAMS 0x0000000728600000| PB 0x0000000728600000| Untracked 
|  50|0x0000000728800000, 0x0000000728800000, 0x0000000728a00000|  0%| F|  |TAMS 0x0000000728800000| PB 0x0000000728800000| Untracked 
|  51|0x0000000728a00000, 0x0000000728a00000, 0x0000000728c00000|  0%| F|  |TAMS 0x0000000728a00000| PB 0x0000000728a00000| Untracked 
|  52|0x0000000728c00000, 0x0000000728c00000, 0x0000000728e00000|  0%| F|  |TAMS 0x0000000728c00000| PB 0x0000000728c00000| Untracked 
|  53|0x0000000728e00000, 0x0000000728e00000, 0x0000000729000000|  0%| F|  |TAMS 0x0000000728e00000| PB 0x0000000728e00000| Untracked 
|  54|0x0000000729000000, 0x0000000729000000, 0x0000000729200000|  0%| F|  |TAMS 0x0000000729000000| PB 0x0000000729000000| Untracked 
|  55|0x0000000729200000, 0x0000000729200000, 0x0000000729400000|  0%| F|  |TAMS 0x0000000729200000| PB 0x0000000729200000| Untracked 
|  56|0x0000000729400000, 0x0000000729400000, 0x0000000729600000|  0%| F|  |TAMS 0x0000000729400000| PB 0x0000000729400000| Untracked 
|  57|0x0000000729600000, 0x0000000729600000, 0x0000000729800000|  0%| F|  |TAMS 0x0000000729600000| PB 0x0000000729600000| Untracked 
|  58|0x0000000729800000, 0x0000000729800000, 0x0000000729a00000|  0%| F|  |TAMS 0x0000000729800000| PB 0x0000000729800000| Untracked 
|  59|0x0000000729a00000, 0x0000000729a00000, 0x0000000729c00000|  0%| F|  |TAMS 0x0000000729a00000| PB 0x0000000729a00000| Untracked 
|  60|0x0000000729c00000, 0x0000000729c00000, 0x0000000729e00000|  0%| F|  |TAMS 0x0000000729c00000| PB 0x0000000729c00000| Untracked 
|  61|0x0000000729e00000, 0x0000000729e00000, 0x000000072a000000|  0%| F|  |TAMS 0x0000000729e00000| PB 0x0000000729e00000| Untracked 
|  62|0x000000072a000000, 0x000000072a000000, 0x000000072a200000|  0%| F|  |TAMS 0x000000072a000000| PB 0x000000072a000000| Untracked 
|  63|0x000000072a200000, 0x000000072a200000, 0x000000072a400000|  0%| F|  |TAMS 0x000000072a200000| PB 0x000000072a200000| Untracked 
|  64|0x000000072a400000, 0x000000072a400000, 0x000000072a600000|  0%| F|  |TAMS 0x000000072a400000| PB 0x000000072a400000| Untracked 
|  65|0x000000072a600000, 0x000000072a600000, 0x000000072a800000|  0%| F|  |TAMS 0x000000072a600000| PB 0x000000072a600000| Untracked 
|  66|0x000000072a800000, 0x000000072a800000, 0x000000072aa00000|  0%| F|  |TAMS 0x000000072a800000| PB 0x000000072a800000| Untracked 
|  67|0x000000072aa00000, 0x000000072aa00000, 0x000000072ac00000|  0%| F|  |TAMS 0x000000072aa00000| PB 0x000000072aa00000| Untracked 
|  68|0x000000072ac00000, 0x000000072ac00000, 0x000000072ae00000|  0%| F|  |TAMS 0x000000072ac00000| PB 0x000000072ac00000| Untracked 
|  69|0x000000072ae00000, 0x000000072ae00000, 0x000000072b000000|  0%| F|  |TAMS 0x000000072ae00000| PB 0x000000072ae00000| Untracked 
|  70|0x000000072b000000, 0x000000072b000000, 0x000000072b200000|  0%| F|  |TAMS 0x000000072b000000| PB 0x000000072b000000| Untracked 
|  71|0x000000072b200000, 0x000000072b200000, 0x000000072b400000|  0%| F|  |TAMS 0x000000072b200000| PB 0x000000072b200000| Untracked 
|  72|0x000000072b400000, 0x000000072b400000, 0x000000072b600000|  0%| F|  |TAMS 0x000000072b400000| PB 0x000000072b400000| Untracked 
|  73|0x000000072b600000, 0x000000072b600000, 0x000000072b800000|  0%| F|  |TAMS 0x000000072b600000| PB 0x000000072b600000| Untracked 
|  74|0x000000072b800000, 0x000000072b800000, 0x000000072ba00000|  0%| F|  |TAMS 0x000000072b800000| PB 0x000000072b800000| Untracked 
|  75|0x000000072ba00000, 0x000000072ba00000, 0x000000072bc00000|  0%| F|  |TAMS 0x000000072ba00000| PB 0x000000072ba00000| Untracked 
|  76|0x000000072bc00000, 0x000000072bc00000, 0x000000072be00000|  0%| F|  |TAMS 0x000000072bc00000| PB 0x000000072bc00000| Untracked 
|  77|0x000000072be00000, 0x000000072be00000, 0x000000072c000000|  0%| F|  |TAMS 0x000000072be00000| PB 0x000000072be00000| Untracked 
|  78|0x000000072c000000, 0x000000072c000000, 0x000000072c200000|  0%| F|  |TAMS 0x000000072c000000| PB 0x000000072c000000| Untracked 
|  79|0x000000072c200000, 0x000000072c200000, 0x000000072c400000|  0%| F|  |TAMS 0x000000072c200000| PB 0x000000072c200000| Untracked 
|  80|0x000000072c400000, 0x000000072c400000, 0x000000072c600000|  0%| F|  |TAMS 0x000000072c400000| PB 0x000000072c400000| Untracked 
|  81|0x000000072c600000, 0x000000072c600000, 0x000000072c800000|  0%| F|  |TAMS 0x000000072c600000| PB 0x000000072c600000| Untracked 
|  82|0x000000072c800000, 0x000000072c800000, 0x000000072ca00000|  0%| F|  |TAMS 0x000000072c800000| PB 0x000000072c800000| Untracked 
|  83|0x000000072ca00000, 0x000000072ca00000, 0x000000072cc00000|  0%| F|  |TAMS 0x000000072ca00000| PB 0x000000072ca00000| Untracked 
|  84|0x000000072cc00000, 0x000000072cc00000, 0x000000072ce00000|  0%| F|  |TAMS 0x000000072cc00000| PB 0x000000072cc00000| Untracked 
|  85|0x000000072ce00000, 0x000000072ce00000, 0x000000072d000000|  0%| F|  |TAMS 0x000000072ce00000| PB 0x000000072ce00000| Untracked 
|  86|0x000000072d000000, 0x000000072d000000, 0x000000072d200000|  0%| F|  |TAMS 0x000000072d000000| PB 0x000000072d000000| Untracked 
|  87|0x000000072d200000, 0x000000072d200000, 0x000000072d400000|  0%| F|  |TAMS 0x000000072d200000| PB 0x000000072d200000| Untracked 
|  88|0x000000072d400000, 0x000000072d400000, 0x000000072d600000|  0%| F|  |TAMS 0x000000072d400000| PB 0x000000072d400000| Untracked 
|  89|0x000000072d600000, 0x000000072d600000, 0x000000072d800000|  0%| F|  |TAMS 0x000000072d600000| PB 0x000000072d600000| Untracked 
|  90|0x000000072d800000, 0x000000072d800000, 0x000000072da00000|  0%| F|  |TAMS 0x000000072d800000| PB 0x000000072d800000| Untracked 
|  91|0x000000072da00000, 0x000000072da00000, 0x000000072dc00000|  0%| F|  |TAMS 0x000000072da00000| PB 0x000000072da00000| Untracked 
|  92|0x000000072dc00000, 0x000000072dc00000, 0x000000072de00000|  0%| F|  |TAMS 0x000000072dc00000| PB 0x000000072dc00000| Untracked 
|  93|0x000000072de00000, 0x000000072de00000, 0x000000072e000000|  0%| F|  |TAMS 0x000000072de00000| PB 0x000000072de00000| Untracked 
|  94|0x000000072e000000, 0x000000072e000000, 0x000000072e200000|  0%| F|  |TAMS 0x000000072e000000| PB 0x000000072e000000| Untracked 
|  95|0x000000072e200000, 0x000000072e200000, 0x000000072e400000|  0%| F|  |TAMS 0x000000072e200000| PB 0x000000072e200000| Untracked 
|  96|0x000000072e400000, 0x000000072e400000, 0x000000072e600000|  0%| F|  |TAMS 0x000000072e400000| PB 0x000000072e400000| Untracked 
|  97|0x000000072e600000, 0x000000072e600000, 0x000000072e800000|  0%| F|  |TAMS 0x000000072e600000| PB 0x000000072e600000| Untracked 
|  98|0x000000072e800000, 0x000000072e800000, 0x000000072ea00000|  0%| F|  |TAMS 0x000000072e800000| PB 0x000000072e800000| Untracked 
|  99|0x000000072ea00000, 0x000000072ea00000, 0x000000072ec00000|  0%| F|  |TAMS 0x000000072ea00000| PB 0x000000072ea00000| Untracked 
| 100|0x000000072ec00000, 0x000000072ec00000, 0x000000072ee00000|  0%| F|  |TAMS 0x000000072ec00000| PB 0x000000072ec00000| Untracked 
| 101|0x000000072ee00000, 0x000000072ee70a70, 0x000000072f000000| 22%| E|  |TAMS 0x000000072ee00000| PB 0x000000072ee00000| Complete 
| 102|0x000000072f000000, 0x000000072f200000, 0x000000072f200000|100%| E|CS|TAMS 0x000000072f000000| PB 0x000000072f000000| Complete 
| 103|0x000000072f200000, 0x000000072f400000, 0x000000072f400000|100%| E|CS|TAMS 0x000000072f200000| PB 0x000000072f200000| Complete 
| 104|0x000000072f400000, 0x000000072f600000, 0x000000072f600000|100%| E|CS|TAMS 0x000000072f400000| PB 0x000000072f400000| Complete 
| 105|0x000000072f600000, 0x000000072f800000, 0x000000072f800000|100%| E|CS|TAMS 0x000000072f600000| PB 0x000000072f600000| Complete 
| 106|0x000000072f800000, 0x000000072fa00000, 0x000000072fa00000|100%| E|CS|TAMS 0x000000072f800000| PB 0x000000072f800000| Complete 
| 107|0x000000072fa00000, 0x000000072fc00000, 0x000000072fc00000|100%| E|CS|TAMS 0x000000072fa00000| PB 0x000000072fa00000| Complete 
| 108|0x000000072fc00000, 0x000000072fe00000, 0x000000072fe00000|100%| E|CS|TAMS 0x000000072fc00000| PB 0x000000072fc00000| Complete 
| 109|0x000000072fe00000, 0x0000000730000000, 0x0000000730000000|100%| E|CS|TAMS 0x000000072fe00000| PB 0x000000072fe00000| Complete 
| 110|0x0000000730000000, 0x0000000730200000, 0x0000000730200000|100%| E|CS|TAMS 0x0000000730000000| PB 0x0000000730000000| Complete 

Card table byte_map: [0x0000017a7d340000,0x0000017a7da30000] _byte_map_base: 0x0000017a79a2e000

Marking Bits: (CMBitMap*) 0x0000017a7658ab90
 Bits: [0x0000017a0f000000, 0x0000017a12770000)

Polling page: 0x0000017a765e0000

Metaspace:

Usage:
  Non-class:      8.01 MB used.
      Class:      1.04 MB used.
       Both:      9.04 MB used.

Virtual space:
  Non-class space:       64.00 MB reserved,       8.12 MB ( 13%) committed,  1 nodes.
      Class space:        1.00 GB reserved,       1.12 MB ( <1%) committed,  1 nodes.
             Both:        1.06 GB reserved,       9.25 MB ( <1%) committed. 

Chunk freelists:
   Non-Class:  7.89 MB
       Class:  14.69 MB
        Both:  22.58 MB

MaxMetaspaceSize: unlimited
CompressedClassSpaceSize: 1.00 GB
Initial GC threshold: 21.00 MB
Current GC threshold: 21.00 MB
CDS: on
 - commit_granule_bytes: 65536.
 - commit_granule_words: 8192.
 - virtual_space_node_default_size: 8388608.
 - enlarge_chunks_in_place: 1.
 - use_allocation_guard: 0.


Internal statistics:

num_allocs_failed_limit: 0.
num_arena_births: 244.
num_arena_deaths: 0.
num_vsnodes_births: 2.
num_vsnodes_deaths: 0.
num_space_committed: 148.
num_space_uncommitted: 0.
num_chunks_returned_to_freelist: 0.
num_chunks_taken_from_freelist: 416.
num_chunk_merges: 0.
num_chunk_splits: 238.
num_chunks_enlarged: 114.
num_inconsistent_stats: 0.

CodeHeap 'non-profiled nmethods': size=119168Kb used=431Kb max_used=431Kb free=118737Kb
 bounds [0x0000017a07ba0000, 0x0000017a07e10000, 0x0000017a0f000000]
CodeHeap 'profiled nmethods': size=119104Kb used=2156Kb max_used=2156Kb free=116947Kb
 bounds [0x0000017a00000000, 0x0000017a00270000, 0x0000017a07450000]
CodeHeap 'non-nmethods': size=7488Kb used=3119Kb max_used=3143Kb free=4368Kb
 bounds [0x0000017a07450000, 0x0000017a07770000, 0x0000017a07ba0000]
 total_blobs=1816 nmethods=1298 adapters=420
 compilation: enabled
              stopped_count=0, restarted_count=0
 full_count=0

Compilation events (20 events):
Event: 0.514 Thread 0x0000017a132d89f0 1292   !   3       java.lang.invoke.MethodHandleNatives::linkMethodHandleConstant (50 bytes)
Event: 0.514 Thread 0x0000017a132d9790 nmethod 1291 0x0000017a00215010 code [0x0000017a002151a0, 0x0000017a002152a8]
Event: 0.514 Thread 0x0000017a132d9790 1293       3       java.lang.invoke.MethodHandles$Lookup::linkMethodHandleConstant (223 bytes)
Event: 0.514 Thread 0x0000017a132d9e60 nmethod 1288 0x0000017a00215310 code [0x0000017a00215500, 0x0000017a002158c0]
Event: 0.514 Thread 0x0000017a132d90c0 nmethod 1290 0x0000017a00215a90 code [0x0000017a00215cc0, 0x0000017a00216460]
Event: 0.514 Thread 0x0000017a132d89f0 nmethod 1292 0x0000017a00216710 code [0x0000017a002168e0, 0x0000017a00216ae8]
Event: 0.514 Thread 0x0000017a132d90c0 1294       3       java.lang.invoke.MemberName$Factory::resolveOrNull (54 bytes)
Event: 0.515 Thread 0x0000017a132d90c0 nmethod 1294 0x0000017a00216c90 code [0x0000017a00216e60, 0x0000017a00217100]
Event: 0.515 Thread 0x0000017a132d9790 nmethod 1293 0x0000017a00217210 code [0x0000017a00217600, 0x0000017a00218df0]
Event: 0.516 Thread 0x0000017a132d90c0 1295       3       java.util.ImmutableCollections$Set12::<init> (53 bytes)
Event: 0.516 Thread 0x0000017a132d5830 nmethod 1281 0x0000017a07c0ac90 code [0x0000017a07c0aea0, 0x0000017a07c0b2c8]
Event: 0.516 Thread 0x0000017a132d90c0 nmethod 1295 0x0000017a00219590 code [0x0000017a00219840, 0x0000017a0021a490]
Event: 0.517 Thread 0x0000017a132d90c0 1296       3       java.nio.MappedByteBuffer::limit (6 bytes)
Event: 0.517 Thread 0x0000017a132d90c0 nmethod 1296 0x0000017a0021a910 code [0x0000017a0021aac0, 0x0000017a0021acd0]
Event: 0.517 Thread 0x0000017a132d90c0 1297       1       java.util.concurrent.atomic.AtomicInteger::get (5 bytes)
Event: 0.517 Thread 0x0000017a132d90c0 nmethod 1297 0x0000017a07c0b610 code [0x0000017a07c0b7a0, 0x0000017a07c0b868]
Event: 0.518 Thread 0x0000017a132d90c0 1298       3       java.nio.ByteBuffer::get (9 bytes)
Event: 0.518 Thread 0x0000017a132d90c0 nmethod 1298 0x0000017a0021ae10 code [0x0000017a0021afc0, 0x0000017a0021b1a0]
Event: 0.519 Thread 0x0000017a132d9790 1299       1       sun.security.provider.DigestBase::engineGetDigestLength (5 bytes)
Event: 0.519 Thread 0x0000017a132d9790 nmethod 1299 0x0000017a07c0b910 code [0x0000017a07c0baa0, 0x0000017a07c0bb68]

GC Heap History (0 events):
No events

Dll operation events (2 events):
Event: 0.006 Loaded shared library C:\Program Files\JetBrains\IntelliJ IDEA Community Edition 2024.3\jbr\bin\java.dll
Event: 0.046 Loaded shared library C:\Program Files\JetBrains\IntelliJ IDEA Community Edition 2024.3\jbr\bin\zip.dll

Deoptimization events (20 events):
Event: 0.468 Thread 0x0000017a591fb4a0 Uncommon trap: trap_request=0xffffff66 fr.pc=0x0000017a07bfd674 relative=0x0000000000000314
Event: 0.468 Thread 0x0000017a591fb4a0 Uncommon trap: reason=speculate_class_check action=maybe_recompile pc=0x0000017a07bfd674 method=sun.security.util.math.intpoly.IntegerPolynomial.multByInt([JJ)V @ 26 c2
Event: 0.468 Thread 0x0000017a591fb4a0 DEOPT PACKING pc=0x0000017a07bfd674 sp=0x000000068f0fe330
Event: 0.468 Thread 0x0000017a591fb4a0 DEOPT UNPACKING pc=0x0000017a074a46a2 sp=0x000000068f0fe218 mode 2
Event: 0.468 Thread 0x0000017a591fb4a0 Uncommon trap: trap_request=0xffffff66 fr.pc=0x0000017a07bfd674 relative=0x0000000000000314
Event: 0.468 Thread 0x0000017a591fb4a0 Uncommon trap: reason=speculate_class_check action=maybe_recompile pc=0x0000017a07bfd674 method=sun.security.util.math.intpoly.IntegerPolynomial.multByInt([JJ)V @ 26 c2
Event: 0.468 Thread 0x0000017a591fb4a0 DEOPT PACKING pc=0x0000017a07bfd674 sp=0x000000068f0fe330
Event: 0.468 Thread 0x0000017a591fb4a0 DEOPT UNPACKING pc=0x0000017a074a46a2 sp=0x000000068f0fe218 mode 2
Event: 0.468 Thread 0x0000017a591fb4a0 Uncommon trap: trap_request=0xffffff66 fr.pc=0x0000017a07bfcd74 relative=0x0000000000000314
Event: 0.468 Thread 0x0000017a591fb4a0 Uncommon trap: reason=speculate_class_check action=maybe_recompile pc=0x0000017a07bfcd74 method=sun.security.util.math.intpoly.IntegerPolynomial.multByInt([JJ)V @ 26 c2
Event: 0.468 Thread 0x0000017a591fb4a0 DEOPT PACKING pc=0x0000017a07bfcd74 sp=0x000000068f0fe2c0
Event: 0.468 Thread 0x0000017a591fb4a0 DEOPT UNPACKING pc=0x0000017a074a46a2 sp=0x000000068f0fe210 mode 2
Event: 0.468 Thread 0x0000017a591fb4a0 Uncommon trap: trap_request=0xffffff66 fr.pc=0x0000017a07bfcd74 relative=0x0000000000000314
Event: 0.468 Thread 0x0000017a591fb4a0 Uncommon trap: reason=speculate_class_check action=maybe_recompile pc=0x0000017a07bfcd74 method=sun.security.util.math.intpoly.IntegerPolynomial.multByInt([JJ)V @ 26 c2
Event: 0.468 Thread 0x0000017a591fb4a0 DEOPT PACKING pc=0x0000017a07bfcd74 sp=0x000000068f0fe2c0
Event: 0.468 Thread 0x0000017a591fb4a0 DEOPT UNPACKING pc=0x0000017a074a46a2 sp=0x000000068f0fe210 mode 2
Event: 0.517 Thread 0x0000017a5915b300 Uncommon trap: trap_request=0xffffff45 fr.pc=0x0000017a07bf55f8 relative=0x0000000000000938
Event: 0.517 Thread 0x0000017a5915b300 Uncommon trap: reason=unstable_if action=reinterpret pc=0x0000017a07bf55f8 method=java.util.HashMap.putVal(ILjava/lang/Object;Ljava/lang/Object;ZZ)Ljava/lang/Object; @ 81 c2
Event: 0.517 Thread 0x0000017a5915b300 DEOPT PACKING pc=0x0000017a07bf55f8 sp=0x000000068eeff190
Event: 0.517 Thread 0x0000017a5915b300 DEOPT UNPACKING pc=0x0000017a074a46a2 sp=0x000000068eeff150 mode 2

Classes loaded (20 events):
Event: 0.495 Loading class jdk/internal/event/TLSHandshakeEvent
Event: 0.495 Loading class jdk/internal/event/TLSHandshakeEvent done
Event: 0.495 Loading class com/sun/crypto/provider/GaloisCounterMode$GCMEncrypt
Event: 0.495 Loading class com/sun/crypto/provider/GaloisCounterMode$GCMEncrypt done
Event: 0.495 Loading class com/sun/crypto/provider/GaloisCounterMode$EncryptOp
Event: 0.495 Loading class com/sun/crypto/provider/GaloisCounterMode$EncryptOp done
Event: 0.496 Loading class sun/security/ssl/CipherSuite$1
Event: 0.496 Loading class sun/security/ssl/CipherSuite$1 done
Event: 0.497 Loading class java/util/concurrent/CompletionException
Event: 0.497 Loading class java/util/concurrent/CompletionException done
Event: 0.511 Loading class java/util/Collections$UnmodifiableMap$UnmodifiableEntrySet
Event: 0.511 Loading class java/util/Collections$UnmodifiableMap$UnmodifiableEntrySet done
Event: 0.511 Loading class java/util/Collections$UnmodifiableMap$UnmodifiableEntrySet$1
Event: 0.511 Loading class java/util/Collections$UnmodifiableMap$UnmodifiableEntrySet$1 done
Event: 0.511 Loading class java/util/Collections$UnmodifiableMap$UnmodifiableEntrySet$UnmodifiableEntry
Event: 0.512 Loading class java/util/Collections$UnmodifiableMap$UnmodifiableEntrySet$UnmodifiableEntry done
Event: 0.518 Loading class sun/security/ssl/NewSessionTicket$T13NewSessionTicketMessage
Event: 0.518 Loading class sun/security/ssl/NewSessionTicket$NewSessionTicketMessage
Event: 0.518 Loading class sun/security/ssl/NewSessionTicket$NewSessionTicketMessage done
Event: 0.518 Loading class sun/security/ssl/NewSessionTicket$T13NewSessionTicketMessage done

Classes unloaded (0 events):
No events

Classes redefined (0 events):
No events

Internal exceptions (20 events):
Event: 0.231 Thread 0x0000017a762c4bd0 Exception <a 'java/lang/NoSuchMethodError'{0x000000072f8b1400}: 'int java.lang.invoke.DirectMethodHandle$Holder.invokeStaticInit(java.lang.Object, float, float)'> (0x000000072f8b1400) 
thrown [s\src\hotspot\share\interpreter\linkResolver.cpp, line 784]
Event: 0.232 Thread 0x0000017a762c4bd0 Exception <a 'java/lang/NoSuchMethodError'{0x000000072f8b7fb8}: 'int java.lang.invoke.DirectMethodHandle$Holder.invokeStaticInit(java.lang.Object, double, double)'> (0x000000072f8b7fb8) 
thrown [s\src\hotspot\share\interpreter\linkResolver.cpp, line 784]
Event: 0.232 Thread 0x0000017a762c4bd0 Exception <a 'java/lang/NoSuchMethodError'{0x000000072f8bc640}: 'int java.lang.invoke.DirectMethodHandle$Holder.invokeStatic(java.lang.Object, long)'> (0x000000072f8bc640) 
thrown [s\src\hotspot\share\interpreter\linkResolver.cpp, line 784]
Event: 0.236 Thread 0x0000017a762c4bd0 Exception <a 'java/lang/NoSuchMethodError'{0x000000072f8e6318}: 'java.lang.Object java.lang.invoke.DirectMethodHandle$Holder.invokeSpecial(java.lang.Object, java.lang.Object, int, java.lang.Object, java.lang.Object)'> (0x000000072f8e6318) 
thrown [s\src\hotspot\share\interpreter\linkResolver.cpp, line 784]
Event: 0.236 Thread 0x0000017a762c4bd0 Exception <a 'java/lang/NoSuchMethodError'{0x000000072f8e9ca8}: 'java.lang.Object java.lang.invoke.DelegatingMethodHandle$Holder.delegate(java.lang.Object, int, java.lang.Object, java.lang.Object)'> (0x000000072f8e9ca8) 
thrown [s\src\hotspot\share\interpreter\linkResolver.cpp, line 784]
Event: 0.238 Thread 0x0000017a762c4bd0 Exception <a 'java/lang/NoSuchMethodError'{0x000000072f8f8fc8}: 'int java.lang.invoke.Invokers$Holder.linkToTargetMethod(java.lang.Object, java.lang.Object, java.lang.Object)'> (0x000000072f8f8fc8) 
thrown [s\src\hotspot\share\interpreter\linkResolver.cpp, line 784]
Event: 0.243 Thread 0x0000017a762c4bd0 Exception <a 'java/lang/NoSuchMethodError'{0x000000072f92b190}: 'long java.lang.invoke.DirectMethodHandle$Holder.invokeSpecial(java.lang.Object, java.lang.Object)'> (0x000000072f92b190) 
thrown [s\src\hotspot\share\interpreter\linkResolver.cpp, line 784]
Event: 0.245 Thread 0x0000017a762c4bd0 Exception <a 'java/lang/NoSuchMethodError'{0x000000072f931a60}: 'int java.lang.invoke.DirectMethodHandle$Holder.invokeStatic(java.lang.Object, java.lang.Object, java.lang.Object, java.lang.Object)'> (0x000000072f931a60) 
thrown [s\src\hotspot\share\interpreter\linkResolver.cpp, line 784]
Event: 0.245 Thread 0x0000017a762c4bd0 Exception <a 'java/lang/NoSuchMethodError'{0x000000072f934e80}: 'java.lang.Object java.lang.invoke.Invokers$Holder.invokeExact_MT(java.lang.Object, java.lang.Object, java.lang.Object, java.lang.Object, java.lang.Object, java.lang.Object)'> (0x000000072f934e80) 
thrown [s\src\hotspot\share\interpreter\linkResolver.cpp, line 784]
Event: 0.320 Thread 0x0000017a762c4bd0 Exception <a 'java/lang/NoSuchMethodError'{0x000000072f75cfe0}: 'java.lang.Object java.lang.invoke.DirectMethodHandle$Holder.newInvokeSpecial(java.lang.Object, java.lang.Object, java.lang.Object, java.lang.Object, java.lang.Object)'> (0x000000072f75cfe0) 
thrown [s\src\hotspot\share\interpreter\linkResolver.cpp, line 784]
Event: 0.345 Thread 0x0000017a762c4bd0 Exception <a 'java/lang/NoSuchMethodError'{0x000000072f4e5600}: 'java.lang.Object java.lang.invoke.DirectMethodHandle$Holder.invokeSpecial(java.lang.Object, java.lang.Object, java.lang.Object, java.lang.Object, int)'> (0x000000072f4e5600) 
thrown [s\src\hotspot\share\interpreter\linkResolver.cpp, line 784]
Event: 0.345 Thread 0x0000017a762c4bd0 Exception <a 'java/lang/NoSuchMethodError'{0x000000072f4e8f68}: 'java.lang.Object java.lang.invoke.Invokers$Holder.linkToTargetMethod(java.lang.Object, java.lang.Object, int, java.lang.Object)'> (0x000000072f4e8f68) 
thrown [s\src\hotspot\share\interpreter\linkResolver.cpp, line 784]
Event: 0.350 Thread 0x0000017a762c4bd0 Exception <a 'java/lang/NoSuchMethodError'{0x000000072f517010}: 'void java.lang.invoke.DirectMethodHandle$Holder.invokeSpecial(java.lang.Object, java.lang.Object, java.lang.Object)'> (0x000000072f517010) 
thrown [s\src\hotspot\share\interpreter\linkResolver.cpp, line 784]
Event: 0.362 Thread 0x0000017a5915b300 Exception <a 'java/lang/NoSuchMethodError'{0x000000072f702658}: 'void java.lang.invoke.DirectMethodHandle$Holder.invokeStatic(java.lang.Object, java.lang.Object, int)'> (0x000000072f702658) 
thrown [s\src\hotspot\share\interpreter\linkResolver.cpp, line 784]
Event: 0.362 Thread 0x0000017a762c4bd0 Exception <a 'java/lang/NoSuchMethodError'{0x000000072f5a6a50}: 'void java.lang.invoke.DirectMethodHandle$Holder.invokeSpecial(java.lang.Object, java.lang.Object, java.lang.Object, java.lang.Object, java.lang.Object)'> (0x000000072f5a6a50) 
thrown [s\src\hotspot\share\interpreter\linkResolver.cpp, line 784]
Event: 0.368 Thread 0x0000017a5915b300 Exception <a 'java/lang/NoSuchMethodError'{0x000000072f73c350}: 'void java.lang.invoke.DirectMethodHandle$Holder.invokeStatic(java.lang.Object, java.lang.Object)'> (0x000000072f73c350) 
thrown [s\src\hotspot\share\interpreter\linkResolver.cpp, line 784]
Event: 0.369 Thread 0x0000017a591fb4a0 Exception <a 'java/lang/NoSuchMethodError'{0x000000072f224178}: 'void java.lang.invoke.DirectMethodHandle$Holder.invokeInterface(java.lang.Object, java.lang.Object, java.lang.Object)'> (0x000000072f224178) 
thrown [s\src\hotspot\share\interpreter\linkResolver.cpp, line 784]
Event: 0.375 Thread 0x0000017a591fb4a0 Exception <a 'java/lang/NoSuchMethodError'{0x000000072f276568}: 'void java.lang.invoke.DirectMethodHandle$Holder.invokeVirtual(java.lang.Object, java.lang.Object)'> (0x000000072f276568) 
thrown [s\src\hotspot\share\interpreter\linkResolver.cpp, line 784]
Event: 0.461 Thread 0x0000017a591fb4a0 Exception <a 'java/lang/NoSuchMethodError'{0x000000072f0833b0}: 'void java.lang.invoke.DirectMethodHandle$Holder.invokeInterface(java.lang.Object, java.lang.Object)'> (0x000000072f0833b0) 
thrown [s\src\hotspot\share\interpreter\linkResolver.cpp, line 784]
Event: 0.496 Thread 0x0000017a591fb4a0 Exception <a 'java/lang/NoSuchMethodError'{0x000000072f0facb8}: 'void java.lang.invoke.DirectMethodHandle$Holder.invokeStatic(java.lang.Object, java.lang.Object, java.lang.Object, java.lang.Object)'> (0x000000072f0facb8) 
thrown [s\src\hotspot\share\interpreter\linkResolver.cpp, line 784]

ZGC Phase Switch (0 events):
No events

VM Operations (10 events):
Event: 0.057 Executing VM operation: HandshakeAllThreads (Deoptimize)
Event: 0.057 Executing VM operation: HandshakeAllThreads (Deoptimize) done
Event: 0.063 Executing VM operation: HandshakeAllThreads (Deoptimize)
Event: 0.063 Executing VM operation: HandshakeAllThreads (Deoptimize) done
Event: 0.181 Executing VM operation: HandshakeAllThreads (Deoptimize)
Event: 0.181 Executing VM operation: HandshakeAllThreads (Deoptimize) done
Event: 0.364 Executing VM operation: HandshakeAllThreads (Deoptimize)
Event: 0.364 Executing VM operation: HandshakeAllThreads (Deoptimize) done
Event: 0.414 Executing VM operation: ICBufferFull
Event: 0.414 Executing VM operation: ICBufferFull done

Memory protections (0 events):
No events

Nmethod flushes (0 events):
No events

Events (20 events):
Event: 0.032 Thread 0x0000017a762c4bd0 Thread added: 0x0000017a132ce270
Event: 0.032 Thread 0x0000017a762c4bd0 Thread added: 0x0000017a132d5830
Event: 0.032 Thread 0x0000017a762c4bd0 Thread added: 0x0000017a132d89f0
Event: 0.041 Thread 0x0000017a132d89f0 Thread added: 0x0000017a132d90c0
Event: 0.044 Thread 0x0000017a762c4bd0 Thread added: 0x0000017a13694ce0
Event: 0.047 Thread 0x0000017a762c4bd0 Thread added: 0x0000017a13698930
Event: 0.049 Loaded shared library C:\Program Files\JetBrains\IntelliJ IDEA Community Edition 2024.3\jbr\bin\net.dll
Event: 0.051 Loaded shared library C:\Program Files\JetBrains\IntelliJ IDEA Community Edition 2024.3\jbr\bin\nio.dll
Event: 0.054 Loaded shared library C:\Program Files\JetBrains\IntelliJ IDEA Community Edition 2024.3\jbr\bin\zip.dll
Event: 0.096 Loaded shared library C:\Program Files\JetBrains\IntelliJ IDEA Community Edition 2024.3\jbr\bin\jimage.dll
Event: 0.188 Thread 0x0000017a132d5830 Thread added: 0x0000017a132d9790
Event: 0.189 Thread 0x0000017a132d89f0 Thread added: 0x0000017a132d9e60
Event: 0.197 Thread 0x0000017a132d90c0 Thread added: 0x0000017a132db9a0
Event: 0.277 Loaded shared library C:\Program Files\JetBrains\IntelliJ IDEA Community Edition 2024.3\jbr\bin\sunmscapi.dll
Event: 0.311 Loaded shared library C:\Program Files\JetBrains\IntelliJ IDEA Community Edition 2024.3\jbr\bin\extnet.dll
Event: 0.316 Thread 0x0000017a762c4bd0 Thread added: 0x0000017a5915b300
Event: 0.367 Thread 0x0000017a5915b300 Thread added: 0x0000017a591fb4a0
Event: 0.381 Thread 0x0000017a5915b300 Thread added: 0x0000017a59251740
Event: 0.417 Thread 0x0000017a132d90c0 Thread added: 0x0000017a132da530
Event: 0.418 Thread 0x0000017a132d9e60 Thread added: 0x0000017a132dac00


Dynamic libraries:
0x00007ff7c6080000 - 0x00007ff7c608a000 	C:\Program Files\JetBrains\IntelliJ IDEA Community Edition 2024.3\jbr\bin\java.exe
0x00007ffb10990000 - 0x00007ffb10ba7000 	C:\Windows\SYSTEM32\ntdll.dll
0x00007ffb0fe40000 - 0x00007ffb0ff04000 	C:\Windows\System32\KERNEL32.DLL
0x00007ffb0dde0000 - 0x00007ffb0e1b0000 	C:\Windows\System32\KERNELBASE.dll
0x00007ffb0db10000 - 0x00007ffb0dc21000 	C:\Windows\System32\ucrtbase.dll
0x00007ffb0a810000 - 0x00007ffb0a82b000 	C:\Program Files\JetBrains\IntelliJ IDEA Community Edition 2024.3\jbr\bin\VCRUNTIME140.dll
0x00007ffaf3410000 - 0x00007ffaf3428000 	C:\Program Files\JetBrains\IntelliJ IDEA Community Edition 2024.3\jbr\bin\jli.dll
0x00007ffb0fa70000 - 0x00007ffb0fc21000 	C:\Windows\System32\USER32.dll
0x00007ffaf9200000 - 0x00007ffaf949c000 	C:\Windows\WinSxS\amd64_microsoft.windows.common-controls_6595b64144ccf1df_6.0.22621.5840_none_2710ea077384a4fe\COMCTL32.dll
0x00007ffb0e270000 - 0x00007ffb0e296000 	C:\Windows\System32\win32u.dll
0x00007ffb10380000 - 0x00007ffb10427000 	C:\Windows\System32\msvcrt.dll
0x00007ffb0ecd0000 - 0x00007ffb0ecf9000 	C:\Windows\System32\GDI32.dll
0x00007ffb0dc30000 - 0x00007ffb0dd53000 	C:\Windows\System32\gdi32full.dll
0x00007ffb0e3e0000 - 0x00007ffb0e47a000 	C:\Windows\System32\msvcp_win.dll
0x00007ffb0f5b0000 - 0x00007ffb0f5e1000 	C:\Windows\System32\IMM32.DLL
0x00007ffb0a800000 - 0x00007ffb0a80c000 	C:\Program Files\JetBrains\IntelliJ IDEA Community Edition 2024.3\jbr\bin\vcruntime140_1.dll
0x00007ffaf1fe0000 - 0x00007ffaf206d000 	C:\Program Files\JetBrains\IntelliJ IDEA Community Edition 2024.3\jbr\bin\msvcp140.dll
0x00007ffa8f4f0000 - 0x00007ffa902b1000 	C:\Program Files\JetBrains\IntelliJ IDEA Community Edition 2024.3\jbr\bin\server\jvm.dll
0x00007ffb0ea60000 - 0x00007ffb0eb11000 	C:\Windows\System32\ADVAPI32.dll
0x00007ffb0f5f0000 - 0x00007ffb0f698000 	C:\Windows\System32\sechost.dll
0x00007ffb0e480000 - 0x00007ffb0e4a8000 	C:\Windows\System32\bcrypt.dll
0x00007ffb0eb20000 - 0x00007ffb0ec38000 	C:\Windows\System32\RPCRT4.dll
0x00007ffb10160000 - 0x00007ffb101d1000 	C:\Windows\System32\WS2_32.dll
0x00007ffb0d960000 - 0x00007ffb0d9ad000 	C:\Windows\SYSTEM32\POWRPROF.dll
0x00007ffb07e80000 - 0x00007ffb07eb4000 	C:\Windows\SYSTEM32\WINMM.dll
0x00007ffb038d0000 - 0x00007ffb038da000 	C:\Windows\SYSTEM32\VERSION.dll
0x00007ffb0d940000 - 0x00007ffb0d953000 	C:\Windows\SYSTEM32\UMPDC.dll
0x00007ffb0ca20000 - 0x00007ffb0ca38000 	C:\Windows\SYSTEM32\kernel.appcore.dll
0x00007ffb0a7f0000 - 0x00007ffb0a7fa000 	C:\Program Files\JetBrains\IntelliJ IDEA Community Edition 2024.3\jbr\bin\jimage.dll
0x00007ffb0b360000 - 0x00007ffb0b593000 	C:\Windows\SYSTEM32\DBGHELP.DLL
0x00007ffb0f6b0000 - 0x00007ffb0fa41000 	C:\Windows\System32\combase.dll
0x00007ffb10010000 - 0x00007ffb100e8000 	C:\Windows\System32\OLEAUT32.dll
0x00007ffafee30000 - 0x00007ffafee62000 	C:\Windows\SYSTEM32\dbgcore.DLL
0x00007ffb0dd60000 - 0x00007ffb0dddb000 	C:\Windows\System32\bcryptPrimitives.dll
0x00007ffaec7f0000 - 0x00007ffaec810000 	C:\Program Files\JetBrains\IntelliJ IDEA Community Edition 2024.3\jbr\bin\java.dll
0x00007ffb0ed00000 - 0x00007ffb0f5a1000 	C:\Windows\System32\SHELL32.dll
0x00007ffb0e2a0000 - 0x00007ffb0e3df000 	C:\Windows\System32\wintypes.dll
0x00007ffb0b910000 - 0x00007ffb0c22a000 	C:\Windows\SYSTEM32\windows.storage.dll
0x00007ffb0fc30000 - 0x00007ffb0fd3a000 	C:\Windows\System32\SHCORE.dll
0x00007ffb108b0000 - 0x00007ffb10919000 	C:\Windows\System32\shlwapi.dll
0x00007ffb0d9c0000 - 0x00007ffb0d9e5000 	C:\Windows\SYSTEM32\profapi.dll
0x00007ffaec7d0000 - 0x00007ffaec7e8000 	C:\Program Files\JetBrains\IntelliJ IDEA Community Edition 2024.3\jbr\bin\zip.dll
0x00007ffb0a7e0000 - 0x00007ffb0a7f0000 	C:\Program Files\JetBrains\IntelliJ IDEA Community Edition 2024.3\jbr\bin\net.dll
0x00007ffb09070000 - 0x00007ffb0919c000 	C:\Windows\SYSTEM32\WINHTTP.dll
0x00007ffb0cee0000 - 0x00007ffb0cf49000 	C:\Windows\system32\mswsock.dll
0x00007ffaec7b0000 - 0x00007ffaec7c6000 	C:\Program Files\JetBrains\IntelliJ IDEA Community Edition 2024.3\jbr\bin\nio.dll
0x00007ffb0d230000 - 0x00007ffb0d24b000 	C:\Windows\SYSTEM32\CRYPTSP.dll
0x00007ffb0c980000 - 0x00007ffb0c9b7000 	C:\Windows\system32\rsaenh.dll
0x00007ffb0cf80000 - 0x00007ffb0cfa8000 	C:\Windows\SYSTEM32\USERENV.dll
0x00007ffb0d210000 - 0x00007ffb0d21c000 	C:\Windows\SYSTEM32\CRYPTBASE.dll
0x00007ffb0c4d0000 - 0x00007ffb0c4fd000 	C:\Windows\SYSTEM32\IPHLPAPI.DLL
0x00007ffb0f6a0000 - 0x00007ffb0f6a9000 	C:\Windows\System32\NSI.dll
0x00007ffaec750000 - 0x00007ffaec75e000 	C:\Program Files\JetBrains\IntelliJ IDEA Community Edition 2024.3\jbr\bin\sunmscapi.dll
0x00007ffb0e4b0000 - 0x00007ffb0e618000 	C:\Windows\System32\CRYPT32.dll
0x00007ffb0d330000 - 0x00007ffb0d35d000 	C:\Windows\SYSTEM32\ncrypt.dll
0x00007ffb0d2f0000 - 0x00007ffb0d327000 	C:\Windows\SYSTEM32\NTASN1.dll
0x00007ffb063a0000 - 0x00007ffb063a8000 	C:\Windows\system32\wshunix.dll
0x00007ffaebbe0000 - 0x00007ffaebbe9000 	C:\Program Files\JetBrains\IntelliJ IDEA Community Edition 2024.3\jbr\bin\extnet.dll

dbghelp: loaded successfully - version: 4.0.5 - missing functions: none
symbol engine: initialized successfully - sym options: 0x614 - pdb path: .;C:\Program Files\JetBrains\IntelliJ IDEA Community Edition 2024.3\jbr\bin;C:\Windows\SYSTEM32;C:\Windows\WinSxS\amd64_microsoft.windows.common-controls_6595b64144ccf1df_6.0.22621.5840_none_2710ea077384a4fe;C:\Program Files\JetBrains\IntelliJ IDEA Community Edition 2024.3\jbr\bin\server

VM Arguments:
java_command: git4idea.http.GitAskPassApp Username for 'https://github.com': 
java_class_path (initial): C:/Program Files/JetBrains/IntelliJ IDEA Community Edition 2024.3/plugins/vcs-git/lib/git4idea-rt.jar;C:/Program Files/JetBrains/IntelliJ IDEA Community Edition 2024.3/lib/externalProcess-rt.jar
Launcher Type: SUN_STANDARD

[Global flags]
     intx CICompilerCount                          = 12                                        {product} {ergonomic}
     uint ConcGCThreads                            = 3                                         {product} {ergonomic}
     uint G1ConcRefinementThreads                  = 13                                        {product} {ergonomic}
   size_t G1HeapRegionSize                         = 2097152                                   {product} {ergonomic}
    uintx GCDrainStackTargetSize                   = 64                                        {product} {ergonomic}
   size_t InitialHeapSize                          = 232783872                                 {product} {ergonomic}
   size_t MarkStackSize                            = 4194304                                   {product} {ergonomic}
   size_t MaxHeapSize                              = 3720347648                                {product} {ergonomic}
   size_t MaxNewSize                               = 2231369728                                {product} {ergonomic}
   size_t MinHeapDeltaBytes                        = 2097152                                   {product} {ergonomic}
   size_t MinHeapSize                              = 8388608                                   {product} {ergonomic}
    uintx NonNMethodCodeHeapSize                   = 7602480                                {pd product} {ergonomic}
    uintx NonProfiledCodeHeapSize                  = 122027880                              {pd product} {ergonomic}
    uintx ProfiledCodeHeapSize                     = 122027880                              {pd product} {ergonomic}
    uintx ReservedCodeCacheSize                    = 251658240                              {pd product} {ergonomic}
     bool SegmentedCodeCache                       = true                                      {product} {ergonomic}
   size_t SoftMaxHeapSize                          = 3720347648                             {manageable} {ergonomic}
     bool UseCompressedOops                        = true                           {product lp64_product} {ergonomic}
     bool UseG1GC                                  = true                                      {product} {ergonomic}
     bool UseLargePagesIndividualAllocation        = false                                  {pd product} {ergonomic}

Logging:
Log output configuration:
 #0: stdout all=warning uptime,level,tags foldmultilines=false
 #1: stderr all=off uptime,level,tags foldmultilines=false

Environment Variables:
JAVA_HOME=C:\Program Files\Java\jdk-17
PATH=C:\Program Files\Git\mingw64\libexec\git-core;C:\Program Files\Git\mingw64\libexec\git-core;C:\Program Files\Git\mingw64\bin;C:\Program Files\Git\usr\bin;C:\Users\Win\bin;C:\Program Files\Common Files\Oracle\Java\javapath;C:\Windows\system32;C:\Windows;C:\Windows\System32\Wbem;C:\Windows\System32\WindowsPowerShell\v1.0;C:\Windows\System32\OpenSSH;C:\Program Files (x86)\Microsoft SQL Server\160\Tools\Binn;C:\Program Files\Microsoft SQL Server\160\Tools\Binn;C:\Program Files\Microsoft SQL Server\Client SDK\ODBC\170\Tools\Binn;C:\Program Files\Microsoft SQL Server\160\DTS\Binn;C:\Program Files (x86)\Microsoft SQL Server\160\DTS\Binn;C:\Program Files\starship\bin;C:\xampp\php;C:\Users\Win\AppData\Local\Packages\PythonSoftwareFoundation.Python.3.12_qbz5n2kfra8p0\LocalCache\local-packages\Python312\Scripts;C:\ProgramData\ComposerSetup\bin;C:\Program Files\Git\cmd;C:\Users\Win\AppData\Local\Packages\PythonSoftwareFoundation.Python.3.12_qbz5n2kfra8p0\LocalCache\local-packages\Python312\site-packages\cmake;C:\spring-3.4.3\bin;C:\Program Files\dotnet;C:\Program Files\OpenSSL-Win64\bin;C:\Program Files (x86)\cloudflared;C:\Users\Win\AppData\Roaming\nvm;C:\Program Files\nodejs;C:\Users\Win\AppData\Local\Android\Sdk\cmdline-tools\latest\bin;C:\Users\Win\AppData\Local\Android\Sdk\platform-tools;C:\Users\Win\AppData\Local\Android\Sdk\emulator;C:\Users\Win\AppData\Local\Android\Sdk\tools\bin;C:\Program Files\Docker\Docker\resources\bin;C:\Program Files\Java\jdk-17\bin;C:\Users\Win\AppData\Local\Pub\Cache\bin;C:\hadoop-3.2.2\bin;C:\Users\Win\AppData\Local\pnpm;C:\Users\Win\AppData\Local\Microsoft\WindowsApps;C:\Users\Win\AppData\Local\Programs\Microsoft VS Code\bin;C:\Program Files\Azure Data Studio\bin;C:\ProgramData\chocolatey\bin;C:\Tools\neovim\nvim-win64\bin;C:\Users\Win\AppData\Roaming\npm;C:\Users\Win\AppData\Roaming\Composer\vendor\bin;C:\Tools\mysql\current\bin;C:\Users\Win\.dotnet\tools;C:\Program Files\Java\jdk-17\bin;C:\Program Files\OpenSSL-Win64\bin;C:\Program Files\Java\jdk-17;C:\Program Files\JetBrains\IntelliJ IDEA Community Edition 2024.3\bin;C:\Users\Win\AppData\Roaming\nvm;C:\Program Files\nodejs;C:\flutter\bin;C:\Users\Win\AppData\Local\Android\Sdk\platform-tools;C:\Users\Win\AppData\Local\Android\Sdk\emulator;C:\Users\Win\AppData\Local\Android\Sdk\cmdline-tools\latest\bin;C:\Users\Win\AppData\Local\Android\Sdk\tools\bin
USERNAME=Win
DISPLAY=:0.0
LC_ALL=en_US.UTF-8
TERM=xterm-256color
TMPDIR=C:\Users\Win\AppData\Local\Temp
OS=Windows_NT
PROCESSOR_IDENTIFIER=AMD64 Family 25 Model 80 Stepping 0, AuthenticAMD
TMP=C:\Users\Win\AppData\Local\Temp
TEMP=C:\Users\Win\AppData\Local\Temp




Periodic native trim disabled

JNI global refs:
JNI global refs: 28, weak refs: 0

JNI global refs memory usage: 835, weak refs: 833

Process memory usage:
Resident Set Size: 87700K (0% of 14528572K total physical memory with 1659948K free physical memory)

OOME stack traces (most recent first):
Classloader memory used:
Loader bootstrap                                                                       : 7335K
Loader jdk.internal.loader.ClassLoaders$PlatformClassLoader                            : 1907K
Loader jdk.internal.loader.ClassLoaders$AppClassLoader                                 : 16448B

---------------  S Y S T E M  ---------------

OS:
 Windows 11 , 64 bit Build 22621 (10.0.22621.5415)
OS uptime: 0 days 2:03 hours
Hyper-V role detected

CPU: total 16 (initial active 16) (16 cores per cpu, 2 threads per core) family 25 model 80 stepping 0 microcode 0x0, cx8, cmov, fxsr, ht, mmx, 3dnowpref, sse, sse2, sse3, ssse3, sse4a, sse4.1, sse4.2, popcnt, lzcnt, tsc, tscinvbit, avx, avx2, aes, erms, clmul, bmi1, bmi2, adx, sha, fma, vzeroupper, clflush, clflushopt, hv, rdtscp, rdpid, fsrm, f16c, cet_ss
Processor Information for all 16 processors :
  Max Mhz: 1901, Current Mhz: 1901, Mhz Limit: 1901

Memory: 4k page, system-wide physical 14188M (1621M free)
TotalPageFile size 24875M (AvailPageFile size 7M)
current process WorkingSet (physical memory assigned to process): 85M, peak: 87M
current process commit charge ("private bytes"): 344M, peak: 346M

vm_info: OpenJDK 64-Bit Server VM (21.0.5+8-b631.16) for windows-amd64 JRE (21.0.5+8-b631.16), built on 2024-11-02 by "builduser" with MS VC++ 16.10 / 16.11 (VS2019)

END.
