#
# There is insufficient memory for the Java Runtime Environment to continue.
# Native memory allocation (mmap) failed to map 65536 bytes. Error detail: Failed to commit metaspace.
# Possible reasons:
#   The system is out of physical RAM or swap space
#   This process is running with CompressedOops enabled, and the Java Heap may be blocking the growth of the native heap
# Possible solutions:
#   Reduce memory load on the system
#   Increase physical memory or swap space
#   Check if swap backing store is full
#   Decrease Java heap size (-Xmx/-Xms)
#   Decrease number of Java threads
#   Decrease Java thread stack sizes (-Xss)
#   Set larger code cache with -XX:ReservedCodeCacheSize=
#   JVM is running with Zero Based Compressed Oops mode in which the Java heap is
#     placed in the first 32GB address space. The Java Heap base address is the
#     maximum limit for the native heap growth. Please use -XX:HeapBaseMinAddress
#     to set the Java Heap base and to place the Java Heap above 32GB virtual address.
# This output file may be truncated or incomplete.
#
#  Out of Memory Error (virtualSpaceNode.cpp:113), pid=22480, tid=21732
#
# JRE version: OpenJDK Runtime Environment JBR-21.0.5+8-631.16-jcef (21.0.5+8) (build 21.0.5+8-b631.16)
# Java VM: OpenJDK 64-Bit Server VM JBR-21.0.5+8-631.16-jcef (21.0.5+8-b631.16, mixed mode, sharing, tiered, compressed oops, compressed class ptrs, g1 gc, windows-amd64)
# No core dump will be written. Minidumps are not enabled by default on client versions of Windows
#

---------------  S U M M A R Y ------------

Command Line: git4idea.http.GitAskPassApp Username for 'https://github.com': 

Host: AMD Ryzen 7 5800U with Radeon Graphics         , 16 cores, 13G,  Windows 11 , 64 bit Build 22621 (10.0.22621.5415)
Time: Wed Sep 24 14:39:32 2025 SE Asia Standard Time elapsed time: 0.536145 seconds (0d 0h 0m 0s)

---------------  T H R E A D  ---------------

Current thread (0x000001c3ae5f7d80):  JavaThread "main"             [_thread_in_vm, id=21732, stack(0x0000007783f00000,0x0000007784000000) (1024K)]

Stack: [0x0000007783f00000,0x0000007784000000]
Native frames: (J=compiled Java code, j=interpreted, Vv=VM code, C=native code)
V  [jvm.dll+0x6e52b9]
V  [jvm.dll+0x8c3633]
V  [jvm.dll+0x8c5b8e]
V  [jvm.dll+0x8c6273]
V  [jvm.dll+0x288f46]
V  [jvm.dll+0x8be47e]
V  [jvm.dll+0x686805]
V  [jvm.dll+0x68686a]
V  [jvm.dll+0x689086]
V  [jvm.dll+0x688f52]
V  [jvm.dll+0x6871be]
V  [jvm.dll+0x2855d6]
V  [jvm.dll+0x73c0aa]
V  [jvm.dll+0x73cbef]
V  [jvm.dll+0x3d2790]
V  [jvm.dll+0x3d153c]
V  [jvm.dll+0x3d14d8]
V  [jvm.dll+0x4871f5]
C  [java.dll+0x13e9]

Java frames: (J=compiled Java code, j=interpreted, Vv=VM code)
j  java.lang.Class.forName0(Ljava/lang/String;ZLjava/lang/ClassLoader;Ljava/lang/Class;)Ljava/lang/Class;+0 java.base@21.0.5
j  java.lang.Class.forName(Ljava/lang/String;Ljava/lang/Class;)Ljava/lang/Class;+19 java.base@21.0.5
j  java.lang.Class.forName(Ljava/lang/String;)Ljava/lang/Class;+6 java.base@21.0.5
j  sun.net.ext.ExtendedSocketOptions.getInstance()Lsun/net/ext/ExtendedSocketOptions;+12 java.base@21.0.5
j  sun.nio.ch.Net.<clinit>()V+210 java.base@21.0.5
v  ~StubRoutines::call_stub 0x000001c3bb49100d
j  sun.nio.ch.ServerSocketChannelImpl.unixBind(Ljava/net/SocketAddress;I)Ljava/net/SocketAddress;+101 java.base@21.0.5
j  sun.nio.ch.ServerSocketChannelImpl.bind(Ljava/net/SocketAddress;I)Ljava/nio/channels/ServerSocketChannel;+37 java.base@21.0.5
j  java.nio.channels.ServerSocketChannel.bind(Ljava/net/SocketAddress;)Ljava/nio/channels/ServerSocketChannel;+3 java.base@21.0.5
j  sun.nio.ch.PipeImpl.createListener(Z)Ljava/nio/channels/ServerSocketChannel;+21 java.base@21.0.5
j  sun.nio.ch.PipeImpl$Initializer$LoopbackConnector.run()V+41 java.base@21.0.5
j  sun.nio.ch.PipeImpl$Initializer.run()Ljava/lang/Void;+10 java.base@21.0.5
j  sun.nio.ch.PipeImpl$Initializer.run()Ljava/lang/Object;+1 java.base@21.0.5
j  java.security.AccessController.executePrivileged(Ljava/security/PrivilegedExceptionAction;Ljava/security/AccessControlContext;Ljava/lang/Class;)Ljava/lang/Object;+29 java.base@21.0.5
j  java.security.AccessController.doPrivileged(Ljava/security/PrivilegedExceptionAction;)Ljava/lang/Object;+9 java.base@21.0.5
j  sun.nio.ch.PipeImpl.<init>(Ljava/nio/channels/spi/SelectorProvider;ZZ)V+17 java.base@21.0.5
j  sun.nio.ch.WEPollSelectorImpl.<init>(Ljava/nio/channels/spi/SelectorProvider;)V+74 java.base@21.0.5
j  sun.nio.ch.WEPollSelectorProvider.openSelector()Ljava/nio/channels/spi/AbstractSelector;+5 java.base@21.0.5
j  java.nio.channels.Selector.open()Ljava/nio/channels/Selector;+3 java.base@21.0.5
j  jdk.internal.net.http.HttpClientImpl$SelectorManager.<init>(Ljdk/internal/net/http/HttpClientImpl;)V+91 java.net.http@21.0.5
j  jdk.internal.net.http.HttpClientImpl.<init>(Ljdk/internal/net/http/HttpClientBuilderImpl;Ljdk/internal/net/http/HttpClientImpl$SingleFacadeFactory;)V+643 java.net.http@21.0.5
j  jdk.internal.net.http.HttpClientImpl.create(Ljdk/internal/net/http/HttpClientBuilderImpl;)Ljdk/internal/net/http/HttpClientFacade;+14 java.net.http@21.0.5
j  jdk.internal.net.http.HttpClientBuilderImpl.build()Ljava/net/http/HttpClient;+1 java.net.http@21.0.5
j  externalApp.ExternalAppUtil.sendIdeRequest(Ljava/lang/String;ILjava/lang/String;Ljava/lang/String;)LexternalApp/ExternalAppUtil$Result;+77
j  git4idea.http.GitAskPassApp.main([Ljava/lang/String;)V+37
v  ~StubRoutines::call_stub 0x000001c3bb49100d

---------------  P R O C E S S  ---------------

Threads class SMR info:
_java_thread_list=0x000001c3cb9344e0, length=11, elements={
0x000001c3ae5f7d80, 0x000001c3cb5862a0, 0x000001c3cb5871b0, 0x000001c3cb58c0d0,
0x000001c3cb58f3d0, 0x000001c3cb5909d0, 0x000001c3cb591550, 0x000001c3cb595090,
0x000001c3cb59e220, 0x000001c3cb9350e0, 0x000001c3cb939d20
}

Java Threads: ( => current thread )
=>0x000001c3ae5f7d80 JavaThread "main"                              [_thread_in_vm, id=21732, stack(0x0000007783f00000,0x0000007784000000) (1024K)]
  0x000001c3cb5862a0 JavaThread "Reference Handler"          daemon [_thread_blocked, id=18052, stack(0x0000007784700000,0x0000007784800000) (1024K)]
  0x000001c3cb5871b0 JavaThread "Finalizer"                  daemon [_thread_blocked, id=5256, stack(0x0000007784800000,0x0000007784900000) (1024K)]
  0x000001c3cb58c0d0 JavaThread "Signal Dispatcher"          daemon [_thread_blocked, id=19300, stack(0x0000007784900000,0x0000007784a00000) (1024K)]
  0x000001c3cb58f3d0 JavaThread "Attach Listener"            daemon [_thread_blocked, id=6504, stack(0x0000007784a00000,0x0000007784b00000) (1024K)]
  0x000001c3cb5909d0 JavaThread "Service Thread"             daemon [_thread_blocked, id=16040, stack(0x0000007784b00000,0x0000007784c00000) (1024K)]
  0x000001c3cb591550 JavaThread "Monitor Deflation Thread"   daemon [_thread_blocked, id=5996, stack(0x0000007784c00000,0x0000007784d00000) (1024K)]
  0x000001c3cb595090 JavaThread "C2 CompilerThread0"         daemon [_thread_blocked, id=8688, stack(0x0000007784d00000,0x0000007784e00000) (1024K)]
  0x000001c3cb59e220 JavaThread "C1 CompilerThread0"         daemon [_thread_blocked, id=9156, stack(0x0000007784e00000,0x0000007784f00000) (1024K)]
  0x000001c3cb9350e0 JavaThread "Notification Thread"        daemon [_thread_blocked, id=4508, stack(0x0000007784f00000,0x0000007785000000) (1024K)]
  0x000001c3cb939d20 JavaThread "Common-Cleaner"             daemon [_thread_blocked, id=23516, stack(0x0000007785000000,0x0000007785100000) (1024K)]
Total: 11

Other Threads:
  0x000001c3cb56d400 VMThread "VM Thread"                           [id=23464, stack(0x0000007784600000,0x0000007784700000) (1024K)]
  0x000001c3cb55a6a0 WatcherThread "VM Periodic Task Thread"        [id=20028, stack(0x0000007784500000,0x0000007784600000) (1024K)]
  0x000001c3ae93b660 WorkerThread "GC Thread#0"                     [id=5492, stack(0x0000007784000000,0x0000007784100000) (1024K)]
  0x000001c3ae94a5b0 ConcurrentGCThread "G1 Main Marker"            [id=14272, stack(0x0000007784100000,0x0000007784200000) (1024K)]
  0x000001c3ae94c860 WorkerThread "G1 Conc#0"                       [id=19576, stack(0x0000007784200000,0x0000007784300000) (1024K)]
  0x000001c3cb42d1c0 ConcurrentGCThread "G1 Refine#0"               [id=16052, stack(0x0000007784300000,0x0000007784400000) (1024K)]
  0x000001c3cb42db40 ConcurrentGCThread "G1 Service"                [id=596, stack(0x0000007784400000,0x0000007784500000) (1024K)]
Total: 7

Threads with active compile tasks:
Total: 0

VM state: not at safepoint (normal execution)

VM Mutex/Monitor currently owned by a thread:  ([mutex/lock_event])
[0x00007ffdb355c830] Metaspace_lock - owner thread: 0x000001c3ae5f7d80

Heap address: 0x0000000722400000, size: 3548 MB, Compressed Oops mode: Zero based, Oop shift amount: 3

CDS archive(s) mapped at: [0x000001c3cc000000-0x000001c3ccd00000-0x000001c3ccd00000), size 13631488, SharedBaseAddress: 0x000001c3cc000000, ArchiveRelocationMode: 1.
Compressed class space mapped at: 0x000001c3cd000000-0x000001c40d000000, reserved size: 1073741824
Narrow klass base: 0x000001c3cc000000, Narrow klass shift: 0, Narrow klass range: 0x100000000

GC Precious Log:
 CardTable entry size: 512
 Card Set container configuration: InlinePtr #cards 4 size 8 Array Of Cards #cards 16 size 48 Howl #buckets 8 coarsen threshold 3686 Howl Bitmap #cards 512 size 80 coarsen threshold 460 Card regions per heap region 1 cards per card region 4096
 CPUs: 16 total, 16 available
 Memory: 14188M
 Large Page Support: Disabled
 NUMA Support: Disabled
 Compressed Oops: Enabled (Zero based)
 Heap Region Size: 2M
 Heap Min Capacity: 8M
 Heap Initial Capacity: 222M
 Heap Max Capacity: 3548M
 Pre-touch: Disabled
 Parallel Workers: 13
 Concurrent Workers: 3
 Concurrent Refinement Workers: 13
 Periodic GC: Disabled

Heap:
 garbage-first heap   total 227328K, used 8192K [0x0000000722400000, 0x0000000800000000)
  region size 2048K, 5 young (10240K), 0 survivors (0K)
 Metaspace       used 5489K, committed 5696K, reserved 1114112K
  class space    used 586K, committed 704K, reserved 1048576K

Heap Regions: E=young(eden), S=young(survivor), O=old, HS=humongous(starts), HC=humongous(continues), CS=collection set, F=free, TAMS=top-at-mark-start, PB=parsable bottom
|   0|0x0000000722400000, 0x0000000722400000, 0x0000000722600000|  0%| F|  |TAMS 0x0000000722400000| PB 0x0000000722400000| Untracked 
|   1|0x0000000722600000, 0x0000000722600000, 0x0000000722800000|  0%| F|  |TAMS 0x0000000722600000| PB 0x0000000722600000| Untracked 
|   2|0x0000000722800000, 0x0000000722800000, 0x0000000722a00000|  0%| F|  |TAMS 0x0000000722800000| PB 0x0000000722800000| Untracked 
|   3|0x0000000722a00000, 0x0000000722a00000, 0x0000000722c00000|  0%| F|  |TAMS 0x0000000722a00000| PB 0x0000000722a00000| Untracked 
|   4|0x0000000722c00000, 0x0000000722c00000, 0x0000000722e00000|  0%| F|  |TAMS 0x0000000722c00000| PB 0x0000000722c00000| Untracked 
|   5|0x0000000722e00000, 0x0000000722e00000, 0x0000000723000000|  0%| F|  |TAMS 0x0000000722e00000| PB 0x0000000722e00000| Untracked 
|   6|0x0000000723000000, 0x0000000723000000, 0x0000000723200000|  0%| F|  |TAMS 0x0000000723000000| PB 0x0000000723000000| Untracked 
|   7|0x0000000723200000, 0x0000000723200000, 0x0000000723400000|  0%| F|  |TAMS 0x0000000723200000| PB 0x0000000723200000| Untracked 
|   8|0x0000000723400000, 0x0000000723400000, 0x0000000723600000|  0%| F|  |TAMS 0x0000000723400000| PB 0x0000000723400000| Untracked 
|   9|0x0000000723600000, 0x0000000723600000, 0x0000000723800000|  0%| F|  |TAMS 0x0000000723600000| PB 0x0000000723600000| Untracked 
|  10|0x0000000723800000, 0x0000000723800000, 0x0000000723a00000|  0%| F|  |TAMS 0x0000000723800000| PB 0x0000000723800000| Untracked 
|  11|0x0000000723a00000, 0x0000000723a00000, 0x0000000723c00000|  0%| F|  |TAMS 0x0000000723a00000| PB 0x0000000723a00000| Untracked 
|  12|0x0000000723c00000, 0x0000000723c00000, 0x0000000723e00000|  0%| F|  |TAMS 0x0000000723c00000| PB 0x0000000723c00000| Untracked 
|  13|0x0000000723e00000, 0x0000000723e00000, 0x0000000724000000|  0%| F|  |TAMS 0x0000000723e00000| PB 0x0000000723e00000| Untracked 
|  14|0x0000000724000000, 0x0000000724000000, 0x0000000724200000|  0%| F|  |TAMS 0x0000000724000000| PB 0x0000000724000000| Untracked 
|  15|0x0000000724200000, 0x0000000724200000, 0x0000000724400000|  0%| F|  |TAMS 0x0000000724200000| PB 0x0000000724200000| Untracked 
|  16|0x0000000724400000, 0x0000000724400000, 0x0000000724600000|  0%| F|  |TAMS 0x0000000724400000| PB 0x0000000724400000| Untracked 
|  17|0x0000000724600000, 0x0000000724600000, 0x0000000724800000|  0%| F|  |TAMS 0x0000000724600000| PB 0x0000000724600000| Untracked 
|  18|0x0000000724800000, 0x0000000724800000, 0x0000000724a00000|  0%| F|  |TAMS 0x0000000724800000| PB 0x0000000724800000| Untracked 
|  19|0x0000000724a00000, 0x0000000724a00000, 0x0000000724c00000|  0%| F|  |TAMS 0x0000000724a00000| PB 0x0000000724a00000| Untracked 
|  20|0x0000000724c00000, 0x0000000724c00000, 0x0000000724e00000|  0%| F|  |TAMS 0x0000000724c00000| PB 0x0000000724c00000| Untracked 
|  21|0x0000000724e00000, 0x0000000724e00000, 0x0000000725000000|  0%| F|  |TAMS 0x0000000724e00000| PB 0x0000000724e00000| Untracked 
|  22|0x0000000725000000, 0x0000000725000000, 0x0000000725200000|  0%| F|  |TAMS 0x0000000725000000| PB 0x0000000725000000| Untracked 
|  23|0x0000000725200000, 0x0000000725200000, 0x0000000725400000|  0%| F|  |TAMS 0x0000000725200000| PB 0x0000000725200000| Untracked 
|  24|0x0000000725400000, 0x0000000725400000, 0x0000000725600000|  0%| F|  |TAMS 0x0000000725400000| PB 0x0000000725400000| Untracked 
|  25|0x0000000725600000, 0x0000000725600000, 0x0000000725800000|  0%| F|  |TAMS 0x0000000725600000| PB 0x0000000725600000| Untracked 
|  26|0x0000000725800000, 0x0000000725800000, 0x0000000725a00000|  0%| F|  |TAMS 0x0000000725800000| PB 0x0000000725800000| Untracked 
|  27|0x0000000725a00000, 0x0000000725a00000, 0x0000000725c00000|  0%| F|  |TAMS 0x0000000725a00000| PB 0x0000000725a00000| Untracked 
|  28|0x0000000725c00000, 0x0000000725c00000, 0x0000000725e00000|  0%| F|  |TAMS 0x0000000725c00000| PB 0x0000000725c00000| Untracked 
|  29|0x0000000725e00000, 0x0000000725e00000, 0x0000000726000000|  0%| F|  |TAMS 0x0000000725e00000| PB 0x0000000725e00000| Untracked 
|  30|0x0000000726000000, 0x0000000726000000, 0x0000000726200000|  0%| F|  |TAMS 0x0000000726000000| PB 0x0000000726000000| Untracked 
|  31|0x0000000726200000, 0x0000000726200000, 0x0000000726400000|  0%| F|  |TAMS 0x0000000726200000| PB 0x0000000726200000| Untracked 
|  32|0x0000000726400000, 0x0000000726400000, 0x0000000726600000|  0%| F|  |TAMS 0x0000000726400000| PB 0x0000000726400000| Untracked 
|  33|0x0000000726600000, 0x0000000726600000, 0x0000000726800000|  0%| F|  |TAMS 0x0000000726600000| PB 0x0000000726600000| Untracked 
|  34|0x0000000726800000, 0x0000000726800000, 0x0000000726a00000|  0%| F|  |TAMS 0x0000000726800000| PB 0x0000000726800000| Untracked 
|  35|0x0000000726a00000, 0x0000000726a00000, 0x0000000726c00000|  0%| F|  |TAMS 0x0000000726a00000| PB 0x0000000726a00000| Untracked 
|  36|0x0000000726c00000, 0x0000000726c00000, 0x0000000726e00000|  0%| F|  |TAMS 0x0000000726c00000| PB 0x0000000726c00000| Untracked 
|  37|0x0000000726e00000, 0x0000000726e00000, 0x0000000727000000|  0%| F|  |TAMS 0x0000000726e00000| PB 0x0000000726e00000| Untracked 
|  38|0x0000000727000000, 0x0000000727000000, 0x0000000727200000|  0%| F|  |TAMS 0x0000000727000000| PB 0x0000000727000000| Untracked 
|  39|0x0000000727200000, 0x0000000727200000, 0x0000000727400000|  0%| F|  |TAMS 0x0000000727200000| PB 0x0000000727200000| Untracked 
|  40|0x0000000727400000, 0x0000000727400000, 0x0000000727600000|  0%| F|  |TAMS 0x0000000727400000| PB 0x0000000727400000| Untracked 
|  41|0x0000000727600000, 0x0000000727600000, 0x0000000727800000|  0%| F|  |TAMS 0x0000000727600000| PB 0x0000000727600000| Untracked 
|  42|0x0000000727800000, 0x0000000727800000, 0x0000000727a00000|  0%| F|  |TAMS 0x0000000727800000| PB 0x0000000727800000| Untracked 
|  43|0x0000000727a00000, 0x0000000727a00000, 0x0000000727c00000|  0%| F|  |TAMS 0x0000000727a00000| PB 0x0000000727a00000| Untracked 
|  44|0x0000000727c00000, 0x0000000727c00000, 0x0000000727e00000|  0%| F|  |TAMS 0x0000000727c00000| PB 0x0000000727c00000| Untracked 
|  45|0x0000000727e00000, 0x0000000727e00000, 0x0000000728000000|  0%| F|  |TAMS 0x0000000727e00000| PB 0x0000000727e00000| Untracked 
|  46|0x0000000728000000, 0x0000000728000000, 0x0000000728200000|  0%| F|  |TAMS 0x0000000728000000| PB 0x0000000728000000| Untracked 
|  47|0x0000000728200000, 0x0000000728200000, 0x0000000728400000|  0%| F|  |TAMS 0x0000000728200000| PB 0x0000000728200000| Untracked 
|  48|0x0000000728400000, 0x0000000728400000, 0x0000000728600000|  0%| F|  |TAMS 0x0000000728400000| PB 0x0000000728400000| Untracked 
|  49|0x0000000728600000, 0x0000000728600000, 0x0000000728800000|  0%| F|  |TAMS 0x0000000728600000| PB 0x0000000728600000| Untracked 
|  50|0x0000000728800000, 0x0000000728800000, 0x0000000728a00000|  0%| F|  |TAMS 0x0000000728800000| PB 0x0000000728800000| Untracked 
|  51|0x0000000728a00000, 0x0000000728a00000, 0x0000000728c00000|  0%| F|  |TAMS 0x0000000728a00000| PB 0x0000000728a00000| Untracked 
|  52|0x0000000728c00000, 0x0000000728c00000, 0x0000000728e00000|  0%| F|  |TAMS 0x0000000728c00000| PB 0x0000000728c00000| Untracked 
|  53|0x0000000728e00000, 0x0000000728e00000, 0x0000000729000000|  0%| F|  |TAMS 0x0000000728e00000| PB 0x0000000728e00000| Untracked 
|  54|0x0000000729000000, 0x0000000729000000, 0x0000000729200000|  0%| F|  |TAMS 0x0000000729000000| PB 0x0000000729000000| Untracked 
|  55|0x0000000729200000, 0x0000000729200000, 0x0000000729400000|  0%| F|  |TAMS 0x0000000729200000| PB 0x0000000729200000| Untracked 
|  56|0x0000000729400000, 0x0000000729400000, 0x0000000729600000|  0%| F|  |TAMS 0x0000000729400000| PB 0x0000000729400000| Untracked 
|  57|0x0000000729600000, 0x0000000729600000, 0x0000000729800000|  0%| F|  |TAMS 0x0000000729600000| PB 0x0000000729600000| Untracked 
|  58|0x0000000729800000, 0x0000000729800000, 0x0000000729a00000|  0%| F|  |TAMS 0x0000000729800000| PB 0x0000000729800000| Untracked 
|  59|0x0000000729a00000, 0x0000000729a00000, 0x0000000729c00000|  0%| F|  |TAMS 0x0000000729a00000| PB 0x0000000729a00000| Untracked 
|  60|0x0000000729c00000, 0x0000000729c00000, 0x0000000729e00000|  0%| F|  |TAMS 0x0000000729c00000| PB 0x0000000729c00000| Untracked 
|  61|0x0000000729e00000, 0x0000000729e00000, 0x000000072a000000|  0%| F|  |TAMS 0x0000000729e00000| PB 0x0000000729e00000| Untracked 
|  62|0x000000072a000000, 0x000000072a000000, 0x000000072a200000|  0%| F|  |TAMS 0x000000072a000000| PB 0x000000072a000000| Untracked 
|  63|0x000000072a200000, 0x000000072a200000, 0x000000072a400000|  0%| F|  |TAMS 0x000000072a200000| PB 0x000000072a200000| Untracked 
|  64|0x000000072a400000, 0x000000072a400000, 0x000000072a600000|  0%| F|  |TAMS 0x000000072a400000| PB 0x000000072a400000| Untracked 
|  65|0x000000072a600000, 0x000000072a600000, 0x000000072a800000|  0%| F|  |TAMS 0x000000072a600000| PB 0x000000072a600000| Untracked 
|  66|0x000000072a800000, 0x000000072a800000, 0x000000072aa00000|  0%| F|  |TAMS 0x000000072a800000| PB 0x000000072a800000| Untracked 
|  67|0x000000072aa00000, 0x000000072aa00000, 0x000000072ac00000|  0%| F|  |TAMS 0x000000072aa00000| PB 0x000000072aa00000| Untracked 
|  68|0x000000072ac00000, 0x000000072ac00000, 0x000000072ae00000|  0%| F|  |TAMS 0x000000072ac00000| PB 0x000000072ac00000| Untracked 
|  69|0x000000072ae00000, 0x000000072ae00000, 0x000000072b000000|  0%| F|  |TAMS 0x000000072ae00000| PB 0x000000072ae00000| Untracked 
|  70|0x000000072b000000, 0x000000072b000000, 0x000000072b200000|  0%| F|  |TAMS 0x000000072b000000| PB 0x000000072b000000| Untracked 
|  71|0x000000072b200000, 0x000000072b200000, 0x000000072b400000|  0%| F|  |TAMS 0x000000072b200000| PB 0x000000072b200000| Untracked 
|  72|0x000000072b400000, 0x000000072b400000, 0x000000072b600000|  0%| F|  |TAMS 0x000000072b400000| PB 0x000000072b400000| Untracked 
|  73|0x000000072b600000, 0x000000072b600000, 0x000000072b800000|  0%| F|  |TAMS 0x000000072b600000| PB 0x000000072b600000| Untracked 
|  74|0x000000072b800000, 0x000000072b800000, 0x000000072ba00000|  0%| F|  |TAMS 0x000000072b800000| PB 0x000000072b800000| Untracked 
|  75|0x000000072ba00000, 0x000000072ba00000, 0x000000072bc00000|  0%| F|  |TAMS 0x000000072ba00000| PB 0x000000072ba00000| Untracked 
|  76|0x000000072bc00000, 0x000000072bc00000, 0x000000072be00000|  0%| F|  |TAMS 0x000000072bc00000| PB 0x000000072bc00000| Untracked 
|  77|0x000000072be00000, 0x000000072be00000, 0x000000072c000000|  0%| F|  |TAMS 0x000000072be00000| PB 0x000000072be00000| Untracked 
|  78|0x000000072c000000, 0x000000072c000000, 0x000000072c200000|  0%| F|  |TAMS 0x000000072c000000| PB 0x000000072c000000| Untracked 
|  79|0x000000072c200000, 0x000000072c200000, 0x000000072c400000|  0%| F|  |TAMS 0x000000072c200000| PB 0x000000072c200000| Untracked 
|  80|0x000000072c400000, 0x000000072c400000, 0x000000072c600000|  0%| F|  |TAMS 0x000000072c400000| PB 0x000000072c400000| Untracked 
|  81|0x000000072c600000, 0x000000072c600000, 0x000000072c800000|  0%| F|  |TAMS 0x000000072c600000| PB 0x000000072c600000| Untracked 
|  82|0x000000072c800000, 0x000000072c800000, 0x000000072ca00000|  0%| F|  |TAMS 0x000000072c800000| PB 0x000000072c800000| Untracked 
|  83|0x000000072ca00000, 0x000000072ca00000, 0x000000072cc00000|  0%| F|  |TAMS 0x000000072ca00000| PB 0x000000072ca00000| Untracked 
|  84|0x000000072cc00000, 0x000000072cc00000, 0x000000072ce00000|  0%| F|  |TAMS 0x000000072cc00000| PB 0x000000072cc00000| Untracked 
|  85|0x000000072ce00000, 0x000000072ce00000, 0x000000072d000000|  0%| F|  |TAMS 0x000000072ce00000| PB 0x000000072ce00000| Untracked 
|  86|0x000000072d000000, 0x000000072d000000, 0x000000072d200000|  0%| F|  |TAMS 0x000000072d000000| PB 0x000000072d000000| Untracked 
|  87|0x000000072d200000, 0x000000072d200000, 0x000000072d400000|  0%| F|  |TAMS 0x000000072d200000| PB 0x000000072d200000| Untracked 
|  88|0x000000072d400000, 0x000000072d400000, 0x000000072d600000|  0%| F|  |TAMS 0x000000072d400000| PB 0x000000072d400000| Untracked 
|  89|0x000000072d600000, 0x000000072d600000, 0x000000072d800000|  0%| F|  |TAMS 0x000000072d600000| PB 0x000000072d600000| Untracked 
|  90|0x000000072d800000, 0x000000072d800000, 0x000000072da00000|  0%| F|  |TAMS 0x000000072d800000| PB 0x000000072d800000| Untracked 
|  91|0x000000072da00000, 0x000000072da00000, 0x000000072dc00000|  0%| F|  |TAMS 0x000000072da00000| PB 0x000000072da00000| Untracked 
|  92|0x000000072dc00000, 0x000000072dc00000, 0x000000072de00000|  0%| F|  |TAMS 0x000000072dc00000| PB 0x000000072dc00000| Untracked 
|  93|0x000000072de00000, 0x000000072de00000, 0x000000072e000000|  0%| F|  |TAMS 0x000000072de00000| PB 0x000000072de00000| Untracked 
|  94|0x000000072e000000, 0x000000072e000000, 0x000000072e200000|  0%| F|  |TAMS 0x000000072e000000| PB 0x000000072e000000| Untracked 
|  95|0x000000072e200000, 0x000000072e200000, 0x000000072e400000|  0%| F|  |TAMS 0x000000072e200000| PB 0x000000072e200000| Untracked 
|  96|0x000000072e400000, 0x000000072e400000, 0x000000072e600000|  0%| F|  |TAMS 0x000000072e400000| PB 0x000000072e400000| Untracked 
|  97|0x000000072e600000, 0x000000072e600000, 0x000000072e800000|  0%| F|  |TAMS 0x000000072e600000| PB 0x000000072e600000| Untracked 
|  98|0x000000072e800000, 0x000000072e800000, 0x000000072ea00000|  0%| F|  |TAMS 0x000000072e800000| PB 0x000000072e800000| Untracked 
|  99|0x000000072ea00000, 0x000000072ea00000, 0x000000072ec00000|  0%| F|  |TAMS 0x000000072ea00000| PB 0x000000072ea00000| Untracked 
| 100|0x000000072ec00000, 0x000000072ec00000, 0x000000072ee00000|  0%| F|  |TAMS 0x000000072ec00000| PB 0x000000072ec00000| Untracked 
| 101|0x000000072ee00000, 0x000000072ee00000, 0x000000072f000000|  0%| F|  |TAMS 0x000000072ee00000| PB 0x000000072ee00000| Untracked 
| 102|0x000000072f000000, 0x000000072f000000, 0x000000072f200000|  0%| F|  |TAMS 0x000000072f000000| PB 0x000000072f000000| Untracked 
| 103|0x000000072f200000, 0x000000072f200000, 0x000000072f400000|  0%| F|  |TAMS 0x000000072f200000| PB 0x000000072f200000| Untracked 
| 104|0x000000072f400000, 0x000000072f400000, 0x000000072f600000|  0%| F|  |TAMS 0x000000072f400000| PB 0x000000072f400000| Untracked 
| 105|0x000000072f600000, 0x000000072f600000, 0x000000072f800000|  0%| F|  |TAMS 0x000000072f600000| PB 0x000000072f600000| Untracked 
| 106|0x000000072f800000, 0x000000072f9525a8, 0x000000072fa00000| 66%| E|  |TAMS 0x000000072f800000| PB 0x000000072f800000| Complete 
| 107|0x000000072fa00000, 0x000000072fc00000, 0x000000072fc00000|100%| E|CS|TAMS 0x000000072fa00000| PB 0x000000072fa00000| Complete 
| 108|0x000000072fc00000, 0x000000072fe00000, 0x000000072fe00000|100%| E|CS|TAMS 0x000000072fc00000| PB 0x000000072fc00000| Complete 
| 109|0x000000072fe00000, 0x0000000730000000, 0x0000000730000000|100%| E|CS|TAMS 0x000000072fe00000| PB 0x000000072fe00000| Complete 
| 110|0x0000000730000000, 0x0000000730200000, 0x0000000730200000|100%| E|CS|TAMS 0x0000000730000000| PB 0x0000000730000000| Complete 

Card table byte_map: [0x000001c3c46f0000,0x000001c3c4de0000] _byte_map_base: 0x000001c3c0dde000

Marking Bits: (CMBitMap*) 0x000001c3ae93bd60
 Bits: [0x000001c3c4de0000, 0x000001c3c8550000)

Polling page: 0x000001c3ae9a0000

Metaspace:

Usage:
  Non-class:      4.79 MB used.
      Class:    586.73 KB used.
       Both:      5.36 MB used.

Virtual space:
  Non-class space:       64.00 MB reserved,       4.88 MB (  8%) committed,  1 nodes.
      Class space:        1.00 GB reserved,     704.00 KB ( <1%) committed,  1 nodes.
             Both:        1.06 GB reserved,       5.56 MB ( <1%) committed. 

Chunk freelists:
   Non-Class:  10.28 MB
       Class:  15.20 MB
        Both:  25.48 MB

MaxMetaspaceSize: unlimited
CompressedClassSpaceSize: 1.00 GB
Initial GC threshold: 21.00 MB
Current GC threshold: 21.00 MB
CDS: on
 - commit_granule_bytes: 65536.
 - commit_granule_words: 8192.
 - virtual_space_node_default_size: 8388608.
 - enlarge_chunks_in_place: 1.
 - use_allocation_guard: 0.


Internal statistics:

num_allocs_failed_limit: 0.
num_arena_births: 134.
num_arena_deaths: 0.
num_vsnodes_births: 2.
num_vsnodes_deaths: 0.
num_space_committed: 89.
num_space_uncommitted: 0.
num_chunks_returned_to_freelist: 0.
num_chunks_taken_from_freelist: 195.
num_chunk_merges: 0.
num_chunk_splits: 126.
num_chunks_enlarged: 70.
num_inconsistent_stats: 0.

CodeHeap 'non-profiled nmethods': size=119168Kb used=245Kb max_used=245Kb free=118922Kb
 bounds [0x000001c3bbbe0000, 0x000001c3bbe50000, 0x000001c3c3040000]
CodeHeap 'profiled nmethods': size=119104Kb used=1322Kb max_used=1322Kb free=117781Kb
 bounds [0x000001c3b4040000, 0x000001c3b42b0000, 0x000001c3bb490000]
CodeHeap 'non-nmethods': size=7488Kb used=1384Kb max_used=1396Kb free=6103Kb
 bounds [0x000001c3bb490000, 0x000001c3bb700000, 0x000001c3bbbe0000]
 total_blobs=1326 nmethods=845 adapters=386
 compilation: enabled
              stopped_count=0, restarted_count=0
 full_count=0

Compilation events (20 events):
Event: 0.523 Thread 0x000001c3cb59e220  836       3       java.lang.ClassLoader::loadClass (7 bytes)
Event: 0.523 Thread 0x000001c3cb59e220 nmethod 836 0x000001c3b4186390 code [0x000001c3b4186540, 0x000001c3b4186718]
Event: 0.523 Thread 0x000001c3cb59e220  837       3       jdk.internal.loader.BuiltinClassLoader::loadClass (22 bytes)
Event: 0.523 Thread 0x000001c3cb59e220 nmethod 837 0x000001c3b4186790 code [0x000001c3b4186960, 0x000001c3b4186c28]
Event: 0.525 Thread 0x000001c3cb59e220  838       3       java.lang.invoke.MethodHandles$Lookup::checkSecurityManager (97 bytes)
Event: 0.525 Thread 0x000001c3cb59e220 nmethod 838 0x000001c3b4186d10 code [0x000001c3b4186f00, 0x000001c3b41873f8]
Event: 0.525 Thread 0x000001c3cb59e220  839       3       java.util.ImmutableCollections$List12::size (16 bytes)
Event: 0.525 Thread 0x000001c3cb59e220 nmethod 839 0x000001c3b4187610 code [0x000001c3b41877c0, 0x000001c3b4187950]
Event: 0.526 Thread 0x000001c3cb59e220  840       3       java.lang.invoke.TypeConvertingMethodAdapter::descriptorToName (36 bytes)
Event: 0.527 Thread 0x000001c3cb59e220 nmethod 840 0x000001c3b4187a10 code [0x000001c3b4187ca0, 0x000001c3b4188840]
Event: 0.527 Thread 0x000001c3cb59e220  841       3       jdk.internal.loader.BuiltinClassLoader::moduleReaderFor (45 bytes)
Event: 0.527 Thread 0x000001c3cb59e220 nmethod 841 0x000001c3b4188d10 code [0x000001c3b4188f00, 0x000001c3b4189588]
Event: 0.527 Thread 0x000001c3cb59e220  842       3       jdk.internal.jimage.BasicImageReader::getLocationIndex (52 bytes)
Event: 0.527 Thread 0x000001c3cb59e220 nmethod 842 0x000001c3b4189710 code [0x000001c3b4189920, 0x000001c3b4189db0]
Event: 0.527 Thread 0x000001c3cb59e220  843       3       jdk.internal.jimage.ImageStringsReader::hashCode (8 bytes)
Event: 0.527 Thread 0x000001c3cb59e220 nmethod 843 0x000001c3b418a010 code [0x000001c3b418a1c0, 0x000001c3b418a380]
Event: 0.529 Thread 0x000001c3cb595090  844       4       java.lang.invoke.MemberName::getReferenceKind (12 bytes)
Event: 0.529 Thread 0x000001c3cb595090 nmethod 844 0x000001c3bbc1d490 code [0x000001c3bbc1d620, 0x000001c3bbc1d6b0]
Event: 0.530 Thread 0x000001c3cb59e220  845       3       java.util.concurrent.ConcurrentHashMap$ValueIterator::next (34 bytes)
Event: 0.530 Thread 0x000001c3cb59e220 nmethod 845 0x000001c3b418a490 code [0x000001c3b418a660, 0x000001c3b418a8d0]

GC Heap History (0 events):
No events

Dll operation events (2 events):
Event: 0.011 Loaded shared library C:\Program Files\JetBrains\IntelliJ IDEA Community Edition 2024.3\jbr\bin\java.dll
Event: 0.086 Loaded shared library C:\Program Files\JetBrains\IntelliJ IDEA Community Edition 2024.3\jbr\bin\zip.dll

Deoptimization events (14 events):
Event: 0.248 Thread 0x000001c3ae5f7d80 Uncommon trap: trap_request=0xffffff45 fr.pc=0x000001c3bbbf3214 relative=0x0000000000000074
Event: 0.248 Thread 0x000001c3ae5f7d80 Uncommon trap: reason=unstable_if action=reinterpret pc=0x000001c3bbbf3214 method=java.lang.CharacterDataLatin1.toLowerCase(I)I @ 16 c2
Event: 0.248 Thread 0x000001c3ae5f7d80 DEOPT PACKING pc=0x000001c3bbbf3214 sp=0x0000007783ffac40
Event: 0.248 Thread 0x000001c3ae5f7d80 DEOPT UNPACKING pc=0x000001c3bb4e46a2 sp=0x0000007783ffabd0 mode 2
Event: 0.339 Thread 0x000001c3ae5f7d80 DEOPT PACKING pc=0x000001c3b4088e07 sp=0x0000007783ffda00
Event: 0.339 Thread 0x000001c3ae5f7d80 DEOPT UNPACKING pc=0x000001c3bb4e4e42 sp=0x0000007783ffce98 mode 0
Event: 0.343 Thread 0x000001c3ae5f7d80 DEOPT PACKING pc=0x000001c3b4088e07 sp=0x0000007783ffda00
Event: 0.343 Thread 0x000001c3ae5f7d80 DEOPT UNPACKING pc=0x000001c3bb4e4e42 sp=0x0000007783ffce98 mode 0
Event: 0.361 Thread 0x000001c3ae5f7d80 Uncommon trap: trap_request=0xffffff45 fr.pc=0x000001c3bbbff5ac relative=0x000000000000008c
Event: 0.361 Thread 0x000001c3ae5f7d80 Uncommon trap: reason=unstable_if action=reinterpret pc=0x000001c3bbbff5ac method=jdk.internal.misc.Unsafe.convEndian(ZI)I @ 4 c2
Event: 0.361 Thread 0x000001c3ae5f7d80 DEOPT PACKING pc=0x000001c3bbbff5ac sp=0x0000007783ffda00
Event: 0.361 Thread 0x000001c3ae5f7d80 DEOPT UNPACKING pc=0x000001c3bb4e46a2 sp=0x0000007783ffd930 mode 2
Event: 0.407 Thread 0x000001c3ae5f7d80 DEOPT PACKING pc=0x000001c3b405a8cc sp=0x0000007783ffc6f0
Event: 0.407 Thread 0x000001c3ae5f7d80 DEOPT UNPACKING pc=0x000001c3bb4e4e42 sp=0x0000007783ffbb10 mode 0

Classes loaded (20 events):
Event: 0.531 Loading class java/net/StandardProtocolFamily
Event: 0.531 Loading class java/net/ProtocolFamily
Event: 0.531 Loading class java/net/ProtocolFamily done
Event: 0.531 Loading class java/net/StandardProtocolFamily done
Event: 0.531 Loading class java/nio/channels/ServerSocketChannel
Event: 0.531 Loading class java/nio/channels/ServerSocketChannel done
Event: 0.532 Loading class sun/nio/ch/ServerSocketChannelImpl
Event: 0.532 Loading class sun/nio/ch/ServerSocketChannelImpl done
Event: 0.533 Loading class java/net/UnixDomainSocketAddress
Event: 0.533 Loading class java/net/SocketAddress
Event: 0.533 Loading class java/net/SocketAddress done
Event: 0.533 Loading class java/net/UnixDomainSocketAddress done
Event: 0.534 Loading class sun/nio/ch/Net
Event: 0.534 Loading class sun/nio/ch/Net done
Event: 0.534 Loading class sun/nio/ch/Net$1
Event: 0.534 Loading class sun/nio/ch/Net$1 done
Event: 0.534 Loading class sun/net/ext/ExtendedSocketOptions
Event: 0.534 Loading class sun/net/ext/ExtendedSocketOptions done
Event: 0.534 Loading class jdk/net/ExtendedSocketOptions
Event: 0.534 Loading class jdk/net/ExtendedSocketOptions done

Classes unloaded (0 events):
No events

Classes redefined (0 events):
No events

Internal exceptions (20 events):
Event: 0.380 Thread 0x000001c3ae5f7d80 Exception <a 'java/lang/NoSuchMethodError'{0x000000072fa4bf30}: 'int java.lang.invoke.DirectMethodHandle$Holder.invokeStaticInit(java.lang.Object, java.lang.Object, java.lang.Object)'> (0x000000072fa4bf30) 
thrown [s\src\hotspot\share\interpreter\linkResolver.cpp, line 784]
Event: 0.383 Thread 0x000001c3ae5f7d80 Exception <a 'java/lang/NoSuchMethodError'{0x000000072fa5aa38}: 'int java.lang.invoke.DirectMethodHandle$Holder.invokeSpecial(java.lang.Object, java.lang.Object, java.lang.Object)'> (0x000000072fa5aa38) 
thrown [s\src\hotspot\share\interpreter\linkResolver.cpp, line 784]
Event: 0.384 Thread 0x000001c3ae5f7d80 Exception <a 'java/lang/NoSuchMethodError'{0x000000072fa60490}: 'int java.lang.invoke.DirectMethodHandle$Holder.invokeStaticInit(java.lang.Object, java.lang.Object)'> (0x000000072fa60490) 
thrown [s\src\hotspot\share\interpreter\linkResolver.cpp, line 784]
Event: 0.385 Thread 0x000001c3ae5f7d80 Exception <a 'java/lang/NoSuchMethodError'{0x000000072fa65e28}: 'int java.lang.invoke.DirectMethodHandle$Holder.invokeSpecialIFC(java.lang.Object, java.lang.Object, java.lang.Object)'> (0x000000072fa65e28) 
thrown [s\src\hotspot\share\interpreter\linkResolver.cpp, line 784]
Event: 0.399 Thread 0x000001c3ae5f7d80 Exception <a 'java/lang/NoSuchMethodError'{0x000000072fa981e0}: 'java.lang.Object java.lang.invoke.DirectMethodHandle$Holder.invokeStaticInit(java.lang.Object, java.lang.Object, java.lang.Object, java.lang.Object, java.lang.Object, java.lang.Object, java.lang.Object)'> (0x000000072fa981e0) 
thrown [s\src\hotspot\share\interpreter\linkResolver.cpp, line 784]
Event: 0.401 Thread 0x000001c3ae5f7d80 Exception <a 'java/lang/NoSuchMethodError'{0x000000072faa1728}: 'java.lang.Object java.lang.invoke.Invokers$Holder.invoke_MT(java.lang.Object, java.lang.Object, java.lang.Object, java.lang.Object, java.lang.Object, java.lang.Object, java.lang.Object, java.lang.Object, java.lang.Object, java.lang.Object)'> (0x000000072faa1728) 
thrown [s\src\hotspot\share\interpreter\linkResolver.cpp, line 784]
Event: 0.406 Thread 0x000001c3ae5f7d80 Exception <a 'java/lang/NoSuchMethodError'{0x000000072fab6ce0}: 'void java.lang.invoke.DelegatingMethodHandle$Holder.delegate(java.lang.Object, java.lang.Object, int, java.lang.Object)'> (0x000000072fab6ce0) 
thrown [s\src\hotspot\share\interpreter\linkResolver.cpp, line 784]
Event: 0.412 Thread 0x000001c3ae5f7d80 Exception <a 'java/lang/NoSuchMethodError'{0x000000072fad8ee8}: 'int java.lang.invoke.DirectMethodHandle$Holder.invokeVirtual(java.lang.Object, java.lang.Object, java.lang.Object)'> (0x000000072fad8ee8) 
thrown [s\src\hotspot\share\interpreter\linkResolver.cpp, line 784]
Event: 0.413 Thread 0x000001c3ae5f7d80 Exception <a 'java/lang/NoSuchMethodError'{0x000000072fadc5d8}: 'int java.lang.invoke.DirectMethodHandle$Holder.invokeVirtual(java.lang.Object, java.lang.Object)'> (0x000000072fadc5d8) 
thrown [s\src\hotspot\share\interpreter\linkResolver.cpp, line 784]
Event: 0.413 Thread 0x000001c3ae5f7d80 Exception <a 'java/lang/NoSuchMethodError'{0x000000072fae0980}: 'int java.lang.invoke.DirectMethodHandle$Holder.invokeStaticInit(java.lang.Object, int, int)'> (0x000000072fae0980) 
thrown [s\src\hotspot\share\interpreter\linkResolver.cpp, line 784]
Event: 0.414 Thread 0x000001c3ae5f7d80 Exception <a 'java/lang/NoSuchMethodError'{0x000000072fae81d8}: 'int java.lang.invoke.DirectMethodHandle$Holder.invokeStaticInit(java.lang.Object, long, long)'> (0x000000072fae81d8) 
thrown [s\src\hotspot\share\interpreter\linkResolver.cpp, line 784]
Event: 0.415 Thread 0x000001c3ae5f7d80 Exception <a 'java/lang/NoSuchMethodError'{0x000000072faeec70}: 'int java.lang.invoke.DirectMethodHandle$Holder.invokeStaticInit(java.lang.Object, float, float)'> (0x000000072faeec70) 
thrown [s\src\hotspot\share\interpreter\linkResolver.cpp, line 784]
Event: 0.416 Thread 0x000001c3ae5f7d80 Exception <a 'java/lang/NoSuchMethodError'{0x000000072faf5700}: 'int java.lang.invoke.DirectMethodHandle$Holder.invokeStaticInit(java.lang.Object, double, double)'> (0x000000072faf5700) 
thrown [s\src\hotspot\share\interpreter\linkResolver.cpp, line 784]
Event: 0.417 Thread 0x000001c3ae5f7d80 Exception <a 'java/lang/NoSuchMethodError'{0x000000072faf9d88}: 'int java.lang.invoke.DirectMethodHandle$Holder.invokeStatic(java.lang.Object, long)'> (0x000000072faf9d88) 
thrown [s\src\hotspot\share\interpreter\linkResolver.cpp, line 784]
Event: 0.423 Thread 0x000001c3ae5f7d80 Exception <a 'java/lang/NoSuchMethodError'{0x000000072fb23900}: 'java.lang.Object java.lang.invoke.DirectMethodHandle$Holder.invokeSpecial(java.lang.Object, java.lang.Object, int, java.lang.Object, java.lang.Object)'> (0x000000072fb23900) 
thrown [s\src\hotspot\share\interpreter\linkResolver.cpp, line 784]
Event: 0.423 Thread 0x000001c3ae5f7d80 Exception <a 'java/lang/NoSuchMethodError'{0x000000072fb27290}: 'java.lang.Object java.lang.invoke.DelegatingMethodHandle$Holder.delegate(java.lang.Object, int, java.lang.Object, java.lang.Object)'> (0x000000072fb27290) 
thrown [s\src\hotspot\share\interpreter\linkResolver.cpp, line 784]
Event: 0.426 Thread 0x000001c3ae5f7d80 Exception <a 'java/lang/NoSuchMethodError'{0x000000072fb365b0}: 'int java.lang.invoke.Invokers$Holder.linkToTargetMethod(java.lang.Object, java.lang.Object, java.lang.Object)'> (0x000000072fb365b0) 
thrown [s\src\hotspot\share\interpreter\linkResolver.cpp, line 784]
Event: 0.431 Thread 0x000001c3ae5f7d80 Exception <a 'java/lang/NoSuchMethodError'{0x000000072fb694b0}: 'long java.lang.invoke.DirectMethodHandle$Holder.invokeSpecial(java.lang.Object, java.lang.Object)'> (0x000000072fb694b0) 
thrown [s\src\hotspot\share\interpreter\linkResolver.cpp, line 784]
Event: 0.432 Thread 0x000001c3ae5f7d80 Exception <a 'java/lang/NoSuchMethodError'{0x000000072fb6fd80}: 'int java.lang.invoke.DirectMethodHandle$Holder.invokeStatic(java.lang.Object, java.lang.Object, java.lang.Object, java.lang.Object)'> (0x000000072fb6fd80) 
thrown [s\src\hotspot\share\interpreter\linkResolver.cpp, line 784]
Event: 0.432 Thread 0x000001c3ae5f7d80 Exception <a 'java/lang/NoSuchMethodError'{0x000000072fb731a0}: 'java.lang.Object java.lang.invoke.Invokers$Holder.invokeExact_MT(java.lang.Object, java.lang.Object, java.lang.Object, java.lang.Object, java.lang.Object, java.lang.Object)'> (0x000000072fb731a0) 
thrown [s\src\hotspot\share\interpreter\linkResolver.cpp, line 784]

ZGC Phase Switch (0 events):
No events

VM Operations (6 events):
Event: 0.109 Executing VM operation: HandshakeAllThreads (Deoptimize)
Event: 0.109 Executing VM operation: HandshakeAllThreads (Deoptimize) done
Event: 0.120 Executing VM operation: HandshakeAllThreads (Deoptimize)
Event: 0.120 Executing VM operation: HandshakeAllThreads (Deoptimize) done
Event: 0.329 Executing VM operation: HandshakeAllThreads (Deoptimize)
Event: 0.329 Executing VM operation: HandshakeAllThreads (Deoptimize) done

Memory protections (0 events):
No events

Nmethod flushes (0 events):
No events

Events (16 events):
Event: 0.035 Thread 0x000001c3ae5f7d80 Thread added: 0x000001c3ae5f7d80
Event: 0.056 Thread 0x000001c3ae5f7d80 Thread added: 0x000001c3cb5862a0
Event: 0.056 Thread 0x000001c3ae5f7d80 Thread added: 0x000001c3cb5871b0
Event: 0.057 Thread 0x000001c3ae5f7d80 Thread added: 0x000001c3cb58c0d0
Event: 0.057 Thread 0x000001c3ae5f7d80 Thread added: 0x000001c3cb58f3d0
Event: 0.057 Thread 0x000001c3ae5f7d80 Thread added: 0x000001c3cb5909d0
Event: 0.057 Thread 0x000001c3ae5f7d80 Thread added: 0x000001c3cb591550
Event: 0.057 Thread 0x000001c3ae5f7d80 Thread added: 0x000001c3cb595090
Event: 0.057 Thread 0x000001c3ae5f7d80 Thread added: 0x000001c3cb59e220
Event: 0.083 Thread 0x000001c3ae5f7d80 Thread added: 0x000001c3cb9350e0
Event: 0.089 Thread 0x000001c3ae5f7d80 Thread added: 0x000001c3cb939d20
Event: 0.094 Loaded shared library C:\Program Files\JetBrains\IntelliJ IDEA Community Edition 2024.3\jbr\bin\net.dll
Event: 0.098 Loaded shared library C:\Program Files\JetBrains\IntelliJ IDEA Community Edition 2024.3\jbr\bin\nio.dll
Event: 0.103 Loaded shared library C:\Program Files\JetBrains\IntelliJ IDEA Community Edition 2024.3\jbr\bin\zip.dll
Event: 0.187 Loaded shared library C:\Program Files\JetBrains\IntelliJ IDEA Community Edition 2024.3\jbr\bin\jimage.dll
Event: 0.474 Loaded shared library C:\Program Files\JetBrains\IntelliJ IDEA Community Edition 2024.3\jbr\bin\sunmscapi.dll


Dynamic libraries:
0x00007ff773cf0000 - 0x00007ff773cfa000 	C:\Program Files\JetBrains\IntelliJ IDEA Community Edition 2024.3\jbr\bin\java.exe
0x00007ffe718f0000 - 0x00007ffe71b07000 	C:\Windows\SYSTEM32\ntdll.dll
0x00007ffe70650000 - 0x00007ffe70714000 	C:\Windows\System32\KERNEL32.DLL
0x00007ffe6ea20000 - 0x00007ffe6edf0000 	C:\Windows\System32\KERNELBASE.dll
0x00007ffe6f1f0000 - 0x00007ffe6f301000 	C:\Windows\System32\ucrtbase.dll
0x00007ffe51030000 - 0x00007ffe5104b000 	C:\Program Files\JetBrains\IntelliJ IDEA Community Edition 2024.3\jbr\bin\VCRUNTIME140.dll
0x00007ffe36fe0000 - 0x00007ffe36ff8000 	C:\Program Files\JetBrains\IntelliJ IDEA Community Edition 2024.3\jbr\bin\jli.dll
0x00007ffe70a10000 - 0x00007ffe70bc1000 	C:\Windows\System32\USER32.dll
0x00007ffe5c760000 - 0x00007ffe5c9fc000 	C:\Windows\WinSxS\amd64_microsoft.windows.common-controls_6595b64144ccf1df_6.0.22621.5840_none_2710ea077384a4fe\COMCTL32.dll
0x00007ffe6e9f0000 - 0x00007ffe6ea16000 	C:\Windows\System32\win32u.dll
0x00007ffe70960000 - 0x00007ffe70a07000 	C:\Windows\System32\msvcrt.dll
0x00007ffe6fcc0000 - 0x00007ffe6fce9000 	C:\Windows\System32\GDI32.dll
0x00007ffe6f3d0000 - 0x00007ffe6f4f3000 	C:\Windows\System32\gdi32full.dll
0x00007ffe6f150000 - 0x00007ffe6f1ea000 	C:\Windows\System32\msvcp_win.dll
0x00007ffe6fb70000 - 0x00007ffe6fba1000 	C:\Windows\System32\IMM32.DLL
0x00007ffe52e30000 - 0x00007ffe52e3c000 	C:\Program Files\JetBrains\IntelliJ IDEA Community Edition 2024.3\jbr\bin\vcruntime140_1.dll
0x00007ffe27330000 - 0x00007ffe273bd000 	C:\Program Files\JetBrains\IntelliJ IDEA Community Edition 2024.3\jbr\bin\msvcp140.dll
0x00007ffdb2890000 - 0x00007ffdb3651000 	C:\Program Files\JetBrains\IntelliJ IDEA Community Edition 2024.3\jbr\bin\server\jvm.dll
0x00007ffe717e0000 - 0x00007ffe71891000 	C:\Windows\System32\ADVAPI32.dll
0x00007ffe71730000 - 0x00007ffe717d8000 	C:\Windows\System32\sechost.dll
0x00007ffe6edf0000 - 0x00007ffe6ee18000 	C:\Windows\System32\bcrypt.dll
0x00007ffe707d0000 - 0x00007ffe708e8000 	C:\Windows\System32\RPCRT4.dll
0x00007ffe6f5e0000 - 0x00007ffe6f651000 	C:\Windows\System32\WS2_32.dll
0x00007ffe6e8c0000 - 0x00007ffe6e90d000 	C:\Windows\SYSTEM32\POWRPROF.dll
0x00007ffe653f0000 - 0x00007ffe653fa000 	C:\Windows\SYSTEM32\VERSION.dll
0x00007ffe68970000 - 0x00007ffe689a4000 	C:\Windows\SYSTEM32\WINMM.dll
0x00007ffe6e8a0000 - 0x00007ffe6e8b3000 	C:\Windows\SYSTEM32\UMPDC.dll
0x00007ffe6d980000 - 0x00007ffe6d998000 	C:\Windows\SYSTEM32\kernel.appcore.dll
0x00007ffe52d40000 - 0x00007ffe52d4a000 	C:\Program Files\JetBrains\IntelliJ IDEA Community Edition 2024.3\jbr\bin\jimage.dll
0x00007ffe6bba0000 - 0x00007ffe6bdd3000 	C:\Windows\SYSTEM32\DBGHELP.DLL
0x00007ffe71340000 - 0x00007ffe716d1000 	C:\Windows\System32\combase.dll
0x00007ffe70bd0000 - 0x00007ffe70ca8000 	C:\Windows\System32\OLEAUT32.dll
0x00007ffe61fd0000 - 0x00007ffe62002000 	C:\Windows\SYSTEM32\dbgcore.DLL
0x00007ffe6f500000 - 0x00007ffe6f57b000 	C:\Windows\System32\bcryptPrimitives.dll
0x00007ffe50930000 - 0x00007ffe50950000 	C:\Program Files\JetBrains\IntelliJ IDEA Community Edition 2024.3\jbr\bin\java.dll
0x00007ffe6fcf0000 - 0x00007ffe70591000 	C:\Windows\System32\SHELL32.dll
0x00007ffe6f010000 - 0x00007ffe6f14f000 	C:\Windows\System32\wintypes.dll
0x00007ffe6c870000 - 0x00007ffe6d18a000 	C:\Windows\SYSTEM32\windows.storage.dll
0x00007ffe6fbb0000 - 0x00007ffe6fcba000 	C:\Windows\System32\SHCORE.dll
0x00007ffe705d0000 - 0x00007ffe70639000 	C:\Windows\System32\shlwapi.dll
0x00007ffe6e920000 - 0x00007ffe6e945000 	C:\Windows\SYSTEM32\profapi.dll
0x00007ffe4fc40000 - 0x00007ffe4fc58000 	C:\Program Files\JetBrains\IntelliJ IDEA Community Edition 2024.3\jbr\bin\zip.dll
0x00007ffe52a40000 - 0x00007ffe52a50000 	C:\Program Files\JetBrains\IntelliJ IDEA Community Edition 2024.3\jbr\bin\net.dll
0x00007ffe6a590000 - 0x00007ffe6a6bc000 	C:\Windows\SYSTEM32\WINHTTP.dll
0x00007ffe6de40000 - 0x00007ffe6dea9000 	C:\Windows\system32\mswsock.dll
0x00007ffe4f0f0000 - 0x00007ffe4f106000 	C:\Program Files\JetBrains\IntelliJ IDEA Community Edition 2024.3\jbr\bin\nio.dll
0x00007ffe6e190000 - 0x00007ffe6e1ab000 	C:\Windows\SYSTEM32\CRYPTSP.dll
0x00007ffe6d8e0000 - 0x00007ffe6d917000 	C:\Windows\system32\rsaenh.dll
0x00007ffe6dee0000 - 0x00007ffe6df08000 	C:\Windows\SYSTEM32\USERENV.dll
0x00007ffe6e170000 - 0x00007ffe6e17c000 	C:\Windows\SYSTEM32\CRYPTBASE.dll
0x00007ffe6d3f0000 - 0x00007ffe6d41d000 	C:\Windows\SYSTEM32\IPHLPAPI.DLL
0x00007ffe6fb60000 - 0x00007ffe6fb69000 	C:\Windows\System32\NSI.dll
0x00007ffe523b0000 - 0x00007ffe523be000 	C:\Program Files\JetBrains\IntelliJ IDEA Community Edition 2024.3\jbr\bin\sunmscapi.dll
0x00007ffe6eea0000 - 0x00007ffe6f008000 	C:\Windows\System32\CRYPT32.dll
0x00007ffe6e290000 - 0x00007ffe6e2bd000 	C:\Windows\SYSTEM32\ncrypt.dll
0x00007ffe6e250000 - 0x00007ffe6e287000 	C:\Windows\SYSTEM32\NTASN1.dll
0x00007ffe5ca00000 - 0x00007ffe5ca08000 	C:\Windows\system32\wshunix.dll

dbghelp: loaded successfully - version: 4.0.5 - missing functions: none
symbol engine: initialized successfully - sym options: 0x614 - pdb path: .;C:\Program Files\JetBrains\IntelliJ IDEA Community Edition 2024.3\jbr\bin;C:\Windows\SYSTEM32;C:\Windows\WinSxS\amd64_microsoft.windows.common-controls_6595b64144ccf1df_6.0.22621.5840_none_2710ea077384a4fe;C:\Program Files\JetBrains\IntelliJ IDEA Community Edition 2024.3\jbr\bin\server

VM Arguments:
java_command: git4idea.http.GitAskPassApp Username for 'https://github.com': 
java_class_path (initial): C:/Program Files/JetBrains/IntelliJ IDEA Community Edition 2024.3/plugins/vcs-git/lib/git4idea-rt.jar;C:/Program Files/JetBrains/IntelliJ IDEA Community Edition 2024.3/lib/externalProcess-rt.jar
Launcher Type: SUN_STANDARD

[Global flags]
     intx CICompilerCount                          = 12                                        {product} {ergonomic}
     uint ConcGCThreads                            = 3                                         {product} {ergonomic}
     uint G1ConcRefinementThreads                  = 13                                        {product} {ergonomic}
   size_t G1HeapRegionSize                         = 2097152                                   {product} {ergonomic}
    uintx GCDrainStackTargetSize                   = 64                                        {product} {ergonomic}
   size_t InitialHeapSize                          = 232783872                                 {product} {ergonomic}
   size_t MarkStackSize                            = 4194304                                   {product} {ergonomic}
   size_t MaxHeapSize                              = 3720347648                                {product} {ergonomic}
   size_t MaxNewSize                               = 2231369728                                {product} {ergonomic}
   size_t MinHeapDeltaBytes                        = 2097152                                   {product} {ergonomic}
   size_t MinHeapSize                              = 8388608                                   {product} {ergonomic}
    uintx NonNMethodCodeHeapSize                   = 7602480                                {pd product} {ergonomic}
    uintx NonProfiledCodeHeapSize                  = 122027880                              {pd product} {ergonomic}
    uintx ProfiledCodeHeapSize                     = 122027880                              {pd product} {ergonomic}
    uintx ReservedCodeCacheSize                    = 251658240                              {pd product} {ergonomic}
     bool SegmentedCodeCache                       = true                                      {product} {ergonomic}
   size_t SoftMaxHeapSize                          = 3720347648                             {manageable} {ergonomic}
     bool UseCompressedOops                        = true                           {product lp64_product} {ergonomic}
     bool UseG1GC                                  = true                                      {product} {ergonomic}
     bool UseLargePagesIndividualAllocation        = false                                  {pd product} {ergonomic}

Logging:
Log output configuration:
 #0: stdout all=warning uptime,level,tags foldmultilines=false
 #1: stderr all=off uptime,level,tags foldmultilines=false

Environment Variables:
JAVA_HOME=C:\Program Files\Java\jdk-17
PATH=C:\Program Files\Git\mingw64\libexec\git-core;C:\Program Files\Git\mingw64\libexec\git-core;C:\Program Files\Git\mingw64\bin;C:\Program Files\Git\usr\bin;C:\Users\Win\bin;C:\Program Files\Common Files\Oracle\Java\javapath;C:\Windows\system32;C:\Windows;C:\Windows\System32\Wbem;C:\Windows\System32\WindowsPowerShell\v1.0;C:\Windows\System32\OpenSSH;C:\Program Files (x86)\Microsoft SQL Server\160\Tools\Binn;C:\Program Files\Microsoft SQL Server\160\Tools\Binn;C:\Program Files\Microsoft SQL Server\Client SDK\ODBC\170\Tools\Binn;C:\Program Files\Microsoft SQL Server\160\DTS\Binn;C:\Program Files (x86)\Microsoft SQL Server\160\DTS\Binn;C:\Program Files\starship\bin;C:\xampp\php;C:\Users\Win\AppData\Local\Packages\PythonSoftwareFoundation.Python.3.12_qbz5n2kfra8p0\LocalCache\local-packages\Python312\Scripts;C:\ProgramData\ComposerSetup\bin;C:\Program Files\Git\cmd;C:\Users\Win\AppData\Local\Packages\PythonSoftwareFoundation.Python.3.12_qbz5n2kfra8p0\LocalCache\local-packages\Python312\site-packages\cmake;C:\spring-3.4.3\bin;C:\Program Files\dotnet;C:\Program Files\OpenSSL-Win64\bin;C:\Program Files (x86)\cloudflared;C:\Users\Win\AppData\Roaming\nvm;C:\Program Files\nodejs;C:\Users\Win\AppData\Local\Android\Sdk\cmdline-tools\latest\bin;C:\Users\Win\AppData\Local\Android\Sdk\platform-tools;C:\Users\Win\AppData\Local\Android\Sdk\emulator;C:\Users\Win\AppData\Local\Android\Sdk\tools\bin;C:\Program Files\Docker\Docker\resources\bin;C:\Program Files\Java\jdk-17\bin;C:\Users\Win\AppData\Local\Pub\Cache\bin;C:\hadoop-3.2.2\bin;C:\Users\Win\AppData\Local\pnpm;C:\Users\Win\AppData\Local\Microsoft\WindowsApps;C:\Users\Win\AppData\Local\Programs\Microsoft VS Code\bin;C:\Program Files\Azure Data Studio\bin;C:\ProgramData\chocolatey\bin;C:\Tools\neovim\nvim-win64\bin;C:\Users\Win\AppData\Roaming\npm;C:\Users\Win\AppData\Roaming\Composer\vendor\bin;C:\Tools\mysql\current\bin;C:\Users\Win\.dotnet\tools;C:\Program Files\Java\jdk-17\bin;C:\Program Files\OpenSSL-Win64\bin;C:\Program Files\Java\jdk-17;C:\Program Files\JetBrains\IntelliJ IDEA Community Edition 2024.3\bin;C:\Users\Win\AppData\Roaming\nvm;C:\Program Files\nodejs;C:\flutter\bin;C:\Users\Win\AppData\Local\Android\Sdk\platform-tools;C:\Users\Win\AppData\Local\Android\Sdk\emulator;C:\Users\Win\AppData\Local\Android\Sdk\cmdline-tools\latest\bin;C:\Users\Win\AppData\Local\Android\Sdk\tools\bin
USERNAME=Win
DISPLAY=:0.0
LC_ALL=en_US.UTF-8
TERM=xterm-256color
TMPDIR=C:\Users\Win\AppData\Local\Temp
OS=Windows_NT
PROCESSOR_IDENTIFIER=AMD64 Family 25 Model 80 Stepping 0, AuthenticAMD
TMP=C:\Users\Win\AppData\Local\Temp
TEMP=C:\Users\Win\AppData\Local\Temp




Periodic native trim disabled

JNI global refs:
JNI global refs: 26, weak refs: 0

JNI global refs memory usage: 835, weak refs: 833

Process memory usage:
Resident Set Size: 60908K (0% of 14528572K total physical memory with 230156K free physical memory)

OOME stack traces (most recent first):
Classloader memory used:
Loader bootstrap                                                                       : 4796K
Loader jdk.internal.loader.ClassLoaders$PlatformClassLoader                            : 676K
Loader jdk.internal.loader.ClassLoaders$AppClassLoader                                 : 16400B

---------------  S Y S T E M  ---------------

OS:
 Windows 11 , 64 bit Build 22621 (10.0.22621.5415)
OS uptime: 0 days 16:29 hours
Hyper-V role detected

CPU: total 16 (initial active 16) (16 cores per cpu, 2 threads per core) family 25 model 80 stepping 0 microcode 0x0, cx8, cmov, fxsr, ht, mmx, 3dnowpref, sse, sse2, sse3, ssse3, sse4a, sse4.1, sse4.2, popcnt, lzcnt, tsc, tscinvbit, avx, avx2, aes, erms, clmul, bmi1, bmi2, adx, sha, fma, vzeroupper, clflush, clflushopt, hv, rdtscp, rdpid, fsrm, f16c, cet_ss
Processor Information for all 16 processors :
  Max Mhz: 1901, Current Mhz: 1901, Mhz Limit: 1901

Memory: 4k page, system-wide physical 14188M (226M free)
TotalPageFile size 24759M (AvailPageFile size 137M)
current process WorkingSet (physical memory assigned to process): 59M, peak: 59M
current process commit charge ("private bytes"): 325M, peak: 326M

vm_info: OpenJDK 64-Bit Server VM (21.0.5+8-b631.16) for windows-amd64 JRE (21.0.5+8-b631.16), built on 2024-11-02 by "builduser" with MS VC++ 16.10 / 16.11 (VS2019)

END.
