#
# There is insufficient memory for the Java Runtime Environment to continue.
# Native memory allocation (mmap) failed to map 65536 bytes. Error detail: Failed to commit metaspace.
# Possible reasons:
#   The system is out of physical RAM or swap space
#   This process is running with CompressedOops enabled, and the Java Heap may be blocking the growth of the native heap
# Possible solutions:
#   Reduce memory load on the system
#   Increase physical memory or swap space
#   Check if swap backing store is full
#   Decrease Java heap size (-Xmx/-Xms)
#   Decrease number of Java threads
#   Decrease Java thread stack sizes (-Xss)
#   Set larger code cache with -XX:ReservedCodeCacheSize=
#   JVM is running with Zero Based Compressed Oops mode in which the Java heap is
#     placed in the first 32GB address space. The Java Heap base address is the
#     maximum limit for the native heap growth. Please use -XX:HeapBaseMinAddress
#     to set the Java Heap base and to place the Java Heap above 32GB virtual address.
# This output file may be truncated or incomplete.
#
#  Out of Memory Error (virtualSpaceNode.cpp:113), pid=19600, tid=19980
#
# JRE version: OpenJDK Runtime Environment JBR-21.0.5+8-631.16-jcef (21.0.5+8) (build 21.0.5+8-b631.16)
# Java VM: OpenJDK 64-Bit Server VM JBR-21.0.5+8-631.16-jcef (21.0.5+8-b631.16, mixed mode, sharing, tiered, compressed oops, compressed class ptrs, g1 gc, windows-amd64)
# No core dump will be written. Minidumps are not enabled by default on client versions of Windows
#

---------------  S U M M A R Y ------------

Command Line: git4idea.http.GitAskPassApp Username for 'https://github.com': 

Host: AMD Ryzen 7 5800U with Radeon Graphics         , 16 cores, 13G,  Windows 11 , 64 bit Build 22621 (10.0.22621.5415)
Time: Wed Sep 24 15:59:37 2025 SE Asia Standard Time elapsed time: 0.295533 seconds (0d 0h 0m 0s)

---------------  T H R E A D  ---------------

Current thread (0x000001fade3d29c0):  JavaThread "main"             [_thread_in_vm, id=19980, stack(0x000000e5d4f00000,0x000000e5d5000000) (1024K)]

Stack: [0x000000e5d4f00000,0x000000e5d5000000]
Native frames: (J=compiled Java code, j=interpreted, Vv=VM code, C=native code)
V  [jvm.dll+0x6e52b9]
V  [jvm.dll+0x8c3633]
V  [jvm.dll+0x8c5b8e]
V  [jvm.dll+0x8c6273]
V  [jvm.dll+0x288f46]
V  [jvm.dll+0x8be47e]
V  [jvm.dll+0x686805]
V  [jvm.dll+0x68686a]
V  [jvm.dll+0x689086]
V  [jvm.dll+0x688f52]
V  [jvm.dll+0x6871be]
V  [jvm.dll+0x272b71]
V  [jvm.dll+0x21d2dc]
V  [jvm.dll+0x21d765]
V  [jvm.dll+0x21e146]
V  [jvm.dll+0x213199]
V  [jvm.dll+0x5c4333]
V  [jvm.dll+0x224bdb]
V  [jvm.dll+0x83a43c]
V  [jvm.dll+0x83b4e2]
V  [jvm.dll+0x83bcd2]
V  [jvm.dll+0x21e56c]
V  [jvm.dll+0x2131b2]
V  [jvm.dll+0x5c4333]
V  [jvm.dll+0x224bdb]
V  [jvm.dll+0x83a43c]
V  [jvm.dll+0x83b4e2]
V  [jvm.dll+0x83baa4]
V  [jvm.dll+0x83b738]
V  [jvm.dll+0x27607b]
V  [jvm.dll+0x276295]
V  [jvm.dll+0x5e7237]
V  [jvm.dll+0x5ea32e]
V  [jvm.dll+0x3e7460]
V  [jvm.dll+0x3e6add]
C  0x000001faeb3097b5

The last pc belongs to invokestatic (printed below).
Java frames: (J=compiled Java code, j=interpreted, Vv=VM code)
j  sun.security.ssl.JsseJce$EcAvailability.<clinit>()V+4 java.base@21.0.5
v  ~StubRoutines::call_stub 0x000001faeb2f100d
j  sun.security.ssl.JsseJce.isEcAvailable()Z+0 java.base@21.0.5
j  sun.security.ssl.CipherSuite$KeyExchange.isAvailable()Z+29 java.base@21.0.5
j  sun.security.ssl.CipherSuite.isAvailable()Z+23 java.base@21.0.5
j  sun.security.ssl.SSLContextImpl.getApplicableCipherSuites(Ljava/util/Collection;Ljava/util/List;)Ljava/util/List;+50 java.base@21.0.5
j  sun.security.ssl.SSLContextImpl.getApplicableSupportedCipherSuites(Ljava/util/List;)Ljava/util/List;+4 java.base@21.0.5
j  sun.security.ssl.SSLContextImpl$AbstractTLSContext.<clinit>()V+84 java.base@21.0.5
v  ~StubRoutines::call_stub 0x000001faeb2f100d
j  java.lang.Class.forName0(Ljava/lang/String;ZLjava/lang/ClassLoader;Ljava/lang/Class;)Ljava/lang/Class;+0 java.base@21.0.5
j  java.lang.Class.forName(Ljava/lang/String;Ljava/lang/Class;)Ljava/lang/Class;+19 java.base@21.0.5
j  java.lang.Class.forName(Ljava/lang/String;)Ljava/lang/Class;+6 java.base@21.0.5
j  java.security.Provider$Service.getImplClass()Ljava/lang/Class;+64 java.base@21.0.5
j  java.security.Provider$Service.getDefaultConstructor()Ljava/lang/reflect/Constructor;+46 java.base@21.0.5
j  java.security.Provider$Service.newInstanceOf()Ljava/lang/Object;+1 java.base@21.0.5
j  java.security.Provider$Service.newInstanceUtil(Ljava/lang/Class;Ljava/lang/Object;)Ljava/lang/Object;+5 java.base@21.0.5
j  java.security.Provider$Service.newInstance(Ljava/lang/Object;)Ljava/lang/Object;+216 java.base@21.0.5
j  sun.security.jca.GetInstance.getInstance(Ljava/security/Provider$Service;Ljava/lang/Class;)Lsun/security/jca/GetInstance$Instance;+2 java.base@21.0.5
j  sun.security.jca.GetInstance.getInstance(Ljava/lang/String;Ljava/lang/Class;Ljava/lang/String;)Lsun/security/jca/GetInstance$Instance;+56 java.base@21.0.5
j  javax.net.ssl.SSLContext.getInstance(Ljava/lang/String;)Ljavax/net/ssl/SSLContext;+12 java.base@21.0.5
j  externalApp.ExternalAppUtil.sendIdeRequest(Ljava/lang/String;ILjava/lang/String;Ljava/lang/String;)LexternalApp/ExternalAppUtil$Result;+34
j  git4idea.http.GitAskPassApp.main([Ljava/lang/String;)V+37
v  ~StubRoutines::call_stub 0x000001faeb2f100d
invokestatic  184 invokestatic  [0x000001faeb309700, 0x000001faeb3099c8]  712 bytes
[MachCode]
  0x000001faeb309700: 4883 ec08 | c5fa 1104 | 24eb 1f48 | 83ec 10c5 | fb11 0424 | eb14 4883 | ec10 4889 | 0424 48c7 
  0x000001faeb309720: 4424 0800 | 0000 00eb | 0150 4c89 | 6dc0 410f | b755 0148 | 8b4d d0c1 | e202 8b5c | d138 c1eb 
  0x000001faeb309740: 1081 e3ff | 0000 0081 | fbb8 0000 | 000f 84b4 | 0000 00bb | b800 0000 | e805 0000 | 00e9 9900 
  0x000001faeb309760: 0000 488b | d348 8d44 | 2408 4c89 | 6dc0 498b | cfc5 f877 | 4989 afa8 | 0300 0049 | 8987 9803 
  0x000001faeb309780: 0000 4883 | ec20 40f6 | c40f 0f84 | 1900 0000 | 4883 ec08 | 48b8 706a | 8d8f fa7f | 0000 ffd0 
  0x000001faeb3097a0: 4883 c408 | e90c 0000 | 0048 b870 | 6a8d 8ffa | 7f00 00ff | d048 83c4 | 2049 c787 | 9803 0000 
  0x000001faeb3097c0: 0000 0000 | 49c7 87a8 | 0300 0000 | 0000 0049 | c787 a003 | 0000 0000 | 0000 c5f8 | 7749 837f 
  0x000001faeb3097e0: 0800 0f84 | 0500 0000 | e913 77fe | ff4c 8b6d | c04c 8b75 | c84e 8d74 | f500 c341 | 0fb7 5501 
  0x000001faeb309800: 488b 4dd0 | c1e2 0248 | 8b5c d140 | 488b 5b08 | 488b 5b08 | 488b 5b18 | 80bb 4101 | 0000 040f 
  0x000001faeb309820: 840d 0000 | 004c 3bbb | 4801 0000 | 0f85 21ff | ffff 488b | 5cd1 408b | 54d1 50c1 | ea1c 49ba 
  0x000001faeb309840: d0e7 1c90 | fa7f 0000 | 498b 14d2 | 5248 8b45 | d848 85c0 | 0f84 1200 | 0000 4883 | 4008 0148 
  0x000001faeb309860: 8358 0800 | 4883 c010 | 4889 45d8 | 488b 45d8 | 4885 c00f | 843d 0100 | 0080 78f0 | 0a0f 8533 
  0x000001faeb309880: 0100 0048 | 83c0 084c | 8b68 f841 | 83ed 0041 | 83fd 020f | 8c12 0100 | 004c 8b6b | 0845 0fb7 
  0x000001faeb3098a0: 6d2e 4c2b | 2841 83ed | 014e 8b6c | ec08 4d85 | ed75 0ef6 | 4008 0175 | 58f0 4883 | 4808 01eb 
  0x000001faeb3098c0: 5045 8b6d | 0849 ba00 | 0000 80fa | 0100 004d | 03ea 4d8b | d54c 3368 | 0849 f7c5 | fcff ffff 
  0x000001faeb3098e0: 742f 41f6 | c502 7529 | 4883 7808 | 0074 1e48 | 8378 0801 | 7417 4d8b | ea4c 3368 | 0849 f7c5 
  0x000001faeb309900: fcff ffff | 740b 4883 | 4808 02eb | 044c 8968 | 0848 83c0 | 104c 8b68 | e841 83ed | 0241 83fd 
  0x000001faeb309920: 020f 8c84 | 0000 004c | 8b6b 0845 | 0fb7 6d2e | 4c2b 2841 | 83ed 014e | 8b6c ec08 | 4d85 ed75 
  0x000001faeb309940: 0ef6 4008 | 0175 58f0 | 4883 4808 | 01eb 5045 | 8b6d 0849 | ba00 0000 | 80fa 0100 | 004d 03ea 
  0x000001faeb309960: 4d8b d54c | 3368 0849 | f7c5 fcff | ffff 742f | 41f6 c502 | 7529 4883 | 7808 0074 | 1e48 8378 
  0x000001faeb309980: 0801 7417 | 4d8b ea4c | 3368 0849 | f7c5 fcff | ffff 740b | 4883 4808 | 02eb 044c | 8968 0848 
  0x000001faeb3099a0: 83c0 104c | 8b68 d841 | 83ed 0441 | c1e5 0349 | 03c5 4889 | 45d8 4c8d | 6c24 084c | 896d f0ff 
  0x000001faeb3099c0: 6368 660f | 1f44 0000 
[/MachCode]

---------------  P R O C E S S  ---------------

Threads class SMR info:
_java_thread_list=0x000001fac5217ae0, length=12, elements={
0x000001fade3d29c0, 0x000001fafb3f8ee0, 0x000001fafb3f9df0, 0x000001fafb3fd1b0,
0x000001fafb4000c0, 0x000001fafb408b20, 0x000001fafb40da80, 0x000001fafb410810,
0x000001fafb4132b0, 0x000001fac51fb4a0, 0x000001fac5243b20, 0x000001fac52465b0
}

Java Threads: ( => current thread )
=>0x000001fade3d29c0 JavaThread "main"                              [_thread_in_vm, id=19980, stack(0x000000e5d4f00000,0x000000e5d5000000) (1024K)]
  0x000001fafb3f8ee0 JavaThread "Reference Handler"          daemon [_thread_blocked, id=15344, stack(0x000000e5d5700000,0x000000e5d5800000) (1024K)]
  0x000001fafb3f9df0 JavaThread "Finalizer"                  daemon [_thread_blocked, id=6296, stack(0x000000e5d5800000,0x000000e5d5900000) (1024K)]
  0x000001fafb3fd1b0 JavaThread "Signal Dispatcher"          daemon [_thread_blocked, id=21492, stack(0x000000e5d5900000,0x000000e5d5a00000) (1024K)]
  0x000001fafb4000c0 JavaThread "Attach Listener"            daemon [_thread_blocked, id=20132, stack(0x000000e5d5a00000,0x000000e5d5b00000) (1024K)]
  0x000001fafb408b20 JavaThread "Service Thread"             daemon [_thread_blocked, id=19476, stack(0x000000e5d5b00000,0x000000e5d5c00000) (1024K)]
  0x000001fafb40da80 JavaThread "Monitor Deflation Thread"   daemon [_thread_blocked, id=15540, stack(0x000000e5d5c00000,0x000000e5d5d00000) (1024K)]
  0x000001fafb410810 JavaThread "C2 CompilerThread0"         daemon [_thread_blocked, id=14916, stack(0x000000e5d5d00000,0x000000e5d5e00000) (1024K)]
  0x000001fafb4132b0 JavaThread "C1 CompilerThread0"         daemon [_thread_blocked, id=12608, stack(0x000000e5d5e00000,0x000000e5d5f00000) (1024K)]
  0x000001fac51fb4a0 JavaThread "C1 CompilerThread1"         daemon [_thread_blocked, id=13064, stack(0x000000e5d5f00000,0x000000e5d6000000) (1024K)]
  0x000001fac5243b20 JavaThread "Notification Thread"        daemon [_thread_blocked, id=20060, stack(0x000000e5d6000000,0x000000e5d6100000) (1024K)]
  0x000001fac52465b0 JavaThread "Common-Cleaner"             daemon [_thread_blocked, id=7080, stack(0x000000e5d6100000,0x000000e5d6200000) (1024K)]
Total: 12

Other Threads:
  0x000001fafb3dfcf0 VMThread "VM Thread"                           [id=13428, stack(0x000000e5d5600000,0x000000e5d5700000) (1024K)]
  0x000001fafb3cf9e0 WatcherThread "VM Periodic Task Thread"        [id=8600, stack(0x000000e5d5500000,0x000000e5d5600000) (1024K)]
  0x000001fade76d4c0 WorkerThread "GC Thread#0"                     [id=21064, stack(0x000000e5d5000000,0x000000e5d5100000) (1024K)]
  0x000001fade77c410 ConcurrentGCThread "G1 Main Marker"            [id=10920, stack(0x000000e5d5100000,0x000000e5d5200000) (1024K)]
  0x000001fade77e6c0 WorkerThread "G1 Conc#0"                       [id=10244, stack(0x000000e5d5200000,0x000000e5d5300000) (1024K)]
  0x000001fafb2a3200 ConcurrentGCThread "G1 Refine#0"               [id=21136, stack(0x000000e5d5300000,0x000000e5d5400000) (1024K)]
  0x000001fafb2a3c80 ConcurrentGCThread "G1 Service"                [id=18804, stack(0x000000e5d5400000,0x000000e5d5500000) (1024K)]
Total: 7

Threads with active compile tasks:
Total: 0

VM state: not at safepoint (normal execution)

VM Mutex/Monitor currently owned by a thread:  ([mutex/lock_event])
[0x00007ffa901bc830] Metaspace_lock - owner thread: 0x000001fade3d29c0

Heap address: 0x0000000722400000, size: 3548 MB, Compressed Oops mode: Zero based, Oop shift amount: 3

CDS archive(s) mapped at: [0x000001fa80000000-0x000001fa80d00000-0x000001fa80d00000), size 13631488, SharedBaseAddress: 0x000001fa80000000, ArchiveRelocationMode: 1.
Compressed class space mapped at: 0x000001fa81000000-0x000001fac1000000, reserved size: 1073741824
Narrow klass base: 0x000001fa80000000, Narrow klass shift: 0, Narrow klass range: 0x100000000

GC Precious Log:
 CardTable entry size: 512
 Card Set container configuration: InlinePtr #cards 4 size 8 Array Of Cards #cards 16 size 48 Howl #buckets 8 coarsen threshold 3686 Howl Bitmap #cards 512 size 80 coarsen threshold 460 Card regions per heap region 1 cards per card region 4096
 CPUs: 16 total, 16 available
 Memory: 14188M
 Large Page Support: Disabled
 NUMA Support: Disabled
 Compressed Oops: Enabled (Zero based)
 Heap Region Size: 2M
 Heap Min Capacity: 8M
 Heap Initial Capacity: 222M
 Heap Max Capacity: 3548M
 Pre-touch: Disabled
 Parallel Workers: 13
 Concurrent Workers: 3
 Concurrent Refinement Workers: 13
 Periodic GC: Disabled

Heap:
 garbage-first heap   total 227328K, used 4096K [0x0000000722400000, 0x0000000800000000)
  region size 2048K, 3 young (6144K), 0 survivors (0K)
 Metaspace       used 2349K, committed 2496K, reserved 1114112K
  class space    used 241K, committed 320K, reserved 1048576K

Heap Regions: E=young(eden), S=young(survivor), O=old, HS=humongous(starts), HC=humongous(continues), CS=collection set, F=free, TAMS=top-at-mark-start, PB=parsable bottom
|   0|0x0000000722400000, 0x0000000722400000, 0x0000000722600000|  0%| F|  |TAMS 0x0000000722400000| PB 0x0000000722400000| Untracked 
|   1|0x0000000722600000, 0x0000000722600000, 0x0000000722800000|  0%| F|  |TAMS 0x0000000722600000| PB 0x0000000722600000| Untracked 
|   2|0x0000000722800000, 0x0000000722800000, 0x0000000722a00000|  0%| F|  |TAMS 0x0000000722800000| PB 0x0000000722800000| Untracked 
|   3|0x0000000722a00000, 0x0000000722a00000, 0x0000000722c00000|  0%| F|  |TAMS 0x0000000722a00000| PB 0x0000000722a00000| Untracked 
|   4|0x0000000722c00000, 0x0000000722c00000, 0x0000000722e00000|  0%| F|  |TAMS 0x0000000722c00000| PB 0x0000000722c00000| Untracked 
|   5|0x0000000722e00000, 0x0000000722e00000, 0x0000000723000000|  0%| F|  |TAMS 0x0000000722e00000| PB 0x0000000722e00000| Untracked 
|   6|0x0000000723000000, 0x0000000723000000, 0x0000000723200000|  0%| F|  |TAMS 0x0000000723000000| PB 0x0000000723000000| Untracked 
|   7|0x0000000723200000, 0x0000000723200000, 0x0000000723400000|  0%| F|  |TAMS 0x0000000723200000| PB 0x0000000723200000| Untracked 
|   8|0x0000000723400000, 0x0000000723400000, 0x0000000723600000|  0%| F|  |TAMS 0x0000000723400000| PB 0x0000000723400000| Untracked 
|   9|0x0000000723600000, 0x0000000723600000, 0x0000000723800000|  0%| F|  |TAMS 0x0000000723600000| PB 0x0000000723600000| Untracked 
|  10|0x0000000723800000, 0x0000000723800000, 0x0000000723a00000|  0%| F|  |TAMS 0x0000000723800000| PB 0x0000000723800000| Untracked 
|  11|0x0000000723a00000, 0x0000000723a00000, 0x0000000723c00000|  0%| F|  |TAMS 0x0000000723a00000| PB 0x0000000723a00000| Untracked 
|  12|0x0000000723c00000, 0x0000000723c00000, 0x0000000723e00000|  0%| F|  |TAMS 0x0000000723c00000| PB 0x0000000723c00000| Untracked 
|  13|0x0000000723e00000, 0x0000000723e00000, 0x0000000724000000|  0%| F|  |TAMS 0x0000000723e00000| PB 0x0000000723e00000| Untracked 
|  14|0x0000000724000000, 0x0000000724000000, 0x0000000724200000|  0%| F|  |TAMS 0x0000000724000000| PB 0x0000000724000000| Untracked 
|  15|0x0000000724200000, 0x0000000724200000, 0x0000000724400000|  0%| F|  |TAMS 0x0000000724200000| PB 0x0000000724200000| Untracked 
|  16|0x0000000724400000, 0x0000000724400000, 0x0000000724600000|  0%| F|  |TAMS 0x0000000724400000| PB 0x0000000724400000| Untracked 
|  17|0x0000000724600000, 0x0000000724600000, 0x0000000724800000|  0%| F|  |TAMS 0x0000000724600000| PB 0x0000000724600000| Untracked 
|  18|0x0000000724800000, 0x0000000724800000, 0x0000000724a00000|  0%| F|  |TAMS 0x0000000724800000| PB 0x0000000724800000| Untracked 
|  19|0x0000000724a00000, 0x0000000724a00000, 0x0000000724c00000|  0%| F|  |TAMS 0x0000000724a00000| PB 0x0000000724a00000| Untracked 
|  20|0x0000000724c00000, 0x0000000724c00000, 0x0000000724e00000|  0%| F|  |TAMS 0x0000000724c00000| PB 0x0000000724c00000| Untracked 
|  21|0x0000000724e00000, 0x0000000724e00000, 0x0000000725000000|  0%| F|  |TAMS 0x0000000724e00000| PB 0x0000000724e00000| Untracked 
|  22|0x0000000725000000, 0x0000000725000000, 0x0000000725200000|  0%| F|  |TAMS 0x0000000725000000| PB 0x0000000725000000| Untracked 
|  23|0x0000000725200000, 0x0000000725200000, 0x0000000725400000|  0%| F|  |TAMS 0x0000000725200000| PB 0x0000000725200000| Untracked 
|  24|0x0000000725400000, 0x0000000725400000, 0x0000000725600000|  0%| F|  |TAMS 0x0000000725400000| PB 0x0000000725400000| Untracked 
|  25|0x0000000725600000, 0x0000000725600000, 0x0000000725800000|  0%| F|  |TAMS 0x0000000725600000| PB 0x0000000725600000| Untracked 
|  26|0x0000000725800000, 0x0000000725800000, 0x0000000725a00000|  0%| F|  |TAMS 0x0000000725800000| PB 0x0000000725800000| Untracked 
|  27|0x0000000725a00000, 0x0000000725a00000, 0x0000000725c00000|  0%| F|  |TAMS 0x0000000725a00000| PB 0x0000000725a00000| Untracked 
|  28|0x0000000725c00000, 0x0000000725c00000, 0x0000000725e00000|  0%| F|  |TAMS 0x0000000725c00000| PB 0x0000000725c00000| Untracked 
|  29|0x0000000725e00000, 0x0000000725e00000, 0x0000000726000000|  0%| F|  |TAMS 0x0000000725e00000| PB 0x0000000725e00000| Untracked 
|  30|0x0000000726000000, 0x0000000726000000, 0x0000000726200000|  0%| F|  |TAMS 0x0000000726000000| PB 0x0000000726000000| Untracked 
|  31|0x0000000726200000, 0x0000000726200000, 0x0000000726400000|  0%| F|  |TAMS 0x0000000726200000| PB 0x0000000726200000| Untracked 
|  32|0x0000000726400000, 0x0000000726400000, 0x0000000726600000|  0%| F|  |TAMS 0x0000000726400000| PB 0x0000000726400000| Untracked 
|  33|0x0000000726600000, 0x0000000726600000, 0x0000000726800000|  0%| F|  |TAMS 0x0000000726600000| PB 0x0000000726600000| Untracked 
|  34|0x0000000726800000, 0x0000000726800000, 0x0000000726a00000|  0%| F|  |TAMS 0x0000000726800000| PB 0x0000000726800000| Untracked 
|  35|0x0000000726a00000, 0x0000000726a00000, 0x0000000726c00000|  0%| F|  |TAMS 0x0000000726a00000| PB 0x0000000726a00000| Untracked 
|  36|0x0000000726c00000, 0x0000000726c00000, 0x0000000726e00000|  0%| F|  |TAMS 0x0000000726c00000| PB 0x0000000726c00000| Untracked 
|  37|0x0000000726e00000, 0x0000000726e00000, 0x0000000727000000|  0%| F|  |TAMS 0x0000000726e00000| PB 0x0000000726e00000| Untracked 
|  38|0x0000000727000000, 0x0000000727000000, 0x0000000727200000|  0%| F|  |TAMS 0x0000000727000000| PB 0x0000000727000000| Untracked 
|  39|0x0000000727200000, 0x0000000727200000, 0x0000000727400000|  0%| F|  |TAMS 0x0000000727200000| PB 0x0000000727200000| Untracked 
|  40|0x0000000727400000, 0x0000000727400000, 0x0000000727600000|  0%| F|  |TAMS 0x0000000727400000| PB 0x0000000727400000| Untracked 
|  41|0x0000000727600000, 0x0000000727600000, 0x0000000727800000|  0%| F|  |TAMS 0x0000000727600000| PB 0x0000000727600000| Untracked 
|  42|0x0000000727800000, 0x0000000727800000, 0x0000000727a00000|  0%| F|  |TAMS 0x0000000727800000| PB 0x0000000727800000| Untracked 
|  43|0x0000000727a00000, 0x0000000727a00000, 0x0000000727c00000|  0%| F|  |TAMS 0x0000000727a00000| PB 0x0000000727a00000| Untracked 
|  44|0x0000000727c00000, 0x0000000727c00000, 0x0000000727e00000|  0%| F|  |TAMS 0x0000000727c00000| PB 0x0000000727c00000| Untracked 
|  45|0x0000000727e00000, 0x0000000727e00000, 0x0000000728000000|  0%| F|  |TAMS 0x0000000727e00000| PB 0x0000000727e00000| Untracked 
|  46|0x0000000728000000, 0x0000000728000000, 0x0000000728200000|  0%| F|  |TAMS 0x0000000728000000| PB 0x0000000728000000| Untracked 
|  47|0x0000000728200000, 0x0000000728200000, 0x0000000728400000|  0%| F|  |TAMS 0x0000000728200000| PB 0x0000000728200000| Untracked 
|  48|0x0000000728400000, 0x0000000728400000, 0x0000000728600000|  0%| F|  |TAMS 0x0000000728400000| PB 0x0000000728400000| Untracked 
|  49|0x0000000728600000, 0x0000000728600000, 0x0000000728800000|  0%| F|  |TAMS 0x0000000728600000| PB 0x0000000728600000| Untracked 
|  50|0x0000000728800000, 0x0000000728800000, 0x0000000728a00000|  0%| F|  |TAMS 0x0000000728800000| PB 0x0000000728800000| Untracked 
|  51|0x0000000728a00000, 0x0000000728a00000, 0x0000000728c00000|  0%| F|  |TAMS 0x0000000728a00000| PB 0x0000000728a00000| Untracked 
|  52|0x0000000728c00000, 0x0000000728c00000, 0x0000000728e00000|  0%| F|  |TAMS 0x0000000728c00000| PB 0x0000000728c00000| Untracked 
|  53|0x0000000728e00000, 0x0000000728e00000, 0x0000000729000000|  0%| F|  |TAMS 0x0000000728e00000| PB 0x0000000728e00000| Untracked 
|  54|0x0000000729000000, 0x0000000729000000, 0x0000000729200000|  0%| F|  |TAMS 0x0000000729000000| PB 0x0000000729000000| Untracked 
|  55|0x0000000729200000, 0x0000000729200000, 0x0000000729400000|  0%| F|  |TAMS 0x0000000729200000| PB 0x0000000729200000| Untracked 
|  56|0x0000000729400000, 0x0000000729400000, 0x0000000729600000|  0%| F|  |TAMS 0x0000000729400000| PB 0x0000000729400000| Untracked 
|  57|0x0000000729600000, 0x0000000729600000, 0x0000000729800000|  0%| F|  |TAMS 0x0000000729600000| PB 0x0000000729600000| Untracked 
|  58|0x0000000729800000, 0x0000000729800000, 0x0000000729a00000|  0%| F|  |TAMS 0x0000000729800000| PB 0x0000000729800000| Untracked 
|  59|0x0000000729a00000, 0x0000000729a00000, 0x0000000729c00000|  0%| F|  |TAMS 0x0000000729a00000| PB 0x0000000729a00000| Untracked 
|  60|0x0000000729c00000, 0x0000000729c00000, 0x0000000729e00000|  0%| F|  |TAMS 0x0000000729c00000| PB 0x0000000729c00000| Untracked 
|  61|0x0000000729e00000, 0x0000000729e00000, 0x000000072a000000|  0%| F|  |TAMS 0x0000000729e00000| PB 0x0000000729e00000| Untracked 
|  62|0x000000072a000000, 0x000000072a000000, 0x000000072a200000|  0%| F|  |TAMS 0x000000072a000000| PB 0x000000072a000000| Untracked 
|  63|0x000000072a200000, 0x000000072a200000, 0x000000072a400000|  0%| F|  |TAMS 0x000000072a200000| PB 0x000000072a200000| Untracked 
|  64|0x000000072a400000, 0x000000072a400000, 0x000000072a600000|  0%| F|  |TAMS 0x000000072a400000| PB 0x000000072a400000| Untracked 
|  65|0x000000072a600000, 0x000000072a600000, 0x000000072a800000|  0%| F|  |TAMS 0x000000072a600000| PB 0x000000072a600000| Untracked 
|  66|0x000000072a800000, 0x000000072a800000, 0x000000072aa00000|  0%| F|  |TAMS 0x000000072a800000| PB 0x000000072a800000| Untracked 
|  67|0x000000072aa00000, 0x000000072aa00000, 0x000000072ac00000|  0%| F|  |TAMS 0x000000072aa00000| PB 0x000000072aa00000| Untracked 
|  68|0x000000072ac00000, 0x000000072ac00000, 0x000000072ae00000|  0%| F|  |TAMS 0x000000072ac00000| PB 0x000000072ac00000| Untracked 
|  69|0x000000072ae00000, 0x000000072ae00000, 0x000000072b000000|  0%| F|  |TAMS 0x000000072ae00000| PB 0x000000072ae00000| Untracked 
|  70|0x000000072b000000, 0x000000072b000000, 0x000000072b200000|  0%| F|  |TAMS 0x000000072b000000| PB 0x000000072b000000| Untracked 
|  71|0x000000072b200000, 0x000000072b200000, 0x000000072b400000|  0%| F|  |TAMS 0x000000072b200000| PB 0x000000072b200000| Untracked 
|  72|0x000000072b400000, 0x000000072b400000, 0x000000072b600000|  0%| F|  |TAMS 0x000000072b400000| PB 0x000000072b400000| Untracked 
|  73|0x000000072b600000, 0x000000072b600000, 0x000000072b800000|  0%| F|  |TAMS 0x000000072b600000| PB 0x000000072b600000| Untracked 
|  74|0x000000072b800000, 0x000000072b800000, 0x000000072ba00000|  0%| F|  |TAMS 0x000000072b800000| PB 0x000000072b800000| Untracked 
|  75|0x000000072ba00000, 0x000000072ba00000, 0x000000072bc00000|  0%| F|  |TAMS 0x000000072ba00000| PB 0x000000072ba00000| Untracked 
|  76|0x000000072bc00000, 0x000000072bc00000, 0x000000072be00000|  0%| F|  |TAMS 0x000000072bc00000| PB 0x000000072bc00000| Untracked 
|  77|0x000000072be00000, 0x000000072be00000, 0x000000072c000000|  0%| F|  |TAMS 0x000000072be00000| PB 0x000000072be00000| Untracked 
|  78|0x000000072c000000, 0x000000072c000000, 0x000000072c200000|  0%| F|  |TAMS 0x000000072c000000| PB 0x000000072c000000| Untracked 
|  79|0x000000072c200000, 0x000000072c200000, 0x000000072c400000|  0%| F|  |TAMS 0x000000072c200000| PB 0x000000072c200000| Untracked 
|  80|0x000000072c400000, 0x000000072c400000, 0x000000072c600000|  0%| F|  |TAMS 0x000000072c400000| PB 0x000000072c400000| Untracked 
|  81|0x000000072c600000, 0x000000072c600000, 0x000000072c800000|  0%| F|  |TAMS 0x000000072c600000| PB 0x000000072c600000| Untracked 
|  82|0x000000072c800000, 0x000000072c800000, 0x000000072ca00000|  0%| F|  |TAMS 0x000000072c800000| PB 0x000000072c800000| Untracked 
|  83|0x000000072ca00000, 0x000000072ca00000, 0x000000072cc00000|  0%| F|  |TAMS 0x000000072ca00000| PB 0x000000072ca00000| Untracked 
|  84|0x000000072cc00000, 0x000000072cc00000, 0x000000072ce00000|  0%| F|  |TAMS 0x000000072cc00000| PB 0x000000072cc00000| Untracked 
|  85|0x000000072ce00000, 0x000000072ce00000, 0x000000072d000000|  0%| F|  |TAMS 0x000000072ce00000| PB 0x000000072ce00000| Untracked 
|  86|0x000000072d000000, 0x000000072d000000, 0x000000072d200000|  0%| F|  |TAMS 0x000000072d000000| PB 0x000000072d000000| Untracked 
|  87|0x000000072d200000, 0x000000072d200000, 0x000000072d400000|  0%| F|  |TAMS 0x000000072d200000| PB 0x000000072d200000| Untracked 
|  88|0x000000072d400000, 0x000000072d400000, 0x000000072d600000|  0%| F|  |TAMS 0x000000072d400000| PB 0x000000072d400000| Untracked 
|  89|0x000000072d600000, 0x000000072d600000, 0x000000072d800000|  0%| F|  |TAMS 0x000000072d600000| PB 0x000000072d600000| Untracked 
|  90|0x000000072d800000, 0x000000072d800000, 0x000000072da00000|  0%| F|  |TAMS 0x000000072d800000| PB 0x000000072d800000| Untracked 
|  91|0x000000072da00000, 0x000000072da00000, 0x000000072dc00000|  0%| F|  |TAMS 0x000000072da00000| PB 0x000000072da00000| Untracked 
|  92|0x000000072dc00000, 0x000000072dc00000, 0x000000072de00000|  0%| F|  |TAMS 0x000000072dc00000| PB 0x000000072dc00000| Untracked 
|  93|0x000000072de00000, 0x000000072de00000, 0x000000072e000000|  0%| F|  |TAMS 0x000000072de00000| PB 0x000000072de00000| Untracked 
|  94|0x000000072e000000, 0x000000072e000000, 0x000000072e200000|  0%| F|  |TAMS 0x000000072e000000| PB 0x000000072e000000| Untracked 
|  95|0x000000072e200000, 0x000000072e200000, 0x000000072e400000|  0%| F|  |TAMS 0x000000072e200000| PB 0x000000072e200000| Untracked 
|  96|0x000000072e400000, 0x000000072e400000, 0x000000072e600000|  0%| F|  |TAMS 0x000000072e400000| PB 0x000000072e400000| Untracked 
|  97|0x000000072e600000, 0x000000072e600000, 0x000000072e800000|  0%| F|  |TAMS 0x000000072e600000| PB 0x000000072e600000| Untracked 
|  98|0x000000072e800000, 0x000000072e800000, 0x000000072ea00000|  0%| F|  |TAMS 0x000000072e800000| PB 0x000000072e800000| Untracked 
|  99|0x000000072ea00000, 0x000000072ea00000, 0x000000072ec00000|  0%| F|  |TAMS 0x000000072ea00000| PB 0x000000072ea00000| Untracked 
| 100|0x000000072ec00000, 0x000000072ec00000, 0x000000072ee00000|  0%| F|  |TAMS 0x000000072ec00000| PB 0x000000072ec00000| Untracked 
| 101|0x000000072ee00000, 0x000000072ee00000, 0x000000072f000000|  0%| F|  |TAMS 0x000000072ee00000| PB 0x000000072ee00000| Untracked 
| 102|0x000000072f000000, 0x000000072f000000, 0x000000072f200000|  0%| F|  |TAMS 0x000000072f000000| PB 0x000000072f000000| Untracked 
| 103|0x000000072f200000, 0x000000072f200000, 0x000000072f400000|  0%| F|  |TAMS 0x000000072f200000| PB 0x000000072f200000| Untracked 
| 104|0x000000072f400000, 0x000000072f400000, 0x000000072f600000|  0%| F|  |TAMS 0x000000072f400000| PB 0x000000072f400000| Untracked 
| 105|0x000000072f600000, 0x000000072f600000, 0x000000072f800000|  0%| F|  |TAMS 0x000000072f600000| PB 0x000000072f600000| Untracked 
| 106|0x000000072f800000, 0x000000072f800000, 0x000000072fa00000|  0%| F|  |TAMS 0x000000072f800000| PB 0x000000072f800000| Untracked 
| 107|0x000000072fa00000, 0x000000072fa00000, 0x000000072fc00000|  0%| F|  |TAMS 0x000000072fa00000| PB 0x000000072fa00000| Untracked 
| 108|0x000000072fc00000, 0x000000072fd52368, 0x000000072fe00000| 66%| E|  |TAMS 0x000000072fc00000| PB 0x000000072fc00000| Complete 
| 109|0x000000072fe00000, 0x0000000730000000, 0x0000000730000000|100%| E|CS|TAMS 0x000000072fe00000| PB 0x000000072fe00000| Complete 
| 110|0x0000000730000000, 0x0000000730200000, 0x0000000730200000|100%| E|CS|TAMS 0x0000000730000000| PB 0x0000000730000000| Complete 

Card table byte_map: [0x000001faf4550000,0x000001faf4c40000] _byte_map_base: 0x000001faf0c3e000

Marking Bits: (CMBitMap*) 0x000001fade76dbc0
 Bits: [0x000001faf4c40000, 0x000001faf83b0000)

Polling page: 0x000001fade7d0000

Metaspace:

Usage:
  Non-class:      2.06 MB used.
      Class:    241.55 KB used.
       Both:      2.29 MB used.

Virtual space:
  Non-class space:       64.00 MB reserved,       2.12 MB (  3%) committed,  1 nodes.
      Class space:        1.00 GB reserved,     320.00 KB ( <1%) committed,  1 nodes.
             Both:        1.06 GB reserved,       2.44 MB ( <1%) committed. 

Chunk freelists:
   Non-Class:  11.86 MB
       Class:  15.73 MB
        Both:  27.59 MB

MaxMetaspaceSize: unlimited
CompressedClassSpaceSize: 1.00 GB
Initial GC threshold: 21.00 MB
Current GC threshold: 21.00 MB
CDS: on
 - commit_granule_bytes: 65536.
 - commit_granule_words: 8192.
 - virtual_space_node_default_size: 8388608.
 - enlarge_chunks_in_place: 1.
 - use_allocation_guard: 0.


Internal statistics:

num_allocs_failed_limit: 0.
num_arena_births: 10.
num_arena_deaths: 0.
num_vsnodes_births: 2.
num_vsnodes_deaths: 0.
num_space_committed: 39.
num_space_uncommitted: 0.
num_chunks_returned_to_freelist: 0.
num_chunks_taken_from_freelist: 21.
num_chunk_merges: 0.
num_chunk_splits: 15.
num_chunks_enlarged: 11.
num_inconsistent_stats: 0.

CodeHeap 'non-profiled nmethods': size=119168Kb used=100Kb max_used=100Kb free=119067Kb
 bounds [0x000001faeba40000, 0x000001faebcb0000, 0x000001faf2ea0000]
CodeHeap 'profiled nmethods': size=119104Kb used=548Kb max_used=548Kb free=118555Kb
 bounds [0x000001fae3ea0000, 0x000001fae4110000, 0x000001faeb2f0000]
CodeHeap 'non-nmethods': size=7488Kb used=1901Kb max_used=1917Kb free=5586Kb
 bounds [0x000001faeb2f0000, 0x000001faeb560000, 0x000001faeba40000]
 total_blobs=815 nmethods=368 adapters=351
 compilation: enabled
              stopped_count=0, restarted_count=0
 full_count=0

Compilation events (20 events):
Event: 0.291 Thread 0x000001fac51fb4a0 nmethod 358 0x000001fae3f26590 code [0x000001fae3f26720, 0x000001fae3f26838]
Event: 0.291 Thread 0x000001fafb4132b0 nmethod 359 0x000001fae3f26910 code [0x000001fae3f26ac0, 0x000001fae3f26cd8]
Event: 0.291 Thread 0x000001fac51fb4a0  360       3       java.lang.Integer::equals (29 bytes)
Event: 0.291 Thread 0x000001fafb410810  361       4       java.util.Objects::requireNonNull (14 bytes)
Event: 0.291 Thread 0x000001fac51fb4a0 nmethod 360 0x000001fae3f26d90 code [0x000001fae3f26f40, 0x000001fae3f27308]
Event: 0.292 Thread 0x000001fafb410810 nmethod 361 0x000001faeba58b90 code [0x000001faeba58d20, 0x000001faeba58da8]
Event: 0.292 Thread 0x000001fafb4132b0  362       3       java.lang.Character::toLowerCase (9 bytes)
Event: 0.292 Thread 0x000001fac51fb4a0  363       1       java.util.LinkedHashMap::removeEldestEntry (2 bytes)
Event: 0.292 Thread 0x000001fac51fb4a0 nmethod 363 0x000001faeba58e90 code [0x000001faeba59020, 0x000001faeba590e8]
Event: 0.292 Thread 0x000001fafb4132b0 nmethod 362 0x000001fae3f27410 code [0x000001fae3f275c0, 0x000001fae3f277b8]
Event: 0.292 Thread 0x000001fafb4132b0  364       3       java.lang.Character::toLowerCase (6 bytes)
Event: 0.292 Thread 0x000001fac51fb4a0  365       3       java.lang.StringLatin1::getChar (9 bytes)
Event: 0.292 Thread 0x000001fafb4132b0 nmethod 364 0x000001fae3f27890 code [0x000001fae3f27a60, 0x000001fae3f27cb8]
Event: 0.292 Thread 0x000001fac51fb4a0 nmethod 365 0x000001fae3f27d90 code [0x000001fae3f27f20, 0x000001fae3f28040]
Event: 0.292 Thread 0x000001fac51fb4a0  366       3       java.util.regex.ASCII::toLower (16 bytes)
Event: 0.292 Thread 0x000001fafb4132b0  367       3       java.util.regex.ASCII::isUpper (18 bytes)
Event: 0.292 Thread 0x000001fafb4132b0 nmethod 367 0x000001fae3f28110 code [0x000001fae3f282a0, 0x000001fae3f283f0]
Event: 0.292 Thread 0x000001fac51fb4a0 nmethod 366 0x000001fae3f28490 code [0x000001fae3f28640, 0x000001fae3f28830]
Event: 0.292 Thread 0x000001fafb4132b0  368       3       java.util.regex.Pattern$SliceI::match (96 bytes)
Event: 0.293 Thread 0x000001fafb4132b0 nmethod 368 0x000001fae3f28910 code [0x000001fae3f28b20, 0x000001fae3f29148]

GC Heap History (0 events):
No events

Dll operation events (2 events):
Event: 0.023 Loaded shared library C:\Program Files\JetBrains\IntelliJ IDEA Community Edition 2024.3\jbr\bin\java.dll
Event: 0.142 Loaded shared library C:\Program Files\JetBrains\IntelliJ IDEA Community Edition 2024.3\jbr\bin\zip.dll

Deoptimization events (4 events):
Event: 0.263 Thread 0x000001fade3d29c0 Uncommon trap: trap_request=0xffffff45 fr.pc=0x000001faeba54794 relative=0x0000000000000074
Event: 0.263 Thread 0x000001fade3d29c0 Uncommon trap: reason=unstable_if action=reinterpret pc=0x000001faeba54794 method=java.lang.CharacterDataLatin1.toLowerCase(I)I @ 16 c2
Event: 0.263 Thread 0x000001fade3d29c0 DEOPT PACKING pc=0x000001faeba54794 sp=0x000000e5d4ffaf40
Event: 0.263 Thread 0x000001fade3d29c0 DEOPT UNPACKING pc=0x000001faeb3446a2 sp=0x000000e5d4ffaed0 mode 2

Classes loaded (20 events):
Event: 0.286 Loading class sun/security/ssl/NamedGroup$NamedGroupScheme done
Event: 0.286 Loading class sun/security/ssl/NamedGroup$NamedGroupSpec done
Event: 0.286 Loading class sun/security/ssl/NamedGroup$ECDHEScheme
Event: 0.286 Loading class sun/security/ssl/NamedGroup$ECDHEScheme done
Event: 0.286 Loading class sun/security/ssl/NamedGroup
Event: 0.286 Loading class sun/security/ssl/NamedGroup done
Event: 0.286 Loading class sun/security/ssl/NamedGroup$FFDHEScheme
Event: 0.286 Loading class sun/security/ssl/NamedGroup$FFDHEScheme done
Event: 0.286 Loading class sun/security/ssl/NamedGroup$XDHScheme
Event: 0.286 Loading class sun/security/ssl/NamedGroup$XDHScheme done
Event: 0.286 Loading class sun/security/ssl/JsseJce
Event: 0.286 Loading class sun/security/ssl/JsseJce done
Event: 0.286 Loading class sun/security/ssl/Utilities
Event: 0.287 Loading class sun/security/ssl/Utilities done
Event: 0.292 Loading class sun/security/ssl/SSLAlgorithmDecomposer$1
Event: 0.292 Loading class sun/security/ssl/SSLAlgorithmDecomposer$1 done
Event: 0.292 Loading class sun/security/ssl/JsseJce$EcAvailability
Event: 0.292 Loading class sun/security/ssl/JsseJce$EcAvailability done
Event: 0.292 Loading class java/security/Signature
Event: 0.293 Loading class java/security/SignatureSpi

Classes unloaded (0 events):
No events

Classes redefined (0 events):
No events

Internal exceptions (1 events):
Event: 0.262 Thread 0x000001fade3d29c0 Exception <a 'sun/nio/fs/WindowsException'{0x000000072fcbe6a0}> (0x000000072fcbe6a0) 
thrown [s\src\hotspot\share\prims\jni.cpp, line 535]

ZGC Phase Switch (0 events):
No events

VM Operations (4 events):
Event: 0.157 Executing VM operation: HandshakeAllThreads (Deoptimize)
Event: 0.157 Executing VM operation: HandshakeAllThreads (Deoptimize) done
Event: 0.166 Executing VM operation: HandshakeAllThreads (Deoptimize)
Event: 0.166 Executing VM operation: HandshakeAllThreads (Deoptimize) done

Memory protections (0 events):
No events

Nmethod flushes (0 events):
No events

Events (17 events):
Event: 0.099 Thread 0x000001fade3d29c0 Thread added: 0x000001fade3d29c0
Event: 0.117 Thread 0x000001fade3d29c0 Thread added: 0x000001fafb3f8ee0
Event: 0.117 Thread 0x000001fade3d29c0 Thread added: 0x000001fafb3f9df0
Event: 0.118 Thread 0x000001fade3d29c0 Thread added: 0x000001fafb3fd1b0
Event: 0.118 Thread 0x000001fade3d29c0 Thread added: 0x000001fafb4000c0
Event: 0.118 Thread 0x000001fade3d29c0 Thread added: 0x000001fafb408b20
Event: 0.118 Thread 0x000001fade3d29c0 Thread added: 0x000001fafb40da80
Event: 0.118 Thread 0x000001fade3d29c0 Thread added: 0x000001fafb410810
Event: 0.118 Thread 0x000001fade3d29c0 Thread added: 0x000001fafb4132b0
Event: 0.134 Thread 0x000001fafb4132b0 Thread added: 0x000001fac51fb4a0
Event: 0.140 Thread 0x000001fade3d29c0 Thread added: 0x000001fac5243b20
Event: 0.143 Thread 0x000001fade3d29c0 Thread added: 0x000001fac52465b0
Event: 0.147 Loaded shared library C:\Program Files\JetBrains\IntelliJ IDEA Community Edition 2024.3\jbr\bin\net.dll
Event: 0.149 Loaded shared library C:\Program Files\JetBrains\IntelliJ IDEA Community Edition 2024.3\jbr\bin\nio.dll
Event: 0.153 Loaded shared library C:\Program Files\JetBrains\IntelliJ IDEA Community Edition 2024.3\jbr\bin\zip.dll
Event: 0.208 Loaded shared library C:\Program Files\JetBrains\IntelliJ IDEA Community Edition 2024.3\jbr\bin\jimage.dll
Event: 0.225 Loaded shared library C:\Program Files\JetBrains\IntelliJ IDEA Community Edition 2024.3\jbr\bin\sunmscapi.dll


Dynamic libraries:
0x00007ff7c6080000 - 0x00007ff7c608a000 	C:\Program Files\JetBrains\IntelliJ IDEA Community Edition 2024.3\jbr\bin\java.exe
0x00007ffb10990000 - 0x00007ffb10ba7000 	C:\Windows\SYSTEM32\ntdll.dll
0x00007ffb0fe40000 - 0x00007ffb0ff04000 	C:\Windows\System32\KERNEL32.DLL
0x00007ffb0dde0000 - 0x00007ffb0e1b0000 	C:\Windows\System32\KERNELBASE.dll
0x00007ffb0db10000 - 0x00007ffb0dc21000 	C:\Windows\System32\ucrtbase.dll
0x00007ffaf3ce0000 - 0x00007ffaf3cf8000 	C:\Program Files\JetBrains\IntelliJ IDEA Community Edition 2024.3\jbr\bin\jli.dll
0x00007ffb0a810000 - 0x00007ffb0a82b000 	C:\Program Files\JetBrains\IntelliJ IDEA Community Edition 2024.3\jbr\bin\VCRUNTIME140.dll
0x00007ffb0fa70000 - 0x00007ffb0fc21000 	C:\Windows\System32\USER32.dll
0x00007ffaf9200000 - 0x00007ffaf949c000 	C:\Windows\WinSxS\amd64_microsoft.windows.common-controls_6595b64144ccf1df_6.0.22621.5840_none_2710ea077384a4fe\COMCTL32.dll
0x00007ffb0e270000 - 0x00007ffb0e296000 	C:\Windows\System32\win32u.dll
0x00007ffb10380000 - 0x00007ffb10427000 	C:\Windows\System32\msvcrt.dll
0x00007ffb0ecd0000 - 0x00007ffb0ecf9000 	C:\Windows\System32\GDI32.dll
0x00007ffb0dc30000 - 0x00007ffb0dd53000 	C:\Windows\System32\gdi32full.dll
0x00007ffb0e3e0000 - 0x00007ffb0e47a000 	C:\Windows\System32\msvcp_win.dll
0x00007ffb0f5b0000 - 0x00007ffb0f5e1000 	C:\Windows\System32\IMM32.DLL
0x00007ffb0a800000 - 0x00007ffb0a80c000 	C:\Program Files\JetBrains\IntelliJ IDEA Community Edition 2024.3\jbr\bin\vcruntime140_1.dll
0x00007ffaee920000 - 0x00007ffaee9ad000 	C:\Program Files\JetBrains\IntelliJ IDEA Community Edition 2024.3\jbr\bin\msvcp140.dll
0x00007ffa8f4f0000 - 0x00007ffa902b1000 	C:\Program Files\JetBrains\IntelliJ IDEA Community Edition 2024.3\jbr\bin\server\jvm.dll
0x00007ffb0ea60000 - 0x00007ffb0eb11000 	C:\Windows\System32\ADVAPI32.dll
0x00007ffb0f5f0000 - 0x00007ffb0f698000 	C:\Windows\System32\sechost.dll
0x00007ffb0e480000 - 0x00007ffb0e4a8000 	C:\Windows\System32\bcrypt.dll
0x00007ffb0eb20000 - 0x00007ffb0ec38000 	C:\Windows\System32\RPCRT4.dll
0x00007ffb10160000 - 0x00007ffb101d1000 	C:\Windows\System32\WS2_32.dll
0x00007ffb0d960000 - 0x00007ffb0d9ad000 	C:\Windows\SYSTEM32\POWRPROF.dll
0x00007ffb07e80000 - 0x00007ffb07eb4000 	C:\Windows\SYSTEM32\WINMM.dll
0x00007ffb038d0000 - 0x00007ffb038da000 	C:\Windows\SYSTEM32\VERSION.dll
0x00007ffb0d940000 - 0x00007ffb0d953000 	C:\Windows\SYSTEM32\UMPDC.dll
0x00007ffb0ca20000 - 0x00007ffb0ca38000 	C:\Windows\SYSTEM32\kernel.appcore.dll
0x00007ffb0a7f0000 - 0x00007ffb0a7fa000 	C:\Program Files\JetBrains\IntelliJ IDEA Community Edition 2024.3\jbr\bin\jimage.dll
0x00007ffb0b360000 - 0x00007ffb0b593000 	C:\Windows\SYSTEM32\DBGHELP.DLL
0x00007ffb0f6b0000 - 0x00007ffb0fa41000 	C:\Windows\System32\combase.dll
0x00007ffb10010000 - 0x00007ffb100e8000 	C:\Windows\System32\OLEAUT32.dll
0x00007ffafee30000 - 0x00007ffafee62000 	C:\Windows\SYSTEM32\dbgcore.DLL
0x00007ffb0dd60000 - 0x00007ffb0dddb000 	C:\Windows\System32\bcryptPrimitives.dll
0x00007ffaec7f0000 - 0x00007ffaec810000 	C:\Program Files\JetBrains\IntelliJ IDEA Community Edition 2024.3\jbr\bin\java.dll
0x00007ffb0ed00000 - 0x00007ffb0f5a1000 	C:\Windows\System32\SHELL32.dll
0x00007ffb0e2a0000 - 0x00007ffb0e3df000 	C:\Windows\System32\wintypes.dll
0x00007ffb0b910000 - 0x00007ffb0c22a000 	C:\Windows\SYSTEM32\windows.storage.dll
0x00007ffb0fc30000 - 0x00007ffb0fd3a000 	C:\Windows\System32\SHCORE.dll
0x00007ffb108b0000 - 0x00007ffb10919000 	C:\Windows\System32\shlwapi.dll
0x00007ffb0d9c0000 - 0x00007ffb0d9e5000 	C:\Windows\SYSTEM32\profapi.dll
0x00007ffaec7d0000 - 0x00007ffaec7e8000 	C:\Program Files\JetBrains\IntelliJ IDEA Community Edition 2024.3\jbr\bin\zip.dll
0x00007ffb0a7e0000 - 0x00007ffb0a7f0000 	C:\Program Files\JetBrains\IntelliJ IDEA Community Edition 2024.3\jbr\bin\net.dll
0x00007ffb09070000 - 0x00007ffb0919c000 	C:\Windows\SYSTEM32\WINHTTP.dll
0x00007ffb0cee0000 - 0x00007ffb0cf49000 	C:\Windows\system32\mswsock.dll
0x00007ffaec7b0000 - 0x00007ffaec7c6000 	C:\Program Files\JetBrains\IntelliJ IDEA Community Edition 2024.3\jbr\bin\nio.dll
0x00007ffaec750000 - 0x00007ffaec75e000 	C:\Program Files\JetBrains\IntelliJ IDEA Community Edition 2024.3\jbr\bin\sunmscapi.dll
0x00007ffb0e4b0000 - 0x00007ffb0e618000 	C:\Windows\System32\CRYPT32.dll
0x00007ffb0d330000 - 0x00007ffb0d35d000 	C:\Windows\SYSTEM32\ncrypt.dll
0x00007ffb0d2f0000 - 0x00007ffb0d327000 	C:\Windows\SYSTEM32\NTASN1.dll

dbghelp: loaded successfully - version: 4.0.5 - missing functions: none
symbol engine: initialized successfully - sym options: 0x614 - pdb path: .;C:\Program Files\JetBrains\IntelliJ IDEA Community Edition 2024.3\jbr\bin;C:\Windows\SYSTEM32;C:\Windows\WinSxS\amd64_microsoft.windows.common-controls_6595b64144ccf1df_6.0.22621.5840_none_2710ea077384a4fe;C:\Program Files\JetBrains\IntelliJ IDEA Community Edition 2024.3\jbr\bin\server

VM Arguments:
java_command: git4idea.http.GitAskPassApp Username for 'https://github.com': 
java_class_path (initial): C:/Program Files/JetBrains/IntelliJ IDEA Community Edition 2024.3/plugins/vcs-git/lib/git4idea-rt.jar;C:/Program Files/JetBrains/IntelliJ IDEA Community Edition 2024.3/lib/externalProcess-rt.jar
Launcher Type: SUN_STANDARD

[Global flags]
     intx CICompilerCount                          = 12                                        {product} {ergonomic}
     uint ConcGCThreads                            = 3                                         {product} {ergonomic}
     uint G1ConcRefinementThreads                  = 13                                        {product} {ergonomic}
   size_t G1HeapRegionSize                         = 2097152                                   {product} {ergonomic}
    uintx GCDrainStackTargetSize                   = 64                                        {product} {ergonomic}
   size_t InitialHeapSize                          = 232783872                                 {product} {ergonomic}
   size_t MarkStackSize                            = 4194304                                   {product} {ergonomic}
   size_t MaxHeapSize                              = 3720347648                                {product} {ergonomic}
   size_t MaxNewSize                               = 2231369728                                {product} {ergonomic}
   size_t MinHeapDeltaBytes                        = 2097152                                   {product} {ergonomic}
   size_t MinHeapSize                              = 8388608                                   {product} {ergonomic}
    uintx NonNMethodCodeHeapSize                   = 7602480                                {pd product} {ergonomic}
    uintx NonProfiledCodeHeapSize                  = 122027880                              {pd product} {ergonomic}
    uintx ProfiledCodeHeapSize                     = 122027880                              {pd product} {ergonomic}
    uintx ReservedCodeCacheSize                    = 251658240                              {pd product} {ergonomic}
     bool SegmentedCodeCache                       = true                                      {product} {ergonomic}
   size_t SoftMaxHeapSize                          = 3720347648                             {manageable} {ergonomic}
     bool UseCompressedOops                        = true                           {product lp64_product} {ergonomic}
     bool UseG1GC                                  = true                                      {product} {ergonomic}
     bool UseLargePagesIndividualAllocation        = false                                  {pd product} {ergonomic}

Logging:
Log output configuration:
 #0: stdout all=warning uptime,level,tags foldmultilines=false
 #1: stderr all=off uptime,level,tags foldmultilines=false

Environment Variables:
JAVA_HOME=C:\Program Files\Java\jdk-17
PATH=C:\Program Files\Git\mingw64\libexec\git-core;C:\Program Files\Git\mingw64\libexec\git-core;C:\Program Files\Git\mingw64\bin;C:\Program Files\Git\usr\bin;C:\Users\Win\bin;C:\Program Files\Common Files\Oracle\Java\javapath;C:\Windows\system32;C:\Windows;C:\Windows\System32\Wbem;C:\Windows\System32\WindowsPowerShell\v1.0;C:\Windows\System32\OpenSSH;C:\Program Files (x86)\Microsoft SQL Server\160\Tools\Binn;C:\Program Files\Microsoft SQL Server\160\Tools\Binn;C:\Program Files\Microsoft SQL Server\Client SDK\ODBC\170\Tools\Binn;C:\Program Files\Microsoft SQL Server\160\DTS\Binn;C:\Program Files (x86)\Microsoft SQL Server\160\DTS\Binn;C:\Program Files\starship\bin;C:\xampp\php;C:\Users\Win\AppData\Local\Packages\PythonSoftwareFoundation.Python.3.12_qbz5n2kfra8p0\LocalCache\local-packages\Python312\Scripts;C:\ProgramData\ComposerSetup\bin;C:\Program Files\Git\cmd;C:\Users\Win\AppData\Local\Packages\PythonSoftwareFoundation.Python.3.12_qbz5n2kfra8p0\LocalCache\local-packages\Python312\site-packages\cmake;C:\spring-3.4.3\bin;C:\Program Files\dotnet;C:\Program Files\OpenSSL-Win64\bin;C:\Program Files (x86)\cloudflared;C:\Users\Win\AppData\Roaming\nvm;C:\Program Files\nodejs;C:\Users\Win\AppData\Local\Android\Sdk\cmdline-tools\latest\bin;C:\Users\Win\AppData\Local\Android\Sdk\platform-tools;C:\Users\Win\AppData\Local\Android\Sdk\emulator;C:\Users\Win\AppData\Local\Android\Sdk\tools\bin;C:\Program Files\Docker\Docker\resources\bin;C:\Program Files\Java\jdk-17\bin;C:\Users\Win\AppData\Local\Pub\Cache\bin;C:\hadoop-3.2.2\bin;C:\Users\Win\AppData\Local\pnpm;C:\Users\Win\AppData\Local\Microsoft\WindowsApps;C:\Users\Win\AppData\Local\Programs\Microsoft VS Code\bin;C:\Program Files\Azure Data Studio\bin;C:\ProgramData\chocolatey\bin;C:\Tools\neovim\nvim-win64\bin;C:\Users\Win\AppData\Roaming\npm;C:\Users\Win\AppData\Roaming\Composer\vendor\bin;C:\Tools\mysql\current\bin;C:\Users\Win\.dotnet\tools;C:\Program Files\Java\jdk-17\bin;C:\Program Files\OpenSSL-Win64\bin;C:\Program Files\Java\jdk-17;C:\Program Files\JetBrains\IntelliJ IDEA Community Edition 2024.3\bin;C:\Users\Win\AppData\Roaming\nvm;C:\Program Files\nodejs;C:\flutter\bin;C:\Users\Win\AppData\Local\Android\Sdk\platform-tools;C:\Users\Win\AppData\Local\Android\Sdk\emulator;C:\Users\Win\AppData\Local\Android\Sdk\cmdline-tools\latest\bin;C:\Users\Win\AppData\Local\Android\Sdk\tools\bin
USERNAME=Win
DISPLAY=:0.0
LC_ALL=en_US.UTF-8
TERM=xterm-256color
TMPDIR=C:\Users\Win\AppData\Local\Temp
OS=Windows_NT
PROCESSOR_IDENTIFIER=AMD64 Family 25 Model 80 Stepping 0, AuthenticAMD
TMP=C:\Users\Win\AppData\Local\Temp
TEMP=C:\Users\Win\AppData\Local\Temp




Periodic native trim disabled

JNI global refs:
JNI global refs: 16, weak refs: 0

JNI global refs memory usage: 835, weak refs: 833

Process memory usage:
Resident Set Size: 47444K (0% of 14528572K total physical memory with 948508K free physical memory)

OOME stack traces (most recent first):
Classloader memory used:
Loader bootstrap                                                                       : 2210K
Loader jdk.internal.loader.ClassLoaders$PlatformClassLoader                            : 123K
Loader jdk.internal.loader.ClassLoaders$AppClassLoader                                 : 16400B

---------------  S Y S T E M  ---------------

OS:
 Windows 11 , 64 bit Build 22621 (10.0.22621.5415)
OS uptime: 0 days 1:18 hours
Hyper-V role detected

CPU: total 16 (initial active 16) (16 cores per cpu, 2 threads per core) family 25 model 80 stepping 0 microcode 0x0, cx8, cmov, fxsr, ht, mmx, 3dnowpref, sse, sse2, sse3, ssse3, sse4a, sse4.1, sse4.2, popcnt, lzcnt, tsc, tscinvbit, avx, avx2, aes, erms, clmul, bmi1, bmi2, adx, sha, fma, vzeroupper, clflush, clflushopt, hv, rdtscp, rdpid, fsrm, f16c, cet_ss
Processor Information for all 16 processors :
  Max Mhz: 1901, Current Mhz: 1901, Mhz Limit: 1901

Memory: 4k page, system-wide physical 14188M (926M free)
TotalPageFile size 24875M (AvailPageFile size 4M)
current process WorkingSet (physical memory assigned to process): 46M, peak: 46M
current process commit charge ("private bytes"): 319M, peak: 320M

vm_info: OpenJDK 64-Bit Server VM (21.0.5+8-b631.16) for windows-amd64 JRE (21.0.5+8-b631.16), built on 2024-11-02 by "builduser" with MS VC++ 16.10 / 16.11 (VS2019)

END.
